Component: Arm Compiler for Embedded 6.22 Tool: armlink [5ee90200]

==============================================================================

Section Cross References

    startup_stm32f103xb.o(RESET) refers to startup_stm32f103xb.o(STACK) for __initial_sp
    startup_stm32f103xb.o(RESET) refers to startup_stm32f103xb.o(.text) for Reset_Handler
    startup_stm32f103xb.o(RESET) refers to stm32f1xx_it.o(.text.NMI_Handler) for NMI_Handler
    startup_stm32f103xb.o(RESET) refers to stm32f1xx_it.o(.text.HardFault_Handler) for HardFault_Handler
    startup_stm32f103xb.o(RESET) refers to stm32f1xx_it.o(.text.MemManage_Handler) for MemManage_Handler
    startup_stm32f103xb.o(RESET) refers to stm32f1xx_it.o(.text.BusFault_Handler) for BusFault_Handler
    startup_stm32f103xb.o(RESET) refers to stm32f1xx_it.o(.text.UsageFault_Handler) for UsageFault_Handler
    startup_stm32f103xb.o(RESET) refers to stm32f1xx_it.o(.text.SVC_Handler) for SVC_Handler
    startup_stm32f103xb.o(RESET) refers to stm32f1xx_it.o(.text.DebugMon_Handler) for DebugMon_Handler
    startup_stm32f103xb.o(RESET) refers to stm32f1xx_it.o(.text.PendSV_Handler) for PendSV_Handler
    startup_stm32f103xb.o(RESET) refers to loop_it.o(.text.SysTick_Handler) for SysTick_Handler
    startup_stm32f103xb.o(RESET) refers to uart_mixed.o(.text.DMA1_Channel4_IRQHandler) for DMA1_Channel4_IRQHandler
    startup_stm32f103xb.o(RESET) refers to uart_mixed.o(.text.DMA1_Channel5_IRQHandler) for DMA1_Channel5_IRQHandler
    startup_stm32f103xb.o(RESET) refers to loop_it.o(.text.USB_LP_CAN1_RX0_IRQHandler) for USB_LP_CAN1_RX0_IRQHandler
    startup_stm32f103xb.o(RESET) refers to loop_it.o(.text.EXTI9_5_IRQHandler) for EXTI9_5_IRQHandler
    startup_stm32f103xb.o(RESET) refers to loop_it.o(.text.TIM3_IRQHandler) for TIM3_IRQHandler
    startup_stm32f103xb.o(RESET) refers to loop_it.o(.text.SPI1_IRQHandler) for SPI1_IRQHandler
    startup_stm32f103xb.o(RESET) refers to uart_mixed.o(.text.USART1_IRQHandler) for USART1_IRQHandler
    startup_stm32f103xb.o(.text) refers to system_stm32f1xx.o(.text.SystemInit) for SystemInit
    startup_stm32f103xb.o(.text) refers to entry.o(.ARM.Collect$$$$00000000) for __main
    main.o(.text.main) refers to stm32f1xx_hal.o(.text.HAL_Init) for HAL_Init
    main.o(.text.main) refers to main.o(.text.SystemClock_Config) for SystemClock_Config
    main.o(.text.main) refers to loop.o(.text.loop) for loop
    main.o(.ARM.exidx.text.main) refers to main.o(.text.main) for [Anonymous Symbol]
    main.o(.text.SystemClock_Config) refers to stm32f1xx_hal_rcc.o(.text.HAL_RCC_OscConfig) for HAL_RCC_OscConfig
    main.o(.text.SystemClock_Config) refers to stm32f1xx_hal_rcc.o(.text.HAL_RCC_ClockConfig) for HAL_RCC_ClockConfig
    main.o(.text.SystemClock_Config) refers to stm32f1xx_hal_rcc_ex.o(.text.HAL_RCCEx_PeriphCLKConfig) for HAL_RCCEx_PeriphCLKConfig
    main.o(.ARM.exidx.text.SystemClock_Config) refers to main.o(.text.SystemClock_Config) for [Anonymous Symbol]
    main.o(.ARM.exidx.text.Error_Handler) refers to main.o(.text.Error_Handler) for [Anonymous Symbol]
    adc.o(.text.REIN_ADC_Init) refers to stm32f1xx_hal_gpio.o(.text.HAL_GPIO_Init) for HAL_GPIO_Init
    adc.o(.text.REIN_ADC_Init) refers to adc.o(.bss.hdma_adc1) for hdma_adc1
    adc.o(.text.REIN_ADC_Init) refers to stm32f1xx_hal_dma.o(.text.HAL_DMA_Init) for HAL_DMA_Init
    adc.o(.text.REIN_ADC_Init) refers to main.o(.text.Error_Handler) for Error_Handler
    adc.o(.text.REIN_ADC_Init) refers to adc.o(.bss.hadc1) for hadc1
    adc.o(.text.REIN_ADC_Init) refers to stm32f1xx_hal_adc.o(.text.HAL_ADC_Init) for HAL_ADC_Init
    adc.o(.text.REIN_ADC_Init) refers to stm32f1xx_hal_adc.o(.text.HAL_ADC_ConfigChannel) for HAL_ADC_ConfigChannel
    adc.o(.text.REIN_ADC_Init) refers to stm32f1xx_hal_adc_ex.o(.text.HAL_ADCEx_Calibration_Start) for HAL_ADCEx_Calibration_Start
    adc.o(.text.REIN_ADC_Init) refers to adc.o(.bss.whole_adc_data) for whole_adc_data
    adc.o(.text.REIN_ADC_Init) refers to stm32f1xx_hal_adc.o(.text.HAL_ADC_Start_DMA) for HAL_ADC_Start_DMA
    adc.o(.ARM.exidx.text.REIN_ADC_Init) refers to adc.o(.text.REIN_ADC_Init) for [Anonymous Symbol]
    dma.o(.ARM.exidx.text.REIN_DMA_Init) refers to dma.o(.text.REIN_DMA_Init) for [Anonymous Symbol]
    gpio.o(.text.REIN_GPIO_Button_Init) refers to stm32f1xx_hal_gpio.o(.text.HAL_GPIO_Init) for HAL_GPIO_Init
    gpio.o(.ARM.exidx.text.REIN_GPIO_Button_Init) refers to gpio.o(.text.REIN_GPIO_Button_Init) for [Anonymous Symbol]
    gpio.o(.text.REIN_GPIO_HwElec_Init) refers to stm32f1xx_hal_gpio.o(.text.HAL_GPIO_Init) for HAL_GPIO_Init
    gpio.o(.ARM.exidx.text.REIN_GPIO_HwElec_Init) refers to gpio.o(.text.REIN_GPIO_HwElec_Init) for [Anonymous Symbol]
    gpio.o(.ARM.exidx.text.REIN_GPIO_MT6816_ABZ_Init) refers to gpio.o(.text.REIN_GPIO_MT6816_ABZ_Init) for [Anonymous Symbol]
    gpio.o(.text.REIN_GPIO_MT6816_SPI_Init) refers to stm32f1xx_hal_gpio.o(.text.HAL_GPIO_Init) for HAL_GPIO_Init
[...]
    [Anonymous Symbol]                       0x08000ad8   Section        0  motor_control.o(.text.Control_DCE_To_Electric)
    [Anonymous Symbol]                       0x08000c04   Section        0  motor_control.o(.text.Control_PID_Init)
    [Anonymous Symbol]                       0x08000c3c   Section        0  motor_control.o(.text.Control_PID_To_Electric)
    [Anonymous Symbol]                       0x08000d40   Section        0  current_tracker.o(.text.Current_Tracker_Capture_Goal)
    [Anonymous Symbol]                       0x08000e28   Section        0  current_tracker.o(.text.Current_Tracker_Init)
    [Anonymous Symbol]                       0x08000e56   Section        0  current_tracker.o(.text.Current_Tracker_NewTask)
    [Anonymous Symbol]                       0x08000e68   Section        0  encode_cali.o(.text.CycleDataAverage)
    [Anonymous Symbol]                       0x08000ec2   Section        0  uart_mixed.o(.text.DMA1_Channel4_IRQHandler)
    [Anonymous Symbol]                       0x08000ece   Section        0  uart_mixed.o(.text.DMA1_Channel5_IRQHandler)
    [Anonymous Symbol]                       0x08000eda   Section        0  stm32f1xx_it.o(.text.DebugMon_Handler)
    [Anonymous Symbol]                       0x08000edc   Section        0  loop_it.o(.text.EXTI9_5_IRQHandler)
    [Anonymous Symbol]                       0x08000ede   Section        0  main.o(.text.Error_Handler)
    FLASH_SetErrorCode                       0x08000ee1   Thumb Code    80  stm32f1xx_hal_flash.o(.text.FLASH_SetErrorCode)
    [Anonymous Symbol]                       0x08000ee0   Section        0  stm32f1xx_hal_flash.o(.text.FLASH_SetErrorCode)
    [Anonymous Symbol]                       0x08000f30   Section        0  stm32f1xx_hal_flash.o(.text.FLASH_WaitForLastOperation)
    [Anonymous Symbol]                       0x08000f96   Section        0  gpio.o(.text.GPIO_Status_Led_Init)
    [Anonymous Symbol]                       0x08000fe0   Section        0  stm32f1xx_hal_can.o(.text.HAL_CAN_AddTxMessage)
    [Anonymous Symbol]                       0x08001086   Section        0  stm32f1xx_hal_can.o(.text.HAL_CAN_ErrorCallback)
    [Anonymous Symbol]                       0x08001088   Section        0  stm32f1xx_hal_can.o(.text.HAL_CAN_GetRxMessage)
    [Anonymous Symbol]                       0x080011a4   Section        0  stm32f1xx_hal_can.o(.text.HAL_CAN_IRQHandler)
    [Anonymous Symbol]                       0x080013a4   Section        0  stm32f1xx_hal_can.o(.text.HAL_CAN_RxFifo0FullCallback)
    [Anonymous Symbol]                       0x080013a6   Section        0  can.o(.text.HAL_CAN_RxFifo0MsgPendingCallback)
    [Anonymous Symbol]                       0x0800143a   Section        0  stm32f1xx_hal_can.o(.text.HAL_CAN_RxFifo1FullCallback)
    [Anonymous Symbol]                       0x0800143c   Section        0  stm32f1xx_hal_can.o(.text.HAL_CAN_RxFifo1MsgPendingCallback)
    [Anonymous Symbol]                       0x0800143e   Section        0  stm32f1xx_hal_can.o(.text.HAL_CAN_SleepCallback)
    [Anonymous Symbol]                       0x08001440   Section        0  stm32f1xx_hal_can.o(.text.HAL_CAN_TxMailbox0AbortCallback)
    [Anonymous Symbol]                       0x08001442   Section        0  stm32f1xx_hal_can.o(.text.HAL_CAN_TxMailbox0CompleteCallback)
    [Anonymous Symbol]                       0x08001444   Section        0  stm32f1xx_hal_can.o(.text.HAL_CAN_TxMailbox1AbortCallback)
    [Anonymous Symbol]                       0x08001446   Section        0  stm32f1xx_hal_can.o(.text.HAL_CAN_TxMailbox1CompleteCallback)
    [Anonymous Symbol]                       0x08001448   Section        0  stm32f1xx_hal_can.o(.text.HAL_CAN_TxMailbox2AbortCallback)
    [Anonymous Symbol]                       0x0800144a   Section        0  stm32f1xx_hal_can.o(.text.HAL_CAN_TxMailbox2CompleteCallback)
    [Anonymous Symbol]                       0x0800144c   Section        0  stm32f1xx_hal_can.o(.text.HAL_CAN_WakeUpFromRxMsgCallback)
    [Anonymous Symbol]                       0x0800144e   Section        0  stm32f1xx_hal_dma.o(.text.HAL_DMA_Abort)
    [Anonymous Symbol]                       0x0800148e   Section        0  stm32f1xx_hal_dma.o(.text.HAL_DMA_Abort_IT)
    [Anonymous Symbol]                       0x08001538   Section        0  stm32f1xx_hal_dma.o(.text.HAL_DMA_GetError)
    [Anonymous Symbol]                       0x0800153c   Section        0  stm32f1xx_hal_dma.o(.text.HAL_DMA_IRQHandler)
    [Anonymous Symbol]                       0x080016a6   Section        0  stm32f1xx_hal_dma.o(.text.HAL_DMA_Init)
    [Anonymous Symbol]                       0x08001718   Section        0  stm32f1xx_hal_dma.o(.text.HAL_DMA_Start_IT)
    [Anonymous Symbol]                       0x080017b8   Section        0  stm32f1xx_hal.o(.text.HAL_Delay)
    [Anonymous Symbol]                       0x080017e0   Section        0  stm32f1xx_hal_flash_ex.o(.text.HAL_FLASHEx_Erase)
    [Anonymous Symbol]                       0x080018b2   Section        0  stm32f1xx_hal_flash.o(.text.HAL_FLASH_Lock)
    [Anonymous Symbol]                       0x080018c8   Section        0  stm32f1xx_hal_flash.o(.text.HAL_FLASH_Program)
    [Anonymous Symbol]                       0x0800198a   Section        0  stm32f1xx_hal_flash.o(.text.HAL_FLASH_Unlock)
    [Anonymous Symbol]                       0x080019b8   Section        0  stm32f1xx_hal_gpio.o(.text.HAL_GPIO_Init)
    [Anonymous Symbol]                       0x08001bac   Section        0  stm32f1xx_hal_gpio.o(.text.HAL_GPIO_ReadPin)
    [Anonymous Symbol]                       0x08001bb6   Section        0  stm32f1xx_hal_gpio.o(.text.HAL_GPIO_WritePin)
    [Anonymous Symbol]                       0x08001bc0   Section        0  stm32f1xx_hal.o(.text.HAL_GetTick)
    [Anonymous Symbol]                       0x08001bcc   Section        0  stm32f1xx_hal.o(.text.HAL_IncTick)
    [Anonymous Symbol]                       0x08001be6   Section        0  stm32f1xx_hal.o(.text.HAL_Init)
    [Anonymous Symbol]                       0x08001c0c   Section        0  stm32f1xx_hal.o(.text.HAL_InitTick)
    [Anonymous Symbol]                       0x08001c5c   Section        0  stm32f1xx_hal_msp.o(.text.HAL_MspInit)
    [Anonymous Symbol]                       0x08001c9e   Section        0  stm32f1xx_hal_cortex.o(.text.HAL_NVIC_EnableIRQ)
    [Anonymous Symbol]                       0x08001cbe   Section        0  stm32f1xx_hal_cortex.o(.text.HAL_NVIC_SetPriority)
    [Anonymous Symbol]                       0x08001d14   Section        0  stm32f1xx_hal_cortex.o(.text.HAL_NVIC_SetPriorityGrouping)
    [Anonymous Symbol]                       0x08001d34   Section        0  stm32f1xx_hal_rcc_ex.o(.text.HAL_RCCEx_PeriphCLKConfig)
    [Anonymous Symbol]                       0x08001e28   Section        0  stm32f1xx_hal_rcc.o(.text.HAL_RCC_ClockConfig)
    [Anonymous Symbol]                       0x08001f90   Section        0  stm32f1xx_hal_rcc.o(.text.HAL_RCC_GetPCLK1Freq)
    [Anonymous Symbol]                       0x08001fb6   Section        0  stm32f1xx_hal_rcc.o(.text.HAL_RCC_GetPCLK2Freq)
    [Anonymous Symbol]                       0x08001fdc   Section        0  stm32f1xx_hal_rcc.o(.text.HAL_RCC_GetSysClockFreq)
    [Anonymous Symbol]                       0x0800203c   Section        0  stm32f1xx_hal_rcc.o(.text.HAL_RCC_OscConfig)
    [Anonymous Symbol]                       0x08002398   Section        0  stm32f1xx_hal_spi.o(.text.HAL_SPI_ErrorCallback)
    [Anonymous Symbol]                       0x0800239a   Section        0  stm32f1xx_hal_spi.o(.text.HAL_SPI_IRQHandler)
    [Anonymous Symbol]                       0x08002492   Section        0  stm32f1xx_hal_spi.o(.text.HAL_SPI_Init)
    [Anonymous Symbol]                       0x08002502   Section        0  stm32f1xx_hal_spi.o(.text.HAL_SPI_MspInit)
    [Anonymous Symbol]                       0x08002504   Section        0  stm32f1xx_hal_spi.o(.text.HAL_SPI_TransmitReceive)
    [Anonymous Symbol]                       0x080026e8   Section        0  stm32f1xx_hal_cortex.o(.text.HAL_SYSTICK_Config)
    [Anonymous Symbol]                       0x08002714   Section        0  stm32f1xx_hal_tim_ex.o(.text.HAL_TIMEx_MasterConfigSynchronization)
    [Anonymous Symbol]                       0x08002758   Section        0  stm32f1xx_hal_tim.o(.text.HAL_TIM_PWM_ConfigChannel)
    [Anonymous Symbol]                       0x080027f8   Section        0  stm32f1xx_hal_tim.o(.text.HAL_TIM_PWM_Init)
    [Anonymous Symbol]                       0x0800282c   Section        0  stm32f1xx_hal_tim.o(.text.HAL_TIM_PWM_MspInit)
    [Anonymous Symbol]                       0x0800282e   Section        0  stm32f1xx_hal_tim.o(.text.HAL_TIM_PWM_Start)
    [Anonymous Symbol]                       0x08002870   Section        0  stm32f1xx_hal_uart.o(.text.HAL_UART_AbortReceive)
    [Anonymous Symbol]                       0x080028c0   Section        0  stm32f1xx_hal_uart.o(.text.HAL_UART_ErrorCallback)
    [Anonymous Symbol]                       0x080028c2   Section        0  stm32f1xx_hal_uart.o(.text.HAL_UART_IRQHandler)
    [Anonymous Symbol]                       0x08002a3a   Section        0  stm32f1xx_hal_uart.o(.text.HAL_UART_Init)
    [Anonymous Symbol]                       0x08002a96   Section        0  stm32f1xx_hal_uart.o(.text.HAL_UART_MspInit)
    [Anonymous Symbol]                       0x08002a98   Section        0  stm32f1xx_hal_uart.o(.text.HAL_UART_Receive_DMA)
    [Anonymous Symbol]                       0x08002b2c   Section        0  uart_mixed.o(.text.HAL_UART_RxCpltCallback)
    [Anonymous Symbol]                       0x08002b96   Section        0  stm32f1xx_hal_uart.o(.text.HAL_UART_RxHalfCpltCallback)
    [Anonymous Symbol]                       0x08002b98   Section        0  stm32f1xx_hal_uart.o(.text.HAL_UART_Transmit_DMA)
    [Anonymous Symbol]                       0x08002c12   Section        0  uart_mixed.o(.text.HAL_UART_TxCpltCallback)
    [Anonymous Symbol]                       0x08002c52   Section        0  stm32f1xx_hal_uart.o(.text.HAL_UART_TxHalfCpltCallback)
    [Anonymous Symbol]                       0x08002c54   Section        0  stm32f1xx_it.o(.text.HardFault_Handler)
    [Anonymous Symbol]                       0x08002c56   Section        0  location_interp.o(.text.Location_Interp_Capture_Goal)
    [Anonymous Symbol]                       0x08002c8e   Section        0  location_interp.o(.text.Location_Interp_Init)
    [Anonymous Symbol]                       0x08002ca0   Section        0  location_interp.o(.text.Location_Interp_NewTask)
    [Anonymous Symbol]                       0x08002cb2   Section        0  location_tracker.o(.text.Location_Tracker_Capture_Goal)
    [Anonymous Symbol]                       0x08002e5c   Section        0  location_tracker.o(.text.Location_Tracker_Init)
    [Anonymous Symbol]                       0x08002eb6   Section        0  location_tracker.o(.text.Location_Tracker_NewTask)
    [Anonymous Symbol]                       0x08002eca   Section        0  location_tracker.o(.text.Location_Tracker_Set_Default)
    [Anonymous Symbol]                       0x08002efc   Section        0  loop_it.o(.text.LoopIT_Priority_Overlay)
    [Anonymous Symbol]                       0x08002f18   Section        0  loop_it.o(.text.LoopIT_SysTick_20KHz)
    [Anonymous Symbol]                       0x08002f40   Section        0  stm32f1xx_it.o(.text.MemManage_Handler)
    Modbus_Execute_Action                    0x08002f43   Thumb Code   108  modbus_slave.o(.text.Modbus_Execute_Action)
    [Anonymous Symbol]                       0x08002f42   Section        0  modbus_slave.o(.text.Modbus_Execute_Action)
    [Anonymous Symbol]                       0x08002fb0   Section        0  modbus_slave.o(.text.Modbus_Receive_Task)
    [Anonymous Symbol]                       0x0800318e   Section        0  loop.o(.text.Modbus_Rx_Callback_Wrapper)
    [Anonymous Symbol]                       0x08003192   Section        0  modbus_slave.o(.text.Modbus_Update_Feedback)
    [Anonymous Symbol]                       0x080031ac   Section        0  motor_control.o(.text.Motor_Control_AdvanceCompen)
    [Anonymous Symbol]                       0x080032a4   Section        0  motor_control.o(.text.Motor_Control_Callback)
    [Anonymous Symbol]                       0x080036a4   Section        0  motor_control.o(.text.Motor_Control_Clear_Stall)
    [Anonymous Symbol]                       0x080036b6   Section        0  motor_control.o(.text.Motor_Control_Init)
    [Anonymous Symbol]                       0x0800371e   Section        0  motor_control.o(.text.Motor_Control_SetMotorMode)
    [Anonymous Symbol]                       0x0800372e   Section        0  motor_control.o(.text.Motor_Control_Write_Goal_Location)
    [Anonymous Symbol]                       0x0800375c   Section        0  motor_control.o(.text.Motor_Control_Write_Goal_Speed)
    [Anonymous Symbol]                       0x0800377c   Section        0  motor_control.o(.text.Motor_LimitFinder_Loop)
    [Anonymous Symbol]                       0x080038de   Section        0  motor_control.o(.text.Motor_LimitFinder_Start)
    [Anonymous Symbol]                       0x080038fe   Section        0  move_reconstruct.o(.text.Move_Reconstruct_Capture_Goal)
    [Anonymous Symbol]                       0x08003a2a   Section        0  move_reconstruct.o(.text.Move_Reconstruct_Init)
    [Anonymous Symbol]                       0x08003a64   Section        0  move_reconstruct.o(.text.Move_Reconstruct_NewTask)
    [Anonymous Symbol]                       0x08003a7c   Section        0  stm32f1xx_it.o(.text.NMI_Handler)
    [Anonymous Symbol]                       0x08003a7e   Section        0  stm32f1xx_it.o(.text.PendSV_Handler)
    [Anonymous Symbol]                       0x08003a80   Section        0  dma.o(.text.REIN_DMA_Init)
    [Anonymous Symbol]                       0x08003aa0   Section        0  gpio.o(.text.REIN_GPIO_Button_Init)
    [Anonymous Symbol]                       0x08003b10   Section        0  gpio.o(.text.REIN_GPIO_HwElec_Init)
    [Anonymous Symbol]                       0x08003be2   Section        0  gpio.o(.text.REIN_GPIO_MT6816_SPI_Init)
    [Anonymous Symbol]                       0x08003c2c   Section        0  hw_elec.o(.text.REIN_HW_Elec_Init)
    [Anonymous Symbol]                       0x08003c3a   Section        0  hw_elec.o(.text.REIN_HW_Elec_SetBrake)
    [Anonymous Symbol]                       0x08003c78   Section        0  hw_elec.o(.text.REIN_HW_Elec_SetDivideElec)
    [Anonymous Symbol]                       0x08003d80   Section        0  hw_elec.o(.text.REIN_HW_Elec_SetSleep)
    [Anonymous Symbol]                       0x08003dbe   Section        0  mt6816.o(.text.REIN_MT6816_Get_AngleData)
    [Anonymous Symbol]                       0x08003dec   Section        0  mt6816.o(.text.REIN_MT6816_Init)
    [Anonymous Symbol]                       0x08003e42   Section        0  spi.o(.text.REIN_SPI_MT6816_SPI_Init)
    [Anonymous Symbol]                       0x08003f42   Section        0  tim.o(.text.REIN_TIM_HwElec_Init)
    [Anonymous Symbol]                       0x08004088   Section        0  usart.o(.text.REIN_UART_Modbus_Config)
    [Anonymous Symbol]                       0x08004124   Section        0  usart.o(.text.REIN_UART_Modbus_Init)
    [Anonymous Symbol]                       0x080042b4   Section        0  mt6816.o(.text.RINE_MT6816_SPI_Get_AngleData)
    [Anonymous Symbol]                       0x08004372   Section        0  loop_it.o(.text.SPI1_IRQHandler)
    SPI_DMAAbortOnError                      0x0800437f   Thumb Code    12  stm32f1xx_hal_spi.o(.text.SPI_DMAAbortOnError)
    [Anonymous Symbol]                       0x0800437e   Section        0  stm32f1xx_hal_spi.o(.text.SPI_DMAAbortOnError)
    SPI_WaitFlagStateUntilTimeout            0x0800438d   Thumb Code   140  stm32f1xx_hal_spi.o(.text.SPI_WaitFlagStateUntilTimeout)
    [Anonymous Symbol]                       0x0800438c   Section        0  stm32f1xx_hal_spi.o(.text.SPI_WaitFlagStateUntilTimeout)
    [Anonymous Symbol]                       0x08004418   Section        0  stm32f1xx_it.o(.text.SVC_Handler)
    [Anonymous Symbol]                       0x0800441a   Section        0  speed_tracker.o(.text.Speed_Tracker_Capture_Goal)
    [Anonymous Symbol]                       0x08004502   Section        0  speed_tracker.o(.text.Speed_Tracker_Init)
    [Anonymous Symbol]                       0x08004538   Section        0  speed_tracker.o(.text.Speed_Tracker_NewTask)
    [Anonymous Symbol]                       0x08004548   Section        0  stockpile_f103cb.o(.text.Stockpile_Flash_Data_Begin)
    [Anonymous Symbol]                       0x08004558   Section        0  stockpile_f103cb.o(.text.Stockpile_Flash_Data_Empty)
    [Anonymous Symbol]                       0x080045be   Section        0  stockpile_f103cb.o(.text.Stockpile_Flash_Data_End)
    [Anonymous Symbol]                       0x080045c4   Section        0  stockpile_f103cb.o(.text.Stockpile_Flash_Data_Write_Data16)
    [Anonymous Symbol]                       0x08004604   Section        0  loop_it.o(.text.SysTick_Handler)
    [Anonymous Symbol]                       0x0800465c   Section        0  main.o(.text.SystemClock_Config)
    [Anonymous Symbol]                       0x080046ba   Section        0  system_stm32f1xx.o(.text.SystemInit)
    [Anonymous Symbol]                       0x0800470a   Section        0  loop_it.o(.text.TIM3_IRQHandler)
    [Anonymous Symbol]                       0x0800470c   Section        0  stm32f1xx_hal_tim.o(.text.TIM_Base_SetConfig)
    TIM_OC1_SetConfig                        0x08004797   Thumb Code    88  stm32f1xx_hal_tim.o(.text.TIM_OC1_SetConfig)
    [Anonymous Symbol]                       0x08004796   Section        0  stm32f1xx_hal_tim.o(.text.TIM_OC1_SetConfig)
    [Anonymous Symbol]                       0x080047ee   Section        0  stm32f1xx_hal_tim.o(.text.TIM_OC2_SetConfig)
    TIM_OC3_SetConfig                        0x0800484f   Thumb Code    96  stm32f1xx_hal_tim.o(.text.TIM_OC3_SetConfig)
    [Anonymous Symbol]                       0x0800484e   Section        0  stm32f1xx_hal_tim.o(.text.TIM_OC3_SetConfig)
    TIM_OC4_SetConfig                        0x080048af   Thumb Code    74  stm32f1xx_hal_tim.o(.text.TIM_OC4_SetConfig)
    [Anonymous Symbol]                       0x080048ae   Section        0  stm32f1xx_hal_tim.o(.text.TIM_OC4_SetConfig)
    UART_DMAAbortOnError                     0x080048f9   Thumb Code    12  stm32f1xx_hal_uart.o(.text.UART_DMAAbortOnError)
    [Anonymous Symbol]                       0x080048f8   Section        0  stm32f1xx_hal_uart.o(.text.UART_DMAAbortOnError)
    UART_DMAError                            0x08004905   Thumb Code    92  stm32f1xx_hal_uart.o(.text.UART_DMAError)
    [Anonymous Symbol]                       0x08004904   Section        0  stm32f1xx_hal_uart.o(.text.UART_DMAError)
    UART_DMAReceiveCplt                      0x08004961   Thumb Code    54  stm32f1xx_hal_uart.o(.text.UART_DMAReceiveCplt)
    [Anonymous Symbol]                       0x08004960   Section        0  stm32f1xx_hal_uart.o(.text.UART_DMAReceiveCplt)
    UART_DMARxHalfCplt                       0x08004997   Thumb Code     6  stm32f1xx_hal_uart.o(.text.UART_DMARxHalfCplt)
    [Anonymous Symbol]                       0x08004996   Section        0  stm32f1xx_hal_uart.o(.text.UART_DMARxHalfCplt)
    UART_DMATransmitCplt                     0x0800499d   Thumb Code    38  stm32f1xx_hal_uart.o(.text.UART_DMATransmitCplt)
    [Anonymous Symbol]                       0x0800499c   Section        0  stm32f1xx_hal_uart.o(.text.UART_DMATransmitCplt)
    UART_DMATxHalfCplt                       0x080049c3   Thumb Code     6  stm32f1xx_hal_uart.o(.text.UART_DMATxHalfCplt)
    [Anonymous Symbol]                       0x080049c2   Section        0  stm32f1xx_hal_uart.o(.text.UART_DMATxHalfCplt)
    [Anonymous Symbol]                       0x080049c8   Section        0  uart_mixed.o(.text.UART_Mixed_TxTrigger)
    UART_Receive_IT                          0x08004a5b   Thumb Code   118  stm32f1xx_hal_uart.o(.text.UART_Receive_IT)
    [Anonymous Symbol]                       0x08004a5a   Section        0  stm32f1xx_hal_uart.o(.text.UART_Receive_IT)
    UART_SetConfig                           0x08004ad1   Thumb Code   146  stm32f1xx_hal_uart.o(.text.UART_SetConfig)
    [Anonymous Symbol]                       0x08004ad0   Section        0  stm32f1xx_hal_uart.o(.text.UART_SetConfig)
    [Anonymous Symbol]                       0x08004b62   Section        0  uart_mixed.o(.text.USART1_IRQHandler)
    [Anonymous Symbol]                       0x08004bc2   Section        0  loop_it.o(.text.USB_LP_CAN1_RX0_IRQHandler)
    [Anonymous Symbol]                       0x08004bce   Section        0  uart_mixed.o(.text.Uart_Mixed_Begin)
    [Anonymous Symbol]                       0x08004c1c   Section        0  uart_mixed.o(.text.Uart_Mixed_Init)
    [Anonymous Symbol]                       0x08004c60   Section        0  stm32f1xx_it.o(.text.UsageFault_Handler)
    [Anonymous Symbol]                       0x08004c64   Section        0  loop.o(.text.loop)
    [Anonymous Symbol]                       0x08004cdc   Section        0  loop.o(.text.loop_second_base_1ms)
    [Anonymous Symbol]                       0x08004dac   Section        0  main.o(.text.main)
    [Anonymous Symbol]                       0x08004dba   Section        0  loop.o(.text.time_second_100ms_serve)
    [Anonymous Symbol]                       0x08004ec8   Section        0  loop.o(.text.time_second_run)
    i.__scatterload_copy                     0x08004f2a   Section       14  handlers.o(i.__scatterload_copy)
    i.__scatterload_null                     0x08004f38   Section        2  handlers.o(i.__scatterload_null)
    i.__scatterload_zeroinit                 0x08004f3a   Section       14  handlers.o(i.__scatterload_zeroinit)
    time_second_100ms_serve.target_is_max    0x2000001c   Data           1  loop.o(.data.time_second_100ms_serve.target_is_max)
    [Anonymous Symbol]                       0x2000001c   Section        0  loop.o(.data.time_second_100ms_serve.target_is_max)
    Motor_Control_Callback.first_call        0x200000d4   Data           1  motor_control.o(.bss.Motor_Control_Callback.first_call)
    [Anonymous Symbol]                       0x200000d4   Section        0  motor_control.o(.bss.Motor_Control_Callback.first_call)
    REIN_HW_Elec_SetDivideElec.last_elec_ma  0x200000d8   Data           4  hw_elec.o(.bss.REIN_HW_Elec_SetDivideElec.last_elec_ma)
    [Anonymous Symbol]                       0x200000d8   Section        0  hw_elec.o(.bss.REIN_HW_Elec_SetDivideElec.last_elec_ma)
    time_second_100ms                        0x20000b34   Data           4  loop.o(.bss.time_second_100ms)
    [Anonymous Symbol]                       0x20000b34   Section        0  loop.o(.bss.time_second_100ms)
    time_second_100ms_serve.btn_down_last_state 0x20000b38   Data           1  loop.o(.bss.time_second_100ms_serve.btn_down_last_state)
    [Anonymous Symbol]                       0x20000b38   Section        0  loop.o(.bss.time_second_100ms_serve.btn_down_last_state)
    time_second_10ms                         0x20000b3c   Data           4  loop.o(.bss.time_second_10ms)
    [Anonymous Symbol]                       0x20000b3c   Section        0  loop.o(.bss.time_second_10ms)
    time_second_1ms                          0x20000b40   Data           4  loop.o(.bss.time_second_1ms)
    [Anonymous Symbol]                       0x20000b40   Section        0  loop.o(.bss.time_second_1ms)
    time_second_20ms                         0x20000b44   Data           4  loop.o(.bss.time_second_20ms)
    [Anonymous Symbol]                       0x20000b44   Section        0  loop.o(.bss.time_second_20ms)
    time_second_50ms                         0x20000b48   Data           4  loop.o(.bss.time_second_50ms)
    [Anonymous Symbol]                       0x20000b48   Section        0  loop.o(.bss.time_second_50ms)

    Global Symbols

    Symbol Name                              Value     Ov Type        Size  Object(Section)

    BuildAttributes$$THM_ISAv4$P$D$K$B$S$PE$A:L22UL41UL21$X:L11$S22US41US21$IEEE1$IW$~IW$USESV6$~STKCKD$USESV7$~SHL$OTIME$ROPI$EBA8$MICROLIB$REQ8$PRES8$EABIv2 0x00000000   Number         0  anon$$obj.o ABSOLUTE
    __cpp_initialize__aeabi_                  - Undefined Weak Reference
    __cxa_finalize                            - Undefined Weak Reference
    __decompress                              - Undefined Weak Reference
    _clock_init                               - Undefined Weak Reference
    _microlib_exit                            - Undefined Weak Reference
    __Vectors_Size                           0x000000ec   Number         0  startup_stm32f103xb.o ABSOLUTE
    __Vectors                                0x08000000   Data           4  startup_stm32f103xb.o(RESET)
    RESET                                    0x08000000   Section      236  startup_stm32f103xb.o(RESET)
    __Vectors_End                            0x080000ec   Data           0  startup_stm32f103xb.o(RESET)
    __main                                   0x080000ed   Thumb Code     0  entry.o(.ARM.Collect$$$$00000000)
    _main_stk                                0x080000ed   Thumb Code     0  entry2.o(.ARM.Collect$$$$00000001)
    _main_scatterload                        0x080000f1   Thumb Code     0  entry5.o(.ARM.Collect$$$$00000004)
    __main_after_scatterload                 0x080000f5   Thumb Code     0  entry5.o(.ARM.Collect$$$$00000004)
    _main_clock                              0x080000f5   Thumb Code     0  entry7b.o(.ARM.Collect$$$$00000008)
    _main_cpp_init                           0x080000f5   Thumb Code     0  entry8b.o(.ARM.Collect$$$$0000000A)
    _main_init                               0x080000f5   Thumb Code     0  entry9a.o(.ARM.Collect$$$$0000000B)
    __rt_final_cpp                           0x080000fd   Thumb Code     0  entry10a.o(.ARM.Collect$$$$0000000D)
    __rt_final_exit                          0x080000fd   Thumb Code     0  entry11a.o(.ARM.Collect$$$$0000000F)
    Reset_Handler                            0x08000101   Thumb Code     8  startup_stm32f103xb.o(.text)
    .text                                    0x08000100   Section       36  startup_stm32f103xb.o(.text)
    ADC1_2_IRQHandler                        0x0800011b   Thumb Code     0  startup_stm32f103xb.o(.text)
    CAN1_RX1_IRQHandler                      0x0800011b   Thumb Code     0  startup_stm32f103xb.o(.text)
    CAN1_SCE_IRQHandler                      0x0800011b   Thumb Code     0  startup_stm32f103xb.o(.text)
    DMA1_Channel1_IRQHandler                 0x0800011b   Thumb Code     0  startup_stm32f103xb.o(.text)
    DMA1_Channel2_IRQHandler                 0x0800011b   Thumb Code     0  startup_stm32f103xb.o(.text)
    DMA1_Channel3_IRQHandler                 0x0800011b   Thumb Code     0  startup_stm32f103xb.o(.text)
    DMA1_Channel6_IRQHandler                 0x0800011b   Thumb Code     0  startup_stm32f103xb.o(.text)
    DMA1_Channel7_IRQHandler                 0x0800011b   Thumb Code     0  startup_stm32f103xb.o(.text)
    EXTI0_IRQHandler                         0x0800011b   Thumb Code     0  startup_stm32f103xb.o(.text)
    EXTI15_10_IRQHandler                     0x0800011b   Thumb Code     0  startup_stm32f103xb.o(.text)
    EXTI1_IRQHandler                         0x0800011b   Thumb Code     0  startup_stm32f103xb.o(.text)
    EXTI2_IRQHandler                         0x0800011b   Thumb Code     0  startup_stm32f103xb.o(.text)
    EXTI3_IRQHandler                         0x0800011b   Thumb Code     0  startup_stm32f103xb.o(.text)
    EXTI4_IRQHandler                         0x0800011b   Thumb Code     0  startup_stm32f103xb.o(.text)
    FLASH_IRQHandler                         0x0800011b   Thumb Code     0  startup_stm32f103xb.o(.text)
    I2C1_ER_IRQHandler                       0x0800011b   Thumb Code     0  startup_stm32f103xb.o(.text)
    I2C1_EV_IRQHandler                       0x0800011b   Thumb Code     0  startup_stm32f103xb.o(.text)
    I2C2_ER_IRQHandler                       0x0800011b   Thumb Code     0  startup_stm32f103xb.o(.text)
    I2C2_EV_IRQHandler                       0x0800011b   Thumb Code     0  startup_stm32f103xb.o(.text)
    PVD_IRQHandler                           0x0800011b   Thumb Code     0  startup_stm32f103xb.o(.text)
    RCC_IRQHandler                           0x0800011b   Thumb Code     0  startup_stm32f103xb.o(.text)
    RTC_Alarm_IRQHandler                     0x0800011b   Thumb Code     0  startup_stm32f103xb.o(.text)
    RTC_IRQHandler                           0x0800011b   Thumb Code     0  startup_stm32f103xb.o(.text)
    SPI2_IRQHandler                          0x0800011b   Thumb Code     0  startup_stm32f103xb.o(.text)
    TAMPER_IRQHandler                        0x0800011b   Thumb Code     0  startup_stm32f103xb.o(.text)
    TIM1_BRK_IRQHandler                      0x0800011b   Thumb Code     0  startup_stm32f103xb.o(.text)
    TIM1_CC_IRQHandler                       0x0800011b   Thumb Code     0  startup_stm32f103xb.o(.text)
    TIM1_TRG_COM_IRQHandler                  0x0800011b   Thumb Code     0  startup_stm32f103xb.o(.text)
    TIM1_UP_IRQHandler                       0x0800011b   Thumb Code     0  startup_stm32f103xb.o(.text)
    TIM2_IRQHandler                          0x0800011b   Thumb Code     0  startup_stm32f103xb.o(.text)
    TIM4_IRQHandler                          0x0800011b   Thumb Code     0  startup_stm32f103xb.o(.text)
    USART2_IRQHandler                        0x0800011b   Thumb Code     0  startup_stm32f103xb.o(.text)
    USART3_IRQHandler                        0x0800011b   Thumb Code     0  startup_stm32f103xb.o(.text)
    USBWakeUp_IRQHandler                     0x0800011b   Thumb Code     0  startup_stm32f103xb.o(.text)
    USB_HP_CAN1_TX_IRQHandler                0x0800011b   Thumb Code     0  startup_stm32f103xb.o(.text)
    WWDG_IRQHandler                          0x0800011b   Thumb Code     0  startup_stm32f103xb.o(.text)
    __aeabi_memcpy                           0x08000125   Thumb Code    36  memcpya.o(.text)
    __aeabi_memcpy4                          0x08000125   Thumb Code     0  memcpya.o(.text)
    __aeabi_memcpy8                          0x08000125   Thumb Code     0  memcpya.o(.text)
    __aeabi_memset                           0x08000149   Thumb Code    14  memseta.o(.text)
    __aeabi_memset4                          0x08000149   Thumb Code     0  memseta.o(.text)
    __aeabi_memset8                          0x08000149   Thumb Code     0  memseta.o(.text)
    __aeabi_memclr                           0x08000157   Thumb Code     4  memseta.o(.text)
    __aeabi_memclr4                          0x08000157   Thumb Code     0  memseta.o(.text)
    __aeabi_memclr8                          0x08000157   Thumb Code     0  memseta.o(.text)
    _memset$wrapper                          0x0800015b   Thumb Code    18  memseta.o(.text)
    __aeabi_fmul                             0x0800016d   Thumb Code   100  fmul.o(.text)
    __aeabi_fdiv                             0x080001d1   Thumb Code   124  fdiv.o(.text)
    __aeabi_i2f                              0x0800024d   Thumb Code    18  fflti.o(.text)
    __aeabi_f2iz                             0x0800025f   Thumb Code    50  ffixi.o(.text)
    __I$use$fp                               0x08000291   Thumb Code     0  iusefp.o(.text)
    _float_round                             0x08000291   Thumb Code    18  fepilogue.o(.text)
    _float_epilogue                          0x080002a3   Thumb Code    92  fepilogue.o(.text)
    __scatterload                            0x08000301   Thumb Code    38  init.o(.text)
    __scatterload_rt2                        0x08000301   Thumb Code     0  init.o(.text)
    BusFault_Handler                         0x08000331   Thumb Code     2  stm32f1xx_it.o(.text.BusFault_Handler)
    Button_Init                              0x08000335   Thumb Code    38  button.o(.text.Button_Init)
    Calibration_Data_Check                   0x0800035d   Thumb Code   360  encode_cali.o(.text.Calibration_Data_Check)
    Calibration_Init                         0x080004c5   Thumb Code    28  encode_cali.o(.text.Calibration_Init)
    Calibration_Interrupt_Callback           0x080004e1   Thumb Code   354  encode_cali.o(.text.Calibration_Interrupt_Callback)
    Calibration_Loop_Callback                0x08000645   Thumb Code  1056  encode_cali.o(.text.Calibration_Loop_Callback)
    Control_Cur_To_Electric                  0x08000a65   Thumb Code    40  motor_control.o(.text.Control_Cur_To_Electric)
    Control_DCE_Init                         0x08000a8d   Thumb Code    76  motor_control.o(.text.Control_DCE_Init)
    Control_DCE_To_Electric                  0x08000ad9   Thumb Code   300  motor_control.o(.text.Control_DCE_To_Electric)
    Control_PID_Init                         0x08000c05   Thumb Code    56  motor_control.o(.text.Control_PID_Init)
    Control_PID_To_Electric                  0x08000c3d   Thumb Code   260  motor_control.o(.text.Control_PID_To_Electric)
    Current_Tracker_Capture_Goal             0x08000d41   Thumb Code   232  current_tracker.o(.text.Current_Tracker_Capture_Goal)
    Current_Tracker_Init                     0x08000e29   Thumb Code    46  current_tracker.o(.text.Current_Tracker_Init)
    Current_Tracker_NewTask                  0x08000e57   Thumb Code    16  current_tracker.o(.text.Current_Tracker_NewTask)
    CycleDataAverage                         0x08000e69   Thumb Code    90  encode_cali.o(.text.CycleDataAverage)
    DMA1_Channel4_IRQHandler                 0x08000ec3   Thumb Code    12  uart_mixed.o(.text.DMA1_Channel4_IRQHandler)
    DMA1_Channel5_IRQHandler                 0x08000ecf   Thumb Code    12  uart_mixed.o(.text.DMA1_Channel5_IRQHandler)
    DebugMon_Handler                         0x08000edb   Thumb Code     2  stm32f1xx_it.o(.text.DebugMon_Handler)
    EXTI9_5_IRQHandler                       0x08000edd   Thumb Code     2  loop_it.o(.text.EXTI9_5_IRQHandler)
    Error_Handler                            0x08000edf   Thumb Code     2  main.o(.text.Error_Handler)
    FLASH_WaitForLastOperation               0x08000f31   Thumb Code   102  stm32f1xx_hal_flash.o(.text.FLASH_WaitForLastOperation)
    GPIO_Status_Led_Init                     0x08000f97   Thumb Code    74  gpio.o(.text.GPIO_Status_Led_Init)
    HAL_CAN_AddTxMessage                     0x08000fe1   Thumb Code   166  stm32f1xx_hal_can.o(.text.HAL_CAN_AddTxMessage)
    HAL_CAN_ErrorCallback                    0x08001087   Thumb Code     2  stm32f1xx_hal_can.o(.text.HAL_CAN_ErrorCallback)
    HAL_CAN_GetRxMessage                     0x08001089   Thumb Code   282  stm32f1xx_hal_can.o(.text.HAL_CAN_GetRxMessage)
    HAL_CAN_IRQHandler                       0x080011a5   Thumb Code   512  stm32f1xx_hal_can.o(.text.HAL_CAN_IRQHandler)
    HAL_CAN_RxFifo0FullCallback              0x080013a5   Thumb Code     2  stm32f1xx_hal_can.o(.text.HAL_CAN_RxFifo0FullCallback)
    HAL_CAN_RxFifo0MsgPendingCallback        0x080013a7   Thumb Code   148  can.o(.text.HAL_CAN_RxFifo0MsgPendingCallback)
    HAL_CAN_RxFifo1FullCallback              0x0800143b   Thumb Code     2  stm32f1xx_hal_can.o(.text.HAL_CAN_RxFifo1FullCallback)
    HAL_CAN_RxFifo1MsgPendingCallback        0x0800143d   Thumb Code     2  stm32f1xx_hal_can.o(.text.HAL_CAN_RxFifo1MsgPendingCallback)
    HAL_CAN_SleepCallback                    0x0800143f   Thumb Code     2  stm32f1xx_hal_can.o(.text.HAL_CAN_SleepCallback)
    HAL_CAN_TxMailbox0AbortCallback          0x08001441   Thumb Code     2  stm32f1xx_hal_can.o(.text.HAL_CAN_TxMailbox0AbortCallback)
    HAL_CAN_TxMailbox0CompleteCallback       0x08001443   Thumb Code     2  stm32f1xx_hal_can.o(.text.HAL_CAN_TxMailbox0CompleteCallback)
    HAL_CAN_TxMailbox1AbortCallback          0x08001445   Thumb Code     2  stm32f1xx_hal_can.o(.text.HAL_CAN_TxMailbox1AbortCallback)
    HAL_CAN_TxMailbox1CompleteCallback       0x08001447   Thumb Code     2  stm32f1xx_hal_can.o(.text.HAL_CAN_TxMailbox1CompleteCallback)
    HAL_CAN_TxMailbox2AbortCallback          0x08001449   Thumb Code     2  stm32f1xx_hal_can.o(.text.HAL_CAN_TxMailbox2AbortCallback)
    HAL_CAN_TxMailbox2CompleteCallback       0x0800144b   Thumb Code     2  stm32f1xx_hal_can.o(.text.HAL_CAN_TxMailbox2CompleteCallback)
    HAL_CAN_WakeUpFromRxMsgCallback          0x0800144d   Thumb Code     2  stm32f1xx_hal_can.o(.text.HAL_CAN_WakeUpFromRxMsgCallback)
    HAL_DMA_Abort                            0x0800144f   Thumb Code    64  stm32f1xx_hal_dma.o(.text.HAL_DMA_Abort)
    HAL_DMA_Abort_IT                         0x0800148f   Thumb Code   170  stm32f1xx_hal_dma.o(.text.HAL_DMA_Abort_IT)
    HAL_DMA_GetError                         0x08001539   Thumb Code     4  stm32f1xx_hal_dma.o(.text.HAL_DMA_GetError)
    HAL_DMA_IRQHandler                       0x0800153d   Thumb Code   362  stm32f1xx_hal_dma.o(.text.HAL_DMA_IRQHandler)
    HAL_DMA_Init                             0x080016a7   Thumb Code   114  stm32f1xx_hal_dma.o(.text.HAL_DMA_Init)
    HAL_DMA_Start_IT                         0x08001719   Thumb Code   158  stm32f1xx_hal_dma.o(.text.HAL_DMA_Start_IT)
    HAL_Delay                                0x080017b9   Thumb Code    40  stm32f1xx_hal.o(.text.HAL_Delay)
    HAL_FLASHEx_Erase                        0x080017e1   Thumb Code   210  stm32f1xx_hal_flash_ex.o(.text.HAL_FLASHEx_Erase)
    HAL_FLASH_Lock                           0x080018b3   Thumb Code    20  stm32f1xx_hal_flash.o(.text.HAL_FLASH_Lock)
    HAL_FLASH_Program                        0x080018c9   Thumb Code   194  stm32f1xx_hal_flash.o(.text.HAL_FLASH_Program)
    HAL_FLASH_Unlock                         0x0800198b   Thumb Code    46  stm32f1xx_hal_flash.o(.text.HAL_FLASH_Unlock)
    HAL_GPIO_Init                            0x080019b9   Thumb Code   500  stm32f1xx_hal_gpio.o(.text.HAL_GPIO_Init)
    HAL_GPIO_ReadPin                         0x08001bad   Thumb Code    10  stm32f1xx_hal_gpio.o(.text.HAL_GPIO_ReadPin)
    HAL_GPIO_WritePin                        0x08001bb7   Thumb Code    10  stm32f1xx_hal_gpio.o(.text.HAL_GPIO_WritePin)
    HAL_GetTick                              0x08001bc1   Thumb Code    12  stm32f1xx_hal.o(.text.HAL_GetTick)
    HAL_IncTick                              0x08001bcd   Thumb Code    26  stm32f1xx_hal.o(.text.HAL_IncTick)
    HAL_Init                                 0x08001be7   Thumb Code    38  stm32f1xx_hal.o(.text.HAL_Init)
    HAL_InitTick                             0x08001c0d   Thumb Code    80  stm32f1xx_hal.o(.text.HAL_InitTick)
    HAL_MspInit                              0x08001c5d   Thumb Code    66  stm32f1xx_hal_msp.o(.text.HAL_MspInit)
    HAL_NVIC_EnableIRQ                       0x08001c9f   Thumb Code    32  stm32f1xx_hal_cortex.o(.text.HAL_NVIC_EnableIRQ)
    HAL_NVIC_SetPriority                     0x08001cbf   Thumb Code    86  stm32f1xx_hal_cortex.o(.text.HAL_NVIC_SetPriority)
    HAL_NVIC_SetPriorityGrouping             0x08001d15   Thumb Code    32  stm32f1xx_hal_cortex.o(.text.HAL_NVIC_SetPriorityGrouping)
    HAL_RCCEx_PeriphCLKConfig                0x08001d35   Thumb Code   242  stm32f1xx_hal_rcc_ex.o(.text.HAL_RCCEx_PeriphCLKConfig)
    HAL_RCC_ClockConfig                      0x08001e29   Thumb Code   360  stm32f1xx_hal_rcc.o(.text.HAL_RCC_ClockConfig)
    HAL_RCC_GetPCLK1Freq                     0x08001f91   Thumb Code    38  stm32f1xx_hal_rcc.o(.text.HAL_RCC_GetPCLK1Freq)
    HAL_RCC_GetPCLK2Freq                     0x08001fb7   Thumb Code    38  stm32f1xx_hal_rcc.o(.text.HAL_RCC_GetPCLK2Freq)
    HAL_RCC_GetSysClockFreq                  0x08001fdd   Thumb Code    76  stm32f1xx_hal_rcc.o(.text.HAL_RCC_GetSysClockFreq)
    HAL_RCC_OscConfig                        0x0800203d   Thumb Code   860  stm32f1xx_hal_rcc.o(.text.HAL_RCC_OscConfig)
    HAL_SPI_ErrorCallback                    0x08002399   Thumb Code     2  stm32f1xx_hal_spi.o(.text.HAL_SPI_ErrorCallback)
    HAL_SPI_IRQHandler                       0x0800239b   Thumb Code   248  stm32f1xx_hal_spi.o(.text.HAL_SPI_IRQHandler)
    HAL_SPI_Init                             0x08002493   Thumb Code   112  stm32f1xx_hal_spi.o(.text.HAL_SPI_Init)
    HAL_SPI_MspInit                          0x08002503   Thumb Code     2  stm32f1xx_hal_spi.o(.text.HAL_SPI_MspInit)
    HAL_SPI_TransmitReceive                  0x08002505   Thumb Code   484  stm32f1xx_hal_spi.o(.text.HAL_SPI_TransmitReceive)
    HAL_SYSTICK_Config                       0x080026e9   Thumb Code    44  stm32f1xx_hal_cortex.o(.text.HAL_SYSTICK_Config)
    HAL_TIMEx_MasterConfigSynchronization    0x08002715   Thumb Code    68  stm32f1xx_hal_tim_ex.o(.text.HAL_TIMEx_MasterConfigSynchronization)
    HAL_TIM_PWM_ConfigChannel                0x08002759   Thumb Code   160  stm32f1xx_hal_tim.o(.text.HAL_TIM_PWM_ConfigChannel)
    HAL_TIM_PWM_Init                         0x080027f9   Thumb Code    52  stm32f1xx_hal_tim.o(.text.HAL_TIM_PWM_Init)
    HAL_TIM_PWM_MspInit                      0x0800282d   Thumb Code     2  stm32f1xx_hal_tim.o(.text.HAL_TIM_PWM_MspInit)
    HAL_TIM_PWM_Start                        0x0800282f   Thumb Code    66  stm32f1xx_hal_tim.o(.text.HAL_TIM_PWM_Start)
    HAL_UART_AbortReceive                    0x08002871   Thumb Code    80  stm32f1xx_hal_uart.o(.text.HAL_UART_AbortReceive)
    HAL_UART_ErrorCallback                   0x080028c1   Thumb Code     2  stm32f1xx_hal_uart.o(.text.HAL_UART_ErrorCallback)
    HAL_UART_IRQHandler                      0x080028c3   Thumb Code   376  stm32f1xx_hal_uart.o(.text.HAL_UART_IRQHandler)
    HAL_UART_Init                            0x08002a3b   Thumb Code    92  stm32f1xx_hal_uart.o(.text.HAL_UART_Init)
    HAL_UART_MspInit                         0x08002a97   Thumb Code     2  stm32f1xx_hal_uart.o(.text.HAL_UART_MspInit)
    HAL_UART_Receive_DMA                     0x08002a99   Thumb Code   148  stm32f1xx_hal_uart.o(.text.HAL_UART_Receive_DMA)
    HAL_UART_RxCpltCallback                  0x08002b2d   Thumb Code   106  uart_mixed.o(.text.HAL_UART_RxCpltCallback)
    HAL_UART_RxHalfCpltCallback              0x08002b97   Thumb Code     2  stm32f1xx_hal_uart.o(.text.HAL_UART_RxHalfCpltCallback)
    HAL_UART_Transmit_DMA                    0x08002b99   Thumb Code   122  stm32f1xx_hal_uart.o(.text.HAL_UART_Transmit_DMA)
    HAL_UART_TxCpltCallback                  0x08002c13   Thumb Code    64  uart_mixed.o(.text.HAL_UART_TxCpltCallback)
    HAL_UART_TxHalfCpltCallback              0x08002c53   Thumb Code     2  stm32f1xx_hal_uart.o(.text.HAL_UART_TxHalfCpltCallback)
    HardFault_Handler                        0x08002c55   Thumb Code     2  stm32f1xx_it.o(.text.HardFault_Handler)
    Location_Interp_Capture_Goal             0x08002c57   Thumb Code    56  location_interp.o(.text.Location_Interp_Capture_Goal)
    Location_Interp_Init                     0x08002c8f   Thumb Code    18  location_interp.o(.text.Location_Interp_Init)
    Location_Interp_NewTask                  0x08002ca1   Thumb Code    18  location_interp.o(.text.Location_Interp_NewTask)
    Location_Tracker_Capture_Goal            0x08002cb3   Thumb Code   426  location_tracker.o(.text.Location_Tracker_Capture_Goal)
    Location_Tracker_Init                    0x08002e5d   Thumb Code    90  location_tracker.o(.text.Location_Tracker_Init)
    Location_Tracker_NewTask                 0x08002eb7   Thumb Code    20  location_tracker.o(.text.Location_Tracker_NewTask)
    Location_Tracker_Set_Default             0x08002ecb   Thumb Code    50  location_tracker.o(.text.Location_Tracker_Set_Default)
    LoopIT_Priority_Overlay                  0x08002efd   Thumb Code    28  loop_it.o(.text.LoopIT_Priority_Overlay)
    LoopIT_SysTick_20KHz                     0x08002f19   Thumb Code    40  loop_it.o(.text.LoopIT_SysTick_20KHz)
    MemManage_Handler                        0x08002f41   Thumb Code     2  stm32f1xx_it.o(.text.MemManage_Handler)
    Modbus_Receive_Task                      0x08002fb1   Thumb Code   478  modbus_slave.o(.text.Modbus_Receive_Task)
    Modbus_Rx_Callback_Wrapper               0x0800318f   Thumb Code     4  loop.o(.text.Modbus_Rx_Callback_Wrapper)
    Modbus_Update_Feedback                   0x08003193   Thumb Code    26  modbus_slave.o(.text.Modbus_Update_Feedback)
    Motor_Control_AdvanceCompen              0x080031ad   Thumb Code   248  motor_control.o(.text.Motor_Control_AdvanceCompen)
    Motor_Control_Callback                   0x080032a5   Thumb Code  1024  motor_control.o(.text.Motor_Control_Callback)
    Motor_Control_Clear_Stall                0x080036a5   Thumb Code    18  motor_control.o(.text.Motor_Control_Clear_Stall)
    Motor_Control_Init                       0x080036b7   Thumb Code   104  motor_control.o(.text.Motor_Control_Init)
    Motor_Control_SetMotorMode               0x0800371f   Thumb Code    16  motor_control.o(.text.Motor_Control_SetMotorMode)
    Motor_Control_Write_Goal_Location        0x0800372f   Thumb Code    46  motor_control.o(.text.Motor_Control_Write_Goal_Location)
    Motor_Control_Write_Goal_Speed           0x0800375d   Thumb Code    32  motor_control.o(.text.Motor_Control_Write_Goal_Speed)
    Motor_LimitFinder_Loop                   0x0800377d   Thumb Code   354  motor_control.o(.text.Motor_LimitFinder_Loop)
    Motor_LimitFinder_Start                  0x080038df   Thumb Code    32  motor_control.o(.text.Motor_LimitFinder_Start)
    Move_Reconstruct_Capture_Goal            0x080038ff   Thumb Code   300  move_reconstruct.o(.text.Move_Reconstruct_Capture_Goal)
    Move_Reconstruct_Init                    0x08003a2b   Thumb Code    58  move_reconstruct.o(.text.Move_Reconstruct_Init)
    Move_Reconstruct_NewTask                 0x08003a65   Thumb Code    24  move_reconstruct.o(.text.Move_Reconstruct_NewTask)
    NMI_Handler                              0x08003a7d   Thumb Code     2  stm32f1xx_it.o(.text.NMI_Handler)
    PendSV_Handler                           0x08003a7f   Thumb Code     2  stm32f1xx_it.o(.text.PendSV_Handler)
    REIN_DMA_Init                            0x08003a81   Thumb Code    32  dma.o(.text.REIN_DMA_Init)
    REIN_GPIO_Button_Init                    0x08003aa1   Thumb Code   112  gpio.o(.text.REIN_GPIO_Button_Init)
    REIN_GPIO_HwElec_Init                    0x08003b11   Thumb Code   210  gpio.o(.text.REIN_GPIO_HwElec_Init)
    REIN_GPIO_MT6816_SPI_Init                0x08003be3   Thumb Code    74  gpio.o(.text.REIN_GPIO_MT6816_SPI_Init)
    REIN_HW_Elec_Init                        0x08003c2d   Thumb Code    14  hw_elec.o(.text.REIN_HW_Elec_Init)
    REIN_HW_Elec_SetBrake                    0x08003c3b   Thumb Code    62  hw_elec.o(.text.REIN_HW_Elec_SetBrake)
    REIN_HW_Elec_SetDivideElec               0x08003c79   Thumb Code   264  hw_elec.o(.text.REIN_HW_Elec_SetDivideElec)
    REIN_HW_Elec_SetSleep                    0x08003d81   Thumb Code    62  hw_elec.o(.text.REIN_HW_Elec_SetSleep)
    REIN_MT6816_Get_AngleData                0x08003dbf   Thumb Code    44  mt6816.o(.text.REIN_MT6816_Get_AngleData)
    REIN_MT6816_Init                         0x08003ded   Thumb Code    86  mt6816.o(.text.REIN_MT6816_Init)
    REIN_SPI_MT6816_SPI_Init                 0x08003e43   Thumb Code   256  spi.o(.text.REIN_SPI_MT6816_SPI_Init)
    REIN_TIM_HwElec_Init                     0x08003f43   Thumb Code   326  tim.o(.text.REIN_TIM_HwElec_Init)
    REIN_UART_Modbus_Config                  0x08004089   Thumb Code    84  usart.o(.text.REIN_UART_Modbus_Config)
    REIN_UART_Modbus_Init                    0x08004125   Thumb Code   400  usart.o(.text.REIN_UART_Modbus_Init)
    RINE_MT6816_SPI_Get_AngleData            0x080042b5   Thumb Code   190  mt6816.o(.text.RINE_MT6816_SPI_Get_AngleData)
    SPI1_IRQHandler                          0x08004373   Thumb Code    12  loop_it.o(.text.SPI1_IRQHandler)
    SVC_Handler                              0x08004419   Thumb Code     2  stm32f1xx_it.o(.text.SVC_Handler)
    Speed_Tracker_Capture_Goal               0x0800441b   Thumb Code   232  speed_tracker.o(.text.Speed_Tracker_Capture_Goal)
    Speed_Tracker_Init                       0x08004503   Thumb Code    54  speed_tracker.o(.text.Speed_Tracker_Init)
    Speed_Tracker_NewTask                    0x08004539   Thumb Code    16  speed_tracker.o(.text.Speed_Tracker_NewTask)
    Stockpile_Flash_Data_Begin               0x08004549   Thumb Code    14  stockpile_f103cb.o(.text.Stockpile_Flash_Data_Begin)
    Stockpile_Flash_Data_Empty               0x08004559   Thumb Code   102  stockpile_f103cb.o(.text.Stockpile_Flash_Data_Empty)
    Stockpile_Flash_Data_End                 0x080045bf   Thumb Code     4  stockpile_f103cb.o(.text.Stockpile_Flash_Data_End)
    Stockpile_Flash_Data_Write_Data16        0x080045c5   Thumb Code    64  stockpile_f103cb.o(.text.Stockpile_Flash_Data_Write_Data16)
    SysTick_Handler                          0x08004605   Thumb Code    88  loop_it.o(.text.SysTick_Handler)
    SystemClock_Config                       0x0800465d   Thumb Code    94  main.o(.text.SystemClock_Config)
    SystemInit                               0x080046bb   Thumb Code    80  system_stm32f1xx.o(.text.SystemInit)
    TIM3_IRQHandler                          0x0800470b   Thumb Code     2  loop_it.o(.text.TIM3_IRQHandler)
    TIM_Base_SetConfig                       0x0800470d   Thumb Code   138  stm32f1xx_hal_tim.o(.text.TIM_Base_SetConfig)
    TIM_OC2_SetConfig                        0x080047ef   Thumb Code    96  stm32f1xx_hal_tim.o(.text.TIM_OC2_SetConfig)
    UART_Mixed_TxTrigger                     0x080049c9   Thumb Code   146  uart_mixed.o(.text.UART_Mixed_TxTrigger)
    USART1_IRQHandler                        0x08004b63   Thumb Code    96  uart_mixed.o(.text.USART1_IRQHandler)
    USB_LP_CAN1_RX0_IRQHandler               0x08004bc3   Thumb Code    12  loop_it.o(.text.USB_LP_CAN1_RX0_IRQHandler)
    Uart_Mixed_Begin                         0x08004bcf   Thumb Code    78  uart_mixed.o(.text.Uart_Mixed_Begin)
    Uart_Mixed_Init                          0x08004c1d   Thumb Code    66  uart_mixed.o(.text.Uart_Mixed_Init)
    UsageFault_Handler                       0x08004c61   Thumb Code     2  stm32f1xx_it.o(.text.UsageFault_Handler)
    loop                                     0x08004c65   Thumb Code   120  loop.o(.text.loop)
    loop_second_base_1ms                     0x08004cdd   Thumb Code   208  loop.o(.text.loop_second_base_1ms)
    main                                     0x08004dad   Thumb Code    14  main.o(.text.main)
    time_second_100ms_serve                  0x08004dbb   Thumb Code   270  loop.o(.text.time_second_100ms_serve)
    time_second_run                          0x08004ec9   Thumb Code    98  loop.o(.text.time_second_run)
    __scatterload_copy                       0x08004f2b   Thumb Code    14  handlers.o(i.__scatterload_copy)
    __scatterload_null                       0x08004f39   Thumb Code     2  handlers.o(i.__scatterload_null)
    __scatterload_zeroinit                   0x08004f3b   Thumb Code    14  handlers.o(i.__scatterload_zeroinit)
    AHBPrescTable                            0x08004f48   Data          16  system_stm32f1xx.o(.rodata.AHBPrescTable)
    APBPrescTable                            0x08004f58   Data           8  system_stm32f1xx.o(.rodata.APBPrescTable)
    sin_pi_m2                                0x08004f60   Data        2050  sin_form.o(.rodata.sin_pi_m2)
    Region$$Table$$Base                      0x08005764   Number         0  anon$$obj.o(Region$$Table)
    Region$$Table$$Limit                     0x08005784   Number         0  anon$$obj.o(Region$$Table)
    Dynamic_Move_Acc                         0x20000000   Data           4  modbus_slave.o(.data.Dynamic_Move_Acc)
    Read_QuickCali_DATA                      0x20000004   Data           4  mt6816.o(.data.Read_QuickCali_DATA)
    SystemCoreClock                          0x20000008   Data           4  system_stm32f1xx.o(.data.SystemCoreClock)
    stockpile_quick_cali                     0x2000000c   Data          16  stockpile_f103cb.o(.data.stockpile_quick_cali)
    uwTickFreq                               0x2000001d   Data           1  stm32f1xx_hal.o(.data.uwTickFreq)
    uwTickPrio                               0x20000020   Data           4  stm32f1xx_hal.o(.data.uwTickPrio)
    Debug_Error_Frame                        0x20000028   Data          16  modbus_slave.o(.bss.Debug_Error_Frame)
    Debug_Error_Len                          0x20000038   Data           2  modbus_slave.o(.bss.Debug_Error_Len)
    Modbus_RegPool                           0x2000003a   Data          24  modbus_slave.o(.bss.Modbus_RegPool)
    Modbus_TxBuf                             0x20000054   Data         128  modbus_slave.o(.bss.Modbus_TxBuf)
    TempAngleNow                             0x200000dc   Data           2  loop.o(.bss.TempAngleNow)
    button                                   0x200000e0   Data          24  button.o(.bss.button)
    coil_a                                   0x200000f8   Data           6  hw_elec.o(.bss.coil_a)
    coil_b                                   0x200000fe   Data           6  hw_elec.o(.bss.coil_b)
    current_tck                              0x20000104   Data          28  current_tracker.o(.bss.current_tck)
    dce                                      0x20000120   Data          52  motor_control.o(.bss.dce)
    dyn_uart1                                0x20000154   Data          12  usart.o(.bss.dyn_uart1)
    encode_cali                              0x20000160   Data         868  encode_cali.o(.bss.encode_cali)
    final_move_time                          0x200004c4   Data           4  loop.o(.bss.final_move_time)
    hcan                                     0x200004c8   Data          40  can.o(.bss.hcan)
    hdma_usart1_rx                           0x200004f0   Data          68  usart.o(.bss.hdma_usart1_rx)
    hdma_usart1_tx                           0x20000534   Data          68  usart.o(.bss.hdma_usart1_tx)
    hspi1                                    0x20000578   Data          88  spi.o(.bss.hspi1)
    htim2                                    0x200005d0   Data          64  tim.o(.bss.htim2)
    huart1                                   0x20000610   Data          64  usart.o(.bss.huart1)
    is_waiting_for_finish                    0x20000650   Data           1  loop.o(.bss.is_waiting_for_finish)
    limit_finder                             0x20000654   Data          24  motor_control.o(.bss.limit_finder)
    lit_1ms_divider                          0x2000066c   Data           1  loop_it.o(.bss.lit_1ms_divider)
    location_interp                          0x20000670   Data          28  location_interp.o(.bss.location_interp)
    location_tck                             0x2000068c   Data          56  location_tracker.o(.bss.location_tck)
    loop_it                                  0x200006c4   Data          24  loop_it.o(.bss.loop_it)
    major_cycle_count                        0x200006dc   Data           4  loop.o(.bss.major_cycle_count)
    mc_debug                                 0x200006e0   Data          12  motor_control.o(.bss.mc_debug)
    motor_control                            0x200006ec   Data         100  motor_control.o(.bss.motor_control)
    move_reco                                0x20000750   Data          56  move_reconstruct.o(.bss.move_reco)
    mt6816                                   0x20000788   Data           6  mt6816.o(.bss.mt6816)
    mt6816_spi                               0x2000078e   Data           6  mt6816.o(.bss.mt6816_spi)
    muart1                                   0x20000794   Data         800  uart_mixed.o(.bss.muart1)
    pFlash                                   0x20000ab8   Data          32  stm32f1xx_hal_flash.o(.bss.pFlash)
    pid                                      0x20000ad8   Data          48  motor_control.o(.bss.pid)
    speed_tck                                0x20000b08   Data          28  speed_tracker.o(.bss.speed_tck)
    start_move_tick                          0x20000b24   Data           4  loop.o(.bss.start_move_tick)
    systick_20khz_flag                       0x20000b28   Data           1  loop_it.o(.bss.systick_20khz_flag)
    time_1ms_count                           0x20000b2c   Data           4  loop.o(.bss.time_1ms_count)
    time_ready_to_read                       0x20000b30   Data           1  loop.o(.bss.time_ready_to_read)
    tx_data                                  0x20000b4c   Data           8  loop.o(.bss.tx_data)
    tx_header                                0x20000b54   Data          24  loop.o(.bss.tx_header)
    tx_mailbox                               0x20000b6c   Data           4  loop.o(.bss.tx_mailbox)
    uwTick                                   0x20000b70   Data           4  stm32f1xx_hal.o(.bss.uwTick)
    STACK                                    0x20000b78   Section     2048  startup_stm32f103xb.o(STACK)
    __initial_sp                             0x20001378   Data           0  startup_stm32f103xb.o(STACK)



==============================================================================

Memory Map of the image

  Image Entry point : 0x080000ed

  Load Region LR_IROM1 (Base: 0x08000000, Size: 0x000057b0, Max: 0x00008000, ABSOLUTE)

    Execution Region ER_IROM1 (Exec base: 0x08000000, Load base: 0x08000000, Size: 0x00005784, Max: 0x00008000, ABSOLUTE)

    Exec Addr    Load Addr    Size         Type   Attr      Idx    E Section Name        Object

    0x08000000   0x08000000   0x000000ec   Data   RO            3    RESET               startup_stm32f103xb.o
    0x080000ec   0x080000ec   0x00000000   Code   RO         1754  * .ARM.Collect$$$$00000000  mc_w.l(entry.o)
    0x080000ec   0x080000ec   0x00000004   Code   RO         1771    .ARM.Collect$$$$00000001  mc_w.l(entry2.o)
    0x080000f0   0x080000f0   0x00000004   Code   RO         1774    .ARM.Collect$$$$00000004  mc_w.l(entry5.o)
    0x080000f4   0x080000f4   0x00000000   Code   RO         1776    .ARM.Collect$$$$00000008  mc_w.l(entry7b.o)
    0x080000f4   0x080000f4   0x00000000   Code   RO         1778    .ARM.Collect$$$$0000000A  mc_w.l(entry8b.o)
    0x080000f4   0x080000f4   0x00000008   Code   RO         1779    .ARM.Collect$$$$0000000B  mc_w.l(entry9a.o)
    0x080000fc   0x080000fc   0x00000000   Code   RO         1781    .ARM.Collect$$$$0000000D  mc_w.l(entry10a.o)
    0x080000fc   0x080000fc   0x00000000   Code   RO         1783    .ARM.Collect$$$$0000000F  mc_w.l(entry11a.o)
    0x080000fc   0x080000fc   0x00000004   Code   RO         1772    .ARM.Collect$$$$00002712  mc_w.l(entry2.o)
    0x08000100   0x08000100   0x00000024   Code   RO            4    .text               startup_stm32f103xb.o
    0x08000124   0x08000124   0x00000024   Code   RO         1757    .text               mc_w.l(memcpya.o)
    0x08000148   0x08000148   0x00000024   Code   RO         1759    .text               mc_w.l(memseta.o)
    0x0800016c   0x0800016c   0x00000064   Code   RO         1763    .text               mf_w.l(fmul.o)
    0x080001d0   0x080001d0   0x0000007c   Code   RO         1765    .text               mf_w.l(fdiv.o)
    0x0800024c   0x0800024c   0x00000012   Code   RO         1767    .text               mf_w.l(fflti.o)
    0x0800025e   0x0800025e   0x00000032   Code   RO         1769    .text               mf_w.l(ffixi.o)
    0x08000290   0x08000290   0x00000000   Code   RO         1785    .text               mc_w.l(iusefp.o)
    0x08000290   0x08000290   0x0000006e   Code   RO         1786    .text               mf_w.l(fepilogue.o)
    0x080002fe   0x080002fe   0x00000002   PAD
    0x08000300   0x08000300   0x00000030   Code   RO         1788    .text               mc_w.l(init.o)
    0x08000330   0x08000330   0x00000002   Code   RO          111    .text.BusFault_Handler  stm32f1xx_it.o
    0x08000332   0x08000332   0x00000002   PAD
    0x08000334   0x08000334   0x00000026   Code   RO         1671    .text.Button_Init   button.o
    0x0800035a   0x0800035a   0x00000002   PAD
    0x0800035c   0x0800035c   0x00000168   Code   RO         1543    .text.Calibration_Data_Check  encode_cali.o
    0x080004c4   0x080004c4   0x0000001c   Code   RO         1545    .text.Calibration_Init  encode_cali.o
    0x080004e0   0x080004e0   0x00000162   Code   RO         1547    .text.Calibration_Interrupt_Callback  encode_cali.o
    0x08000642   0x08000642   0x00000002   PAD
    0x08000644   0x08000644   0x00000420   Code   RO         1549    .text.Calibration_Loop_Callback  encode_cali.o
    0x08000a64   0x08000a64   0x00000028   Code   RO         1459    .text.Control_Cur_To_Electric  motor_control.o
    0x08000a8c   0x08000a8c   0x0000004c   Code   RO         1483    .text.Control_DCE_Init  motor_control.o
    0x08000ad8   0x08000ad8   0x0000012c   Code   RO         1485    .text.Control_DCE_To_Electric  motor_control.o
    0x08000c04   0x08000c04   0x00000038   Code   RO         1469    .text.Control_PID_Init  motor_control.o
    0x08000c3c   0x08000c3c   0x00000104   Code   RO         1471    .text.Control_PID_To_Electric  motor_control.o
    0x08000d40   0x08000d40   0x000000e8   Code   RO         1614    .text.Current_Tracker_Capture_Goal  current_tracker.o
    0x08000e28   0x08000e28   0x0000002e   Code   RO         1610    .text.Current_Tracker_Init  current_tracker.o
    0x08000e56   0x08000e56   0x00000010   Code   RO         1612    .text.Current_Tracker_NewTask  current_tracker.o
    0x08000e66   0x08000e66   0x00000002   PAD
    0x08000e68   0x08000e68   0x0000005a   Code   RO         1541    .text.CycleDataAverage  encode_cali.o
    0x08000ec2   0x08000ec2   0x0000000c   Code   RO         1320    .text.DMA1_Channel4_IRQHandler  uart_mixed.o
    0x08000ece   0x08000ece   0x0000000c   Code   RO         1322    .text.DMA1_Channel5_IRQHandler  uart_mixed.o
    0x08000eda   0x08000eda   0x00000002   Code   RO          117    .text.DebugMon_Handler  stm32f1xx_it.o
    0x08000edc   0x08000edc   0x00000002   Code   RO         1737    .text.EXTI9_5_IRQHandler  loop_it.o
    0x08000ede   0x08000ede   0x00000002   Code   RO           15    .text.Error_Handler  main.o
    0x08000ee0   0x08000ee0   0x00000050   Code   RO          554    .text.FLASH_SetErrorCode  stm32f1xx_hal_flash.o
    0x08000f30   0x08000f30   0x00000066   Code   RO          548    .text.FLASH_WaitForLastOperation  stm32f1xx_hal_flash.o
    0x08000f96   0x08000f96   0x0000004a   Code   RO           61    .text.GPIO_Status_Led_Init  gpio.o
    0x08000fe0   0x08000fe0   0x000000a6   Code   RO          651    .text.HAL_CAN_AddTxMessage  stm32f1xx_hal_can.o
    0x08001086   0x08001086   0x00000002   Code   RO          695    .text.HAL_CAN_ErrorCallback  stm32f1xx_hal_can.o
    0x08001088   0x08001088   0x0000011a   Code   RO          661    .text.HAL_CAN_GetRxMessage  stm32f1xx_hal_can.o
    0x080011a2   0x080011a2   0x00000002   PAD
    0x080011a4   0x080011a4   0x00000200   Code   RO          669    .text.HAL_CAN_IRQHandler  stm32f1xx_hal_can.o
    0x080013a4   0x080013a4   0x00000002   Code   RO          683    .text.HAL_CAN_RxFifo0FullCallback  stm32f1xx_hal_can.o
    0x080013a6   0x080013a6   0x00000094   Code   RO          147    .text.HAL_CAN_RxFifo0MsgPendingCallback  can.o
    0x0800143a   0x0800143a   0x00000002   Code   RO          687    .text.HAL_CAN_RxFifo1FullCallback  stm32f1xx_hal_can.o
    0x0800143c   0x0800143c   0x00000002   Code   RO          689    .text.HAL_CAN_RxFifo1MsgPendingCallback  stm32f1xx_hal_can.o
    0x0800143e   0x0800143e   0x00000002   Code   RO          691    .text.HAL_CAN_SleepCallback  stm32f1xx_hal_can.o
    0x08001440   0x08001440   0x00000002   Code   RO          673    .text.HAL_CAN_TxMailbox0AbortCallback  stm32f1xx_hal_can.o
    0x08001442   0x08001442   0x00000002   Code   RO          671    .text.HAL_CAN_TxMailbox0CompleteCallback  stm32f1xx_hal_can.o
    0x08001444   0x08001444   0x00000002   Code   RO          677    .text.HAL_CAN_TxMailbox1AbortCallback  stm32f1xx_hal_can.o
    0x08001446   0x08001446   0x00000002   Code   RO          675    .text.HAL_CAN_TxMailbox1CompleteCallback  stm32f1xx_hal_can.o
    0x08001448   0x08001448   0x00000002   Code   RO          681    .text.HAL_CAN_TxMailbox2AbortCallback  stm32f1xx_hal_can.o
    0x0800144a   0x0800144a   0x00000002   Code   RO          679    .text.HAL_CAN_TxMailbox2CompleteCallback  stm32f1xx_hal_can.o
    0x0800144c   0x0800144c   0x00000002   Code   RO          693    .text.HAL_CAN_WakeUpFromRxMsgCallback  stm32f1xx_hal_can.o
    0x0800144e   0x0800144e   0x00000040   Code   RO          438    .text.HAL_DMA_Abort  stm32f1xx_hal_dma.o
    0x0800148e   0x0800148e   0x000000aa   Code   RO          440    .text.HAL_DMA_Abort_IT  stm32f1xx_hal_dma.o
    0x08001538   0x08001538   0x00000004   Code   RO          452    .text.HAL_DMA_GetError  stm32f1xx_hal_dma.o
    0x0800153c   0x0800153c   0x0000016a   Code   RO          444    .text.HAL_DMA_IRQHandler  stm32f1xx_hal_dma.o
    0x080016a6   0x080016a6   0x00000072   Code   RO          430    .text.HAL_DMA_Init  stm32f1xx_hal_dma.o
    0x08001718   0x08001718   0x0000009e   Code   RO          436    .text.HAL_DMA_Start_IT  stm32f1xx_hal_dma.o
    0x080017b6   0x080017b6   0x00000002   PAD
    0x080017b8   0x080017b8   0x00000028   Code   RO          315    .text.HAL_Delay     stm32f1xx_hal.o
    0x080017e0   0x080017e0   0x000000d2   Code   RO          581    .text.HAL_FLASHEx_Erase  stm32f1xx_hal_flash_ex.o
    0x080018b2   0x080018b2   0x00000014   Code   RO          562    .text.HAL_FLASH_Lock  stm32f1xx_hal_flash.o
    0x080018c6   0x080018c6   0x00000002   PAD
    0x080018c8   0x080018c8   0x000000c2   Code   RO          546    .text.HAL_FLASH_Program  stm32f1xx_hal_flash.o
    0x0800198a   0x0800198a   0x0000002e   Code   RO          560    .text.HAL_FLASH_Unlock  stm32f1xx_hal_flash.o
    0x080019b8   0x080019b8   0x000001f4   Code   RO          406    .text.HAL_GPIO_Init  stm32f1xx_hal_gpio.o
    0x08001bac   0x08001bac   0x0000000a   Code   RO          410    .text.HAL_GPIO_ReadPin  stm32f1xx_hal_gpio.o
    0x08001bb6   0x08001bb6   0x0000000a   Code   RO          412    .text.HAL_GPIO_WritePin  stm32f1xx_hal_gpio.o
    0x08001bc0   0x08001bc0   0x0000000c   Code   RO          307    .text.HAL_GetTick   stm32f1xx_hal.o
    0x08001bcc   0x08001bcc   0x0000001a   Code   RO          305    .text.HAL_IncTick   stm32f1xx_hal.o
    0x08001be6   0x08001be6   0x00000026   Code   RO          295    .text.HAL_Init      stm32f1xx_hal.o
    0x08001c0c   0x08001c0c   0x00000050   Code   RO          297    .text.HAL_InitTick  stm32f1xx_hal.o
    0x08001c5c   0x08001c5c   0x00000042   Code   RO          128    .text.HAL_MspInit   stm32f1xx_hal_msp.o
    0x08001c9e   0x08001c9e   0x00000020   Code   RO          466    .text.HAL_NVIC_EnableIRQ  stm32f1xx_hal_cortex.o
    0x08001cbe   0x08001cbe   0x00000056   Code   RO          464    .text.HAL_NVIC_SetPriority  stm32f1xx_hal_cortex.o
    0x08001d14   0x08001d14   0x00000020   Code   RO          462    .text.HAL_NVIC_SetPriorityGrouping  stm32f1xx_hal_cortex.o
    0x08001d34   0x08001d34   0x000000f2   Code   RO          392    .text.HAL_RCCEx_PeriphCLKConfig  stm32f1xx_hal_rcc_ex.o
    0x08001e26   0x08001e26   0x00000002   PAD
    0x08001e28   0x08001e28   0x00000168   Code   RO          360    .text.HAL_RCC_ClockConfig  stm32f1xx_hal_rcc.o
    0x08001f90   0x08001f90   0x00000026   Code   RO          372    .text.HAL_RCC_GetPCLK1Freq  stm32f1xx_hal_rcc.o
    0x08001fb6   0x08001fb6   0x00000026   Code   RO          374    .text.HAL_RCC_GetPCLK2Freq  stm32f1xx_hal_rcc.o
    0x08001fdc   0x08001fdc   0x00000060   Code   RO          362    .text.HAL_RCC_GetSysClockFreq  stm32f1xx_hal_rcc.o
    0x0800203c   0x0800203c   0x0000035c   Code   RO          358    .text.HAL_RCC_OscConfig  stm32f1xx_hal_rcc.o
    0x08002398   0x08002398   0x00000002   Code   RO          793    .text.HAL_SPI_ErrorCallback  stm32f1xx_hal_spi.o
    0x0800239a   0x0800239a   0x000000f8   Code   RO          789    .text.HAL_SPI_IRQHandler  stm32f1xx_hal_spi.o
    0x08002492   0x08002492   0x00000070   Code   RO          711    .text.HAL_SPI_Init  stm32f1xx_hal_spi.o
    0x08002502   0x08002502   0x00000002   Code   RO          713    .text.HAL_SPI_MspInit  stm32f1xx_hal_spi.o
    0x08002504   0x08002504   0x000001e4   Code   RO          723    .text.HAL_SPI_TransmitReceive  stm32f1xx_hal_spi.o
    0x080026e8   0x080026e8   0x0000002c   Code   RO          474    .text.HAL_SYSTICK_Config  stm32f1xx_hal_cortex.o
    0x08002714   0x08002714   0x00000044   Code   RO         1114    .text.HAL_TIMEx_MasterConfigSynchronization  stm32f1xx_hal_tim_ex.o
    0x08002758   0x08002758   0x000000a0   Code   RO          987    .text.HAL_TIM_PWM_ConfigChannel  stm32f1xx_hal_tim.o
    0x080027f8   0x080027f8   0x00000034   Code   RO          881    .text.HAL_TIM_PWM_Init  stm32f1xx_hal_tim.o
    0x0800282c   0x0800282c   0x00000002   Code   RO          883    .text.HAL_TIM_PWM_MspInit  stm32f1xx_hal_tim.o
    0x0800282e   0x0800282e   0x00000042   Code   RO          889    .text.HAL_TIM_PWM_Start  stm32f1xx_hal_tim.o
    0x08002870   0x08002870   0x00000050   Code   RO         1186    .text.HAL_UART_AbortReceive  stm32f1xx_hal_uart.o
    0x080028c0   0x080028c0   0x00000002   Code   RO         1214    .text.HAL_UART_ErrorCallback  stm32f1xx_hal_uart.o
    0x080028c2   0x080028c2   0x00000178   Code   RO         1208    .text.HAL_UART_IRQHandler  stm32f1xx_hal_uart.o
    0x08002a3a   0x08002a3a   0x0000005c   Code   RO         1136    .text.HAL_UART_Init  stm32f1xx_hal_uart.o
    0x08002a96   0x08002a96   0x00000002   Code   RO         1138    .text.HAL_UART_MspInit  stm32f1xx_hal_uart.o
    0x08002a98   0x08002a98   0x00000094   Code   RO         1170    .text.HAL_UART_Receive_DMA  stm32f1xx_hal_uart.o
    0x08002b2c   0x08002b2c   0x0000006a   Code   RO         1314    .text.HAL_UART_RxCpltCallback  uart_mixed.o
    0x08002b96   0x08002b96   0x00000002   Code   RO         1222    .text.HAL_UART_RxHalfCpltCallback  stm32f1xx_hal_uart.o
    0x08002b98   0x08002b98   0x0000007a   Code   RO         1162    .text.HAL_UART_Transmit_DMA  stm32f1xx_hal_uart.o
    0x08002c12   0x08002c12   0x00000040   Code   RO         1316    .text.HAL_UART_TxCpltCallback  uart_mixed.o
    0x08002c52   0x08002c52   0x00000002   Code   RO         1218    .text.HAL_UART_TxHalfCpltCallback  stm32f1xx_hal_uart.o
    0x08002c54   0x08002c54   0x00000002   Code   RO          107    .text.HardFault_Handler  stm32f1xx_it.o
    0x08002c56   0x08002c56   0x00000038   Code   RO         1650    .text.Location_Interp_Capture_Goal  location_interp.o
    0x08002c8e   0x08002c8e   0x00000012   Code   RO         1646    .text.Location_Interp_Init  location_interp.o
    0x08002ca0   0x08002ca0   0x00000012   Code   RO         1648    .text.Location_Interp_NewTask  location_interp.o
    0x08002cb2   0x08002cb2   0x000001aa   Code   RO         1572    .text.Location_Tracker_Capture_Goal  location_tracker.o
    0x08002e5c   0x08002e5c   0x0000005a   Code   RO         1568    .text.Location_Tracker_Init  location_tracker.o
    0x08002eb6   0x08002eb6   0x00000014   Code   RO         1570    .text.Location_Tracker_NewTask  location_tracker.o
    0x08002eca   0x08002eca   0x00000032   Code   RO         1566    .text.Location_Tracker_Set_Default  location_tracker.o
    0x08002efc   0x08002efc   0x0000001c   Code   RO         1735    .text.LoopIT_Priority_Overlay  loop_it.o
    0x08002f18   0x08002f18   0x00000028   Code   RO         1731    .text.LoopIT_SysTick_20KHz  loop_it.o
    0x08002f40   0x08002f40   0x00000002   Code   RO          109    .text.MemManage_Handler  stm32f1xx_it.o
    0x08002f42   0x08002f42   0x0000006c   Code   RO         1407    .text.Modbus_Execute_Action  modbus_slave.o
    0x08002fae   0x08002fae   0x00000002   PAD
    0x08002fb0   0x08002fb0   0x000001de   Code   RO         1405    .text.Modbus_Receive_Task  modbus_slave.o
    0x0800318e   0x0800318e   0x00000004   Code   RO         1698    .text.Modbus_Rx_Callback_Wrapper  loop.o
    0x08003192   0x08003192   0x0000001a   Code   RO         1411    .text.Modbus_Update_Feedback  modbus_slave.o
    0x080031ac   0x080031ac   0x000000f8   Code   RO         1517    .text.Motor_Control_AdvanceCompen  motor_control.o
    0x080032a4   0x080032a4   0x00000400   Code   RO         1515    .text.Motor_Control_Callback  motor_control.o
    0x080036a4   0x080036a4   0x00000012   Code   RO         1513    .text.Motor_Control_Clear_Stall  motor_control.o
    0x080036b6   0x080036b6   0x00000068   Code   RO         1507    .text.Motor_Control_Init  motor_control.o
    0x0800371e   0x0800371e   0x00000010   Code   RO         1491    .text.Motor_Control_SetMotorMode  motor_control.o
    0x0800372e   0x0800372e   0x0000002e   Code   RO         1497    .text.Motor_Control_Write_Goal_Location  motor_control.o
    0x0800375c   0x0800375c   0x00000020   Code   RO         1499    .text.Motor_Control_Write_Goal_Speed  motor_control.o
    0x0800377c   0x0800377c   0x00000162   Code   RO         1511    .text.Motor_LimitFinder_Loop  motor_control.o
    0x080038de   0x080038de   0x00000020   Code   RO         1509    .text.Motor_LimitFinder_Start  motor_control.o
    0x080038fe   0x080038fe   0x0000012c   Code   RO         1635    .text.Move_Reconstruct_Capture_Goal  move_reconstruct.o
    0x08003a2a   0x08003a2a   0x0000003a   Code   RO         1631    .text.Move_Reconstruct_Init  move_reconstruct.o
    0x08003a64   0x08003a64   0x00000018   Code   RO         1633    .text.Move_Reconstruct_NewTask  move_reconstruct.o
    0x08003a7c   0x08003a7c   0x00000002   Code   RO          105    .text.NMI_Handler   stm32f1xx_it.o
    0x08003a7e   0x08003a7e   0x00000002   Code   RO          119    .text.PendSV_Handler  stm32f1xx_it.o
    0x08003a80   0x08003a80   0x00000020   Code   RO           37    .text.REIN_DMA_Init  dma.o
    0x08003aa0   0x08003aa0   0x00000070   Code   RO           45    .text.REIN_GPIO_Button_Init  gpio.o
    0x08003b10   0x08003b10   0x000000d2   Code   RO           47    .text.REIN_GPIO_HwElec_Init  gpio.o
    0x08003be2   0x08003be2   0x0000004a   Code   RO           51    .text.REIN_GPIO_MT6816_SPI_Init  gpio.o
    0x08003c2c   0x08003c2c   0x0000000e   Code   RO         1283    .text.REIN_HW_Elec_Init  hw_elec.o
    0x08003c3a   0x08003c3a   0x0000003e   Code   RO         1287    .text.REIN_HW_Elec_SetBrake  hw_elec.o
    0x08003c78   0x08003c78   0x00000108   Code   RO         1289    .text.REIN_HW_Elec_SetDivideElec  hw_elec.o
    0x08003d80   0x08003d80   0x0000003e   Code   RO         1285    .text.REIN_HW_Elec_SetSleep  hw_elec.o
    0x08003dbe   0x08003dbe   0x0000002c   Code   RO         1268    .text.REIN_MT6816_Get_AngleData  mt6816.o
    0x08003dea   0x08003dea   0x00000002   PAD
    0x08003dec   0x08003dec   0x00000056   Code   RO         1266    .text.REIN_MT6816_Init  mt6816.o
    0x08003e42   0x08003e42   0x00000100   Code   RO           70    .text.REIN_SPI_MT6816_SPI_Init  spi.o
    0x08003f42   0x08003f42   0x00000146   Code   RO           83    .text.REIN_TIM_HwElec_Init  tim.o
    0x08004088   0x08004088   0x0000009c   Code   RO          158    .text.REIN_UART_Modbus_Config  usart.o
    0x08004124   0x08004124   0x00000190   Code   RO          166    .text.REIN_UART_Modbus_Init  usart.o
    0x080042b4   0x080042b4   0x000000be   Code   RO         1264    .text.RINE_MT6816_SPI_Get_AngleData  mt6816.o
    0x08004372   0x08004372   0x0000000c   Code   RO         1741    .text.SPI1_IRQHandler  loop_it.o
    0x0800437e   0x0800437e   0x0000000c   Code   RO          791    .text.SPI_DMAAbortOnError  stm32f1xx_hal_spi.o
    0x0800438a   0x0800438a   0x00000002   PAD
    0x0800438c   0x0800438c   0x0000008c   Code   RO          817    .text.SPI_WaitFlagStateUntilTimeout  stm32f1xx_hal_spi.o
    0x08004418   0x08004418   0x00000002   Code   RO          115    .text.SVC_Handler   stm32f1xx_it.o
    0x0800441a   0x0800441a   0x000000e8   Code   RO         1593    .text.Speed_Tracker_Capture_Goal  speed_tracker.o
    0x08004502   0x08004502   0x00000036   Code   RO         1589    .text.Speed_Tracker_Init  speed_tracker.o
    0x08004538   0x08004538   0x00000010   Code   RO         1591    .text.Speed_Tracker_NewTask  speed_tracker.o
    0x08004548   0x08004548   0x0000000e   Code   RO         1435    .text.Stockpile_Flash_Data_Begin  stockpile_f103cb.o
    0x08004556   0x08004556   0x00000002   PAD
    0x08004558   0x08004558   0x00000066   Code   RO         1433    .text.Stockpile_Flash_Data_Empty  stockpile_f103cb.o
    0x080045be   0x080045be   0x00000004   Code   RO         1437    .text.Stockpile_Flash_Data_End  stockpile_f103cb.o
    0x080045c2   0x080045c2   0x00000002   PAD
    0x080045c4   0x080045c4   0x00000040   Code   RO         1441    .text.Stockpile_Flash_Data_Write_Data16  stockpile_f103cb.o
    0x08004604   0x08004604   0x00000058   Code   RO         1733    .text.SysTick_Handler  loop_it.o
    0x0800465c   0x0800465c   0x0000005e   Code   RO           13    .text.SystemClock_Config  main.o
    0x080046ba   0x080046ba   0x00000050   Code   RO         1246    .text.SystemInit    system_stm32f1xx.o
    0x0800470a   0x0800470a   0x00000002   Code   RO         1739    .text.TIM3_IRQHandler  loop_it.o
    0x0800470c   0x0800470c   0x0000008a   Code   RO          831    .text.TIM_Base_SetConfig  stm32f1xx_hal_tim.o
    0x08004796   0x08004796   0x00000058   Code   RO          975    .text.TIM_OC1_SetConfig  stm32f1xx_hal_tim.o
    0x080047ee   0x080047ee   0x00000060   Code   RO          977    .text.TIM_OC2_SetConfig  stm32f1xx_hal_tim.o
    0x0800484e   0x0800484e   0x00000060   Code   RO          979    .text.TIM_OC3_SetConfig  stm32f1xx_hal_tim.o
    0x080048ae   0x080048ae   0x0000004a   Code   RO          981    .text.TIM_OC4_SetConfig  stm32f1xx_hal_tim.o
    0x080048f8   0x080048f8   0x0000000c   Code   RO         1212    .text.UART_DMAAbortOnError  stm32f1xx_hal_uart.o
    0x08004904   0x08004904   0x0000005c   Code   RO         1168    .text.UART_DMAError  stm32f1xx_hal_uart.o
    0x08004960   0x08004960   0x00000036   Code   RO         1172    .text.UART_DMAReceiveCplt  stm32f1xx_hal_uart.o
    0x08004996   0x08004996   0x00000006   Code   RO         1174    .text.UART_DMARxHalfCplt  stm32f1xx_hal_uart.o
    0x0800499c   0x0800499c   0x00000026   Code   RO         1164    .text.UART_DMATransmitCplt  stm32f1xx_hal_uart.o
    0x080049c2   0x080049c2   0x00000006   Code   RO         1166    .text.UART_DMATxHalfCplt  stm32f1xx_hal_uart.o
    0x080049c8   0x080049c8   0x00000092   Code   RO         1312    .text.UART_Mixed_TxTrigger  uart_mixed.o
    0x08004a5a   0x08004a5a   0x00000076   Code   RO         1210    .text.UART_Receive_IT  stm32f1xx_hal_uart.o
    0x08004ad0   0x08004ad0   0x00000092   Code   RO         1140    .text.UART_SetConfig  stm32f1xx_hal_uart.o
    0x08004b62   0x08004b62   0x00000060   Code   RO         1318    .text.USART1_IRQHandler  uart_mixed.o
    0x08004bc2   0x08004bc2   0x0000000c   Code   RO         1743    .text.USB_LP_CAN1_RX0_IRQHandler  loop_it.o
    0x08004bce   0x08004bce   0x0000004e   Code   RO         1304    .text.Uart_Mixed_Begin  uart_mixed.o
    0x08004c1c   0x08004c1c   0x00000042   Code   RO         1302    .text.Uart_Mixed_Init  uart_mixed.o
    0x08004c5e   0x08004c5e   0x00000002   PAD
    0x08004c60   0x08004c60   0x00000002   Code   RO          113    .text.UsageFault_Handler  stm32f1xx_it.o
    0x08004c62   0x08004c62   0x00000002   PAD
    0x08004c64   0x08004c64   0x00000078   Code   RO         1700    .text.loop          loop.o
    0x08004cdc   0x08004cdc   0x000000d0   Code   RO         1696    .text.loop_second_base_1ms  loop.o
    0x08004dac   0x08004dac   0x0000000e   Code   RO           11    .text.main          main.o
    0x08004dba   0x08004dba   0x0000010e   Code   RO         1692    .text.time_second_100ms_serve  loop.o
    0x08004ec8   0x08004ec8   0x00000062   Code   RO         1694    .text.time_second_run  loop.o
    0x08004f2a   0x08004f2a   0x0000000e   Code   RO         1792    i.__scatterload_copy  mc_w.l(handlers.o)
    0x08004f38   0x08004f38   0x00000002   Code   RO         1793    i.__scatterload_null  mc_w.l(handlers.o)
    0x08004f3a   0x08004f3a   0x0000000e   Code   RO         1794    i.__scatterload_zeroinit  mc_w.l(handlers.o)
    0x08004f48   0x08004f48   0x00000010   Data   RO         1251    .rodata.AHBPrescTable  system_stm32f1xx.o
    0x08004f58   0x08004f58   0x00000008   Data   RO         1252    .rodata.APBPrescTable  system_stm32f1xx.o
    0x08004f60   0x08004f60   0x00000802   Data   RO         1427    .rodata.sin_pi_m2   sin_form.o
    0x08005762   0x08005762   0x00000002   PAD
    0x08005764   0x08005764   0x00000020   Data   RO         1791    Region$$Table       anon$$obj.o


    Execution Region RW_IRAM1 (Exec base: 0x20000000, Load base: 0x08005788, Size: 0x00001378, Max: 0x00005000, ABSOLUTE)

    Exec Addr    Load Addr    Size         Type   Attr      Idx    E Section Name        Object

    0x20000000   0x08005788   0x00000004   Data   RW         1414    .data.Dynamic_Move_Acc  modbus_slave.o
    0x20000004   0x0800578c   0x00000004   Data   RW         1270    .data.Read_QuickCali_DATA  mt6816.o
    0x20000008   0x08005790   0x00000004   Data   RW         1250    .data.SystemCoreClock  system_stm32f1xx.o
    0x2000000c   0x08005794   0x00000010   Data   RW         1448    .data.stockpile_quick_cali  stockpile_f103cb.o
    0x2000001c   0x080057a4   0x00000001   Data   RW         1717    .data.time_second_100ms_serve.target_is_max  loop.o
    0x2000001d   0x080057a5   0x00000001   Data   RW          346    .data.uwTickFreq    stm32f1xx_hal.o
    0x2000001e   0x080057a6   0x00000002   PAD
    0x20000020   0x080057a8   0x00000004   Data   RW          345    .data.uwTickPrio    stm32f1xx_hal.o
    0x20000024   0x080057ac   0x00000004   PAD
    0x20000028        -       0x00000010   Zero   RW         1416    .bss.Debug_Error_Frame  modbus_slave.o
    0x20000038        -       0x00000002   Zero   RW         1415    .bss.Debug_Error_Len  modbus_slave.o
    0x2000003a        -       0x00000018   Zero   RW         1413    .bss.Modbus_RegPool  modbus_slave.o
    0x20000052   0x080057ac   0x00000002   PAD
    0x20000054        -       0x00000080   Zero   RW         1417    .bss.Modbus_TxBuf   modbus_slave.o
    0x200000d4        -       0x00000001   Zero   RW         1526    .bss.Motor_Control_Callback.first_call  motor_control.o
    0x200000d5   0x080057ac   0x00000003   PAD
    0x200000d8        -       0x00000004   Zero   RW         1293    .bss.REIN_HW_Elec_SetDivideElec.last_elec_ma  hw_elec.o
    0x200000dc        -       0x00000002   Zero   RW         1704    .bss.TempAngleNow   loop.o
    0x200000de   0x080057ac   0x00000002   PAD
    0x200000e0        -       0x00000018   Zero   RW         1677    .bss.button         button.o
    0x200000f8        -       0x00000006   Zero   RW         1291    .bss.coil_a         hw_elec.o
    0x200000fe        -       0x00000006   Zero   RW         1292    .bss.coil_b         hw_elec.o
    0x20000104        -       0x0000001c   Zero   RW         1616    .bss.current_tck    current_tracker.o
    0x20000120        -       0x00000034   Zero   RW         1523    .bss.dce            motor_control.o
    0x20000154        -       0x0000000c   Zero   RW          171    .bss.dyn_uart1      usart.o
    0x20000160        -       0x00000364   Zero   RW         1551    .bss.encode_cali    encode_cali.o
    0x200004c4        -       0x00000004   Zero   RW         1707    .bss.final_move_time  loop.o
    0x200004c8        -       0x00000028   Zero   RW          149    .bss.hcan           can.o
    0x200004f0        -       0x00000044   Zero   RW          173    .bss.hdma_usart1_rx  usart.o
    0x20000534        -       0x00000044   Zero   RW          172    .bss.hdma_usart1_tx  usart.o
    0x20000578        -       0x00000058   Zero   RW           72    .bss.hspi1          spi.o
    0x200005d0        -       0x00000040   Zero   RW           93    .bss.htim2          tim.o
    0x20000610        -       0x00000040   Zero   RW          170    .bss.huart1         usart.o
    0x20000650        -       0x00000001   Zero   RW         1708    .bss.is_waiting_for_finish  loop.o
    0x20000651   0x080057ac   0x00000003   PAD
    0x20000654        -       0x00000018   Zero   RW         1525    .bss.limit_finder   motor_control.o
    0x2000066c        -       0x00000001   Zero   RW         1746    .bss.lit_1ms_divider  loop_it.o
    0x2000066d   0x080057ac   0x00000003   PAD
    0x20000670        -       0x0000001c   Zero   RW         1652    .bss.location_interp  location_interp.o
    0x2000068c        -       0x00000038   Zero   RW         1574    .bss.location_tck   location_tracker.o
    0x200006c4        -       0x00000018   Zero   RW         1747    .bss.loop_it        loop_it.o
    0x200006dc        -       0x00000004   Zero   RW         1703    .bss.major_cycle_count  loop.o
    0x200006e0        -       0x0000000c   Zero   RW         1524    .bss.mc_debug       motor_control.o
    0x200006ec        -       0x00000064   Zero   RW         1521    .bss.motor_control  motor_control.o
    0x20000750        -       0x00000038   Zero   RW         1637    .bss.move_reco      move_reconstruct.o
    0x20000788        -       0x00000006   Zero   RW         1272    .bss.mt6816         mt6816.o
    0x2000078e        -       0x00000006   Zero   RW         1271    .bss.mt6816_spi     mt6816.o
    0x20000794        -       0x00000320   Zero   RW         1324    .bss.muart1         uart_mixed.o
    0x20000ab4   0x080057ac   0x00000004   PAD
    0x20000ab8        -       0x00000020   Zero   RW          572    .bss.pFlash         stm32f1xx_hal_flash.o
    0x20000ad8        -       0x00000030   Zero   RW         1522    .bss.pid            motor_control.o
    0x20000b08        -       0x0000001c   Zero   RW         1595    .bss.speed_tck      speed_tracker.o
    0x20000b24        -       0x00000004   Zero   RW         1706    .bss.start_move_tick  loop.o
    0x20000b28        -       0x00000001   Zero   RW         1745    .bss.systick_20khz_flag  loop_it.o
    0x20000b29   0x080057ac   0x00000003   PAD
    0x20000b2c        -       0x00000004   Zero   RW         1702    .bss.time_1ms_count  loop.o
    0x20000b30        -       0x00000001   Zero   RW         1709    .bss.time_ready_to_read  loop.o
    0x20000b31   0x080057ac   0x00000003   PAD
    0x20000b34        -       0x00000004   Zero   RW         1721    .bss.time_second_100ms  loop.o
    0x20000b38        -       0x00000001   Zero   RW         1716    .bss.time_second_100ms_serve.btn_down_last_state  loop.o
    0x20000b39   0x080057ac   0x00000003   PAD
    0x20000b3c        -       0x00000004   Zero   RW         1718    .bss.time_second_10ms  loop.o
    0x20000b40        -       0x00000004   Zero   RW         1722    .bss.time_second_1ms  loop.o
    0x20000b44        -       0x00000004   Zero   RW         1719    .bss.time_second_20ms  loop.o
    0x20000b48        -       0x00000004   Zero   RW         1720    .bss.time_second_50ms  loop.o
    0x20000b4c        -       0x00000008   Zero   RW         1713    .bss.tx_data        loop.o
    0x20000b54        -       0x00000018   Zero   RW         1714    .bss.tx_header      loop.o
    0x20000b6c        -       0x00000004   Zero   RW         1715    .bss.tx_mailbox     loop.o
    0x20000b70        -       0x00000004   Zero   RW          347    .bss.uwTick         stm32f1xx_hal.o
    0x20000b74   0x080057ac   0x00000004   PAD
    0x20000b78        -       0x00000800   Zero   RW            1    STACK               startup_stm32f103xb.o


==============================================================================

Image component sizes


      Code (inc. data)   RO Data    RW Data    ZI Data      Debug   Object Name

        38          0          0          0         24       2300   button.o
       148          0          0          0         40       7431   can.o
       294          0          0          0         28       2191   current_tracker.o
        32          0          0          0          0        881   dma.o
      1888          8          0          0        868       6889   encode_cali.o
       470          0          0          0          0       4029   gpio.o
       402          0          0          0         16       2486   hw_elec.o
        92          0          0          0         28       1187   location_interp.o
       586          0          0          0         56       3027   location_tracker.o
       700          0          0          1         77       5023   loop.o
       184          0          0          0         26       6858   loop_it.o
       110          0          0          0          0       2370   main.o
       612          0          0          4        170       6899   modbus_slave.o
      2606         86          0          0        237      11738   motor_control.o
       382          0          0          0         56       2477   move_reconstruct.o
       320          0          0          4         12       2977   mt6816.o
         0          0       2050          0          0        472   sin_form.o
       302          0          0          0         28       2127   speed_tracker.o
       256          0          0          0         88       4194   spi.o
        36          8        236          0       2048        784   startup_stm32f103xb.o
       196          0          0          5          4       5690   stm32f1xx_hal.o
       984          6          0          0          0      13170   stm32f1xx_hal_can.o
       194          0          0          0          0       8274   stm32f1xx_hal_cortex.o
       872          0          0          0          0       7518   stm32f1xx_hal_dma.o
       442          0          0          0         32       5316   stm32f1xx_hal_flash.o
       210          0          0          0          0       6865   stm32f1xx_hal_flash_ex.o
       520          4          0          0          0       4518   stm32f1xx_hal_gpio.o
        66          0          0          0          0       1194   stm32f1xx_hal_msp.o
      1392         20          0          0          0       7255   stm32f1xx_hal_rcc.o
       242          0          0          0          0       3536   stm32f1xx_hal_rcc_ex.o
      1000          0          0          0          0      21458   stm32f1xx_hal_spi.o
       772          4          0          0          0      43757   stm32f1xx_hal_tim.o
        68          0          0          0          0      16532   stm32f1xx_hal_tim_ex.o
      1298          0          0          0          0      17439   stm32f1xx_hal_uart.o
        16          0          0          0          0        922   stm32f1xx_it.o
       184          0          0         16          0       3580   stockpile_f103cb.o
        80          0         24          4          0       2129   system_stm32f1xx.o
       326          0          0          0         64       7023   tim.o
       580          0          0          0        800       6957   uart_mixed.o
       556         72          0          0        212       6603   usart.o

    ----------------------------------------------------------------------
     19486        208       2344         36       4948     266076   Object Totals
         0          0         32          0          0          0   (incl. Generated)
        30          0          2          2         34          0   (incl. Padding)

    ----------------------------------------------------------------------

      Code (inc. data)   RO Data    RW Data    ZI Data      Debug   Library Member Name

         0          0          0          0          0          0   entry.o
         0          0          0          0          0          0   entry10a.o
         0          0          0          0          0          0   entry11a.o
         8          4          0          0          0          0   entry2.o
         4          0          0          0          0          0   entry5.o
         0          0          0          0          0          0   entry7b.o
         0          0          0          0          0          0   entry8b.o
         8          4          0          0          0          0   entry9a.o
        30          0          0          0          0          0   handlers.o
        48         10          0          0          0         68   init.o
         0          0          0          0          0          0   iusefp.o
        36          0          0          0          0         68   memcpya.o
        36          0          0          0          0        108   memseta.o
       124          0          0          0          0         88   fdiv.o
       110          0          0          0          0        168   fepilogue.o
        50          0          0          0          0         68   ffixi.o
        18          0          0          0          0         68   fflti.o
       100          0          0          0          0         76   fmul.o

    ----------------------------------------------------------------------
       574         18          0          0          0        712   Library Totals
         2          0          0          0          0          0   (incl. Padding)

    ----------------------------------------------------------------------

      Code (inc. data)   RO Data    RW Data    ZI Data      Debug   Library Name

       170         18          0          0          0        244   mc_w.l
       402          0          0          0          0        468   mf_w.l

    ----------------------------------------------------------------------
       574         18          0          0          0        712   Library Totals

    ----------------------------------------------------------------------

==============================================================================


      Code (inc. data)   RO Data    RW Data    ZI Data      Debug   

     20060        226       2344         36       4948     265992   Grand Totals
     20060        226       2344         36       4948     265992   ELF Image Totals
     20060        226       2344         36          0          0   ROM Totals

==============================================================================

    Total RO  Size (Code + RO Data)                22404 (  21.88kB)
    Total RW  Size (RW Data + ZI Data)              4984 (   4.87kB)
    Total ROM Size (Code + RO Data + RW Data)      22440 (  21.91kB)

==============================================================================

