Component: ARM Compiler 6.11 Tool: armlink [5d3b3900]

==============================================================================

Section Cross References

    startup_stm32f103xb.o(RESET) refers to startup_stm32f103xb.o(STACK) for __initial_sp
    startup_stm32f103xb.o(RESET) refers to startup_stm32f103xb.o(.text) for Reset_Handler
    startup_stm32f103xb.o(RESET) refers to stm32f1xx_it.o(.text.NMI_Handler) for NMI_Handler
    startup_stm32f103xb.o(RESET) refers to stm32f1xx_it.o(.text.HardFault_Handler) for HardFault_Handler
    startup_stm32f103xb.o(RESET) refers to stm32f1xx_it.o(.text.MemManage_Handler) for MemManage_Handler
    startup_stm32f103xb.o(RESET) refers to stm32f1xx_it.o(.text.BusFault_Handler) for BusFault_Handler
    startup_stm32f103xb.o(RESET) refers to stm32f1xx_it.o(.text.UsageFault_Handler) for UsageFault_Handler
    startup_stm32f103xb.o(RESET) refers to stm32f1xx_it.o(.text.SVC_Handler) for SVC_Handler
    startup_stm32f103xb.o(RESET) refers to stm32f1xx_it.o(.text.DebugMon_Handler) for DebugMon_Handler
    startup_stm32f103xb.o(RESET) refers to stm32f1xx_it.o(.text.PendSV_Handler) for PendSV_Handler
    startup_stm32f103xb.o(RESET) refers to loop_it.o(.text.SysTick_Handler) for SysTick_Handler
    startup_stm32f103xb.o(RESET) refers to loop_it.o(.text.USB_LP_CAN1_RX0_IRQHandler) for USB_LP_CAN1_RX0_IRQHandler
    startup_stm32f103xb.o(RESET) refers to loop_it.o(.text.EXTI9_5_IRQHandler) for EXTI9_5_IRQHandler
    startup_stm32f103xb.o(RESET) refers to loop_it.o(.text.TIM3_IRQHandler) for TIM3_IRQHandler
    startup_stm32f103xb.o(RESET) refers to loop_it.o(.text.SPI1_IRQHandler) for SPI1_IRQHandler
    startup_stm32f103xb.o(.text) refers to system_stm32f1xx.o(.text.SystemInit) for SystemInit
    startup_stm32f103xb.o(.text) refers to entry.o(.ARM.Collect$$$$00000000) for __main
    main.o(.text.main) refers to stm32f1xx_hal.o(.text.HAL_Init) for HAL_Init
    main.o(.text.main) refers to main.o(.text.SystemClock_Config) for SystemClock_Config
    main.o(.text.main) refers to loop.o(.text.loop) for loop
    main.o(.ARM.exidx.text.main) refers to main.o(.text.main) for [Anonymous Symbol]
    main.o(.text.SystemClock_Config) refers to stm32f1xx_hal_rcc.o(.text.HAL_RCC_OscConfig) for HAL_RCC_OscConfig
    main.o(.text.SystemClock_Config) refers to stm32f1xx_hal_rcc.o(.text.HAL_RCC_ClockConfig) for HAL_RCC_ClockConfig
    main.o(.text.SystemClock_Config) refers to stm32f1xx_hal_rcc_ex.o(.text.HAL_RCCEx_PeriphCLKConfig) for HAL_RCCEx_PeriphCLKConfig
    main.o(.ARM.exidx.text.SystemClock_Config) refers to main.o(.text.SystemClock_Config) for [Anonymous Symbol]
    main.o(.ARM.exidx.text.Error_Handler) refers to main.o(.text.Error_Handler) for [Anonymous Symbol]
    adc.o(.text.REIN_ADC_Init) refers to stm32f1xx_hal_gpio.o(.text.HAL_GPIO_Init) for HAL_GPIO_Init
    adc.o(.text.REIN_ADC_Init) refers to adc.o(.bss.hdma_adc1) for hdma_adc1
    adc.o(.text.REIN_ADC_Init) refers to stm32f1xx_hal_dma.o(.text.HAL_DMA_Init) for HAL_DMA_Init
    adc.o(.text.REIN_ADC_Init) refers to main.o(.text.Error_Handler) for Error_Handler
    adc.o(.text.REIN_ADC_Init) refers to adc.o(.bss.hadc1) for hadc1
    adc.o(.text.REIN_ADC_Init) refers to stm32f1xx_hal_adc.o(.text.HAL_ADC_Init) for HAL_ADC_Init
    adc.o(.text.REIN_ADC_Init) refers to stm32f1xx_hal_adc.o(.text.HAL_ADC_ConfigChannel) for HAL_ADC_ConfigChannel
    adc.o(.text.REIN_ADC_Init) refers to stm32f1xx_hal_adc_ex.o(.text.HAL_ADCEx_Calibration_Start) for HAL_ADCEx_Calibration_Start
    adc.o(.text.REIN_ADC_Init) refers to adc.o(.bss.whole_adc_data) for whole_adc_data
    adc.o(.text.REIN_ADC_Init) refers to stm32f1xx_hal_adc.o(.text.HAL_ADC_Start_DMA) for HAL_ADC_Start_DMA
    adc.o(.ARM.exidx.text.REIN_ADC_Init) refers to adc.o(.text.REIN_ADC_Init) for [Anonymous Symbol]
    dma.o(.text.REIN_DMA_Init) refers to stm32f1xx_hal_cortex.o(.text.HAL_NVIC_EnableIRQ) for HAL_NVIC_EnableIRQ
    dma.o(.ARM.exidx.text.REIN_DMA_Init) refers to dma.o(.text.REIN_DMA_Init) for [Anonymous Symbol]
    gpio.o(.text.REIN_GPIO_Button_Init) refers to stm32f1xx_hal_gpio.o(.text.HAL_GPIO_Init) for HAL_GPIO_Init
    gpio.o(.ARM.exidx.text.REIN_GPIO_Button_Init) refers to gpio.o(.text.REIN_GPIO_Button_Init) for [Anonymous Symbol]
    gpio.o(.text.REIN_GPIO_HwElec_Init) refers to stm32f1xx_hal_gpio.o(.text.HAL_GPIO_Init) for HAL_GPIO_Init
    gpio.o(.ARM.exidx.text.REIN_GPIO_HwElec_Init) refers to gpio.o(.text.REIN_GPIO_HwElec_Init) for [Anonymous Symbol]
    gpio.o(.ARM.exidx.text.REIN_GPIO_MT6816_ABZ_Init) refers to gpio.o(.text.REIN_GPIO_MT6816_ABZ_Init) for [Anonymous Symbol]
    gpio.o(.text.REIN_GPIO_MT6816_SPI_Init) refers to stm32f1xx_hal_gpio.o(.text.HAL_GPIO_Init) for HAL_GPIO_Init
    gpio.o(.ARM.exidx.text.REIN_GPIO_MT6816_SPI_Init) refers to gpio.o(.text.REIN_GPIO_MT6816_SPI_Init) for [Anonymous Symbol]
    gpio.o(.text.GPIO_Status_Led_Init) refers to stm32f1xx_hal_gpio.o(.text.HAL_GPIO_Init) for HAL_GPIO_Init
[...]
    Removing encode_cali.o(.ARM.exidx.text.CycleDataAverage), (8 bytes).
    Removing encode_cali.o(.ARM.exidx.text.Calibration_Data_Check), (8 bytes).
    Removing encode_cali.o(.ARM.exidx.text.Calibration_Init), (8 bytes).
    Removing encode_cali.o(.ARM.exidx.text.Calibration_Interrupt_Callback), (8 bytes).
    Removing encode_cali.o(.ARM.exidx.text.Calibration_Loop_Callback), (8 bytes).
    Removing location_tracker.o(.text), (0 bytes).
    Removing location_tracker.o(.text.Location_Tracker_Set_MaxSpeed), (48 bytes).
    Removing location_tracker.o(.ARM.exidx.text.Location_Tracker_Set_MaxSpeed), (8 bytes).
    Removing location_tracker.o(.text.Location_Tracker_Set_UpAcc), (48 bytes).
    Removing location_tracker.o(.ARM.exidx.text.Location_Tracker_Set_UpAcc), (8 bytes).
    Removing location_tracker.o(.ARM.exidx.text.Location_Tracker_Set_DownAcc), (8 bytes).
    Removing location_tracker.o(.ARM.exidx.text.Location_Tracker_Set_Default), (8 bytes).
    Removing location_tracker.o(.ARM.exidx.text.Location_Tracker_Init), (8 bytes).
    Removing location_tracker.o(.ARM.exidx.text.Location_Tracker_NewTask), (8 bytes).
    Removing location_tracker.o(.ARM.exidx.text.Location_Tracker_Capture_Goal), (8 bytes).
    Removing speed_tracker.o(.text), (0 bytes).
    Removing speed_tracker.o(.text.Speed_Tracker_Set_UpAcc), (48 bytes).
    Removing speed_tracker.o(.ARM.exidx.text.Speed_Tracker_Set_UpAcc), (8 bytes).
    Removing speed_tracker.o(.text.Speed_Tracker_Set_DownAcc), (44 bytes).
    Removing speed_tracker.o(.ARM.exidx.text.Speed_Tracker_Set_DownAcc), (8 bytes).
    Removing speed_tracker.o(.text.Speed_Tracker_Set_Default), (28 bytes).
    Removing speed_tracker.o(.ARM.exidx.text.Speed_Tracker_Set_Default), (8 bytes).
    Removing speed_tracker.o(.ARM.exidx.text.Speed_Tracker_Init), (8 bytes).
    Removing speed_tracker.o(.ARM.exidx.text.Speed_Tracker_NewTask), (8 bytes).
    Removing speed_tracker.o(.ARM.exidx.text.Speed_Tracker_Capture_Goal), (8 bytes).
    Removing current_tracker.o(.text), (0 bytes).
    Removing current_tracker.o(.text.Current_Tracker_Set_UpRate), (44 bytes).
    Removing current_tracker.o(.ARM.exidx.text.Current_Tracker_Set_UpRate), (8 bytes).
    Removing current_tracker.o(.text.Current_Tracker_Set_DownRate), (44 bytes).
    Removing current_tracker.o(.ARM.exidx.text.Current_Tracker_Set_DownRate), (8 bytes).
    Removing current_tracker.o(.text.Current_Tracker_Set_Default), (24 bytes).
    Removing current_tracker.o(.ARM.exidx.text.Current_Tracker_Set_Default), (8 bytes).
    Removing current_tracker.o(.ARM.exidx.text.Current_Tracker_Init), (8 bytes).
    Removing current_tracker.o(.ARM.exidx.text.Current_Tracker_NewTask), (8 bytes).
    Removing current_tracker.o(.ARM.exidx.text.Current_Tracker_Capture_Goal), (8 bytes).
    Removing move_reconstruct.o(.text), (0 bytes).
    Removing move_reconstruct.o(.text.Move_Reconstruct_Set_DownAcc), (48 bytes).
    Removing move_reconstruct.o(.ARM.exidx.text.Move_Reconstruct_Set_DownAcc), (8 bytes).
    Removing move_reconstruct.o(.text.Move_Reconstruct_Set_OverTime), (42 bytes).
    Removing move_reconstruct.o(.ARM.exidx.text.Move_Reconstruct_Set_OverTime), (8 bytes).
    Removing move_reconstruct.o(.text.Move_Reconstruct_Set_Default), (30 bytes).
    Removing move_reconstruct.o(.ARM.exidx.text.Move_Reconstruct_Set_Default), (8 bytes).
    Removing move_reconstruct.o(.ARM.exidx.text.Move_Reconstruct_Init), (8 bytes).
    Removing move_reconstruct.o(.ARM.exidx.text.Move_Reconstruct_NewTask), (8 bytes).
    Removing move_reconstruct.o(.ARM.exidx.text.Move_Reconstruct_Capture_Goal), (8 bytes).
    Removing location_interp.o(.text), (0 bytes).
    Removing location_interp.o(.ARM.exidx.text.Location_Interp_Init), (8 bytes).
    Removing location_interp.o(.ARM.exidx.text.Location_Interp_NewTask), (8 bytes).
    Removing location_interp.o(.ARM.exidx.text.Location_Interp_Capture_Goal), (8 bytes).
    Removing power_detect.o(.text), (0 bytes).
    Removing power_detect.o(.text.Power_Detection_Run), (50 bytes).
    Removing power_detect.o(.ARM.exidx.text.Power_Detection_Run), (8 bytes).
    Removing power_detect.o(.bss.power), (12 bytes).
    Removing button.o(.text), (0 bytes).
    Removing button.o(.text.Button_Read_Level), (38 bytes).
    Removing button.o(.ARM.exidx.text.Button_Read_Level), (8 bytes).
    Removing button.o(.ARM.exidx.text.Button_Init), (8 bytes).
    Removing button.o(.text.Button_Scan_ms), (206 bytes).
    Removing button.o(.ARM.exidx.text.Button_Scan_ms), (8 bytes).
    Removing button.o(.text.Button_Inquice_State), (24 bytes).
    Removing button.o(.ARM.exidx.text.Button_Inquice_State), (8 bytes).
    Removing loop.o(.text), (0 bytes).
    Removing loop.o(.text.time_second_10ms_serve), (20 bytes).
    Removing loop.o(.ARM.exidx.text.time_second_10ms_serve), (8 bytes).
    Removing loop.o(.text.time_second_20ms_serve), (2 bytes).
    Removing loop.o(.ARM.exidx.text.time_second_20ms_serve), (8 bytes).
    Removing loop.o(.text.time_second_50ms_serve), (2 bytes).
    Removing loop.o(.ARM.exidx.text.time_second_50ms_serve), (8 bytes).
    Removing loop.o(.ARM.exidx.text.time_second_100ms_serve), (8 bytes).
    Removing loop.o(.ARM.exidx.text.time_second_run), (8 bytes).
    Removing loop.o(.ARM.exidx.text.loop_second_base_1ms), (8 bytes).
    Removing loop.o(.ARM.exidx.text.loop), (8 bytes).
    Removing loop.o(.bss.TempAngleLast), (2 bytes).
    Removing loop_it.o(.text), (0 bytes).
    Removing loop_it.o(.ARM.exidx.text.LoopIT_SysTick_20KHz), (8 bytes).
    Removing loop_it.o(.ARM.exidx.text.SysTick_Handler), (8 bytes).
    Removing loop_it.o(.ARM.exidx.text.LoopIT_Priority_Overlay), (8 bytes).
    Removing loop_it.o(.ARM.exidx.text.EXTI9_5_IRQHandler), (8 bytes).
    Removing loop_it.o(.ARM.exidx.text.TIM3_IRQHandler), (8 bytes).
    Removing loop_it.o(.ARM.exidx.text.SPI1_IRQHandler), (8 bytes).
    Removing loop_it.o(.ARM.exidx.text.USB_LP_CAN1_RX0_IRQHandler), (8 bytes).

1100 unused section(s) (total 39816 bytes) removed from the image.

==============================================================================

Image Symbol Table

    Local Symbols

    Symbol Name                              Value     Ov Type        Size  Object(Section)

    ../clib/microlib/init/entry.s            0x00000000   Number         0  entry.o ABSOLUTE
    ../clib/microlib/init/entry.s            0x00000000   Number         0  entry2.o ABSOLUTE
    ../clib/microlib/init/entry.s            0x00000000   Number         0  entry5.o ABSOLUTE
    ../clib/microlib/init/entry.s            0x00000000   Number         0  entry7a.o ABSOLUTE
    ../clib/microlib/init/entry.s            0x00000000   Number         0  entry7b.o ABSOLUTE
    ../clib/microlib/init/entry.s            0x00000000   Number         0  entry8a.o ABSOLUTE
    ../clib/microlib/init/entry.s            0x00000000   Number         0  entry8b.o ABSOLUTE
    ../clib/microlib/init/entry.s            0x00000000   Number         0  entry9a.o ABSOLUTE
    ../clib/microlib/init/entry.s            0x00000000   Number         0  entry9b.o ABSOLUTE
    ../clib/microlib/init/entry.s            0x00000000   Number         0  entry10a.o ABSOLUTE
    ../clib/microlib/init/entry.s            0x00000000   Number         0  entry10b.o ABSOLUTE
    ../clib/microlib/init/entry.s            0x00000000   Number         0  entry11a.o ABSOLUTE
    ../clib/microlib/init/entry.s            0x00000000   Number         0  entry11b.o ABSOLUTE
    ../clib/microlib/string/memset.c         0x00000000   Number         0  memseta.o ABSOLUTE
    ../clib/microlib/stubs.s                 0x00000000   Number         0  iusefp.o ABSOLUTE
    ../fplib/microlib/fpdiv.c                0x00000000   Number         0  fdiv.o ABSOLUTE
    ../fplib/microlib/fpepilogue.c           0x00000000   Number         0  fepilogue.o ABSOLUTE
    ../fplib/microlib/fpfix.c                0x00000000   Number         0  ffixi.o ABSOLUTE
    ../fplib/microlib/fpflt.c                0x00000000   Number         0  fflti.o ABSOLUTE
    ../fplib/microlib/fpmul.c                0x00000000   Number         0  fmul.o ABSOLUTE
    Current_Tracker.c                        0x00000000   Number         0  current_tracker.o ABSOLUTE
    Location_Interp.c                        0x00000000   Number         0  location_interp.o ABSOLUTE
    Location_Tracker.c                       0x00000000   Number         0  location_tracker.o ABSOLUTE
    Move_Reconstruct.c                       0x00000000   Number         0  move_reconstruct.o ABSOLUTE
    Speed_Tracker.c                          0x00000000   Number         0  speed_tracker.o ABSOLUTE
    adc.c                                    0x00000000   Number         0  adc.o ABSOLUTE
    button.c                                 0x00000000   Number         0  button.o ABSOLUTE
    can.c                                    0x00000000   Number         0  can.o ABSOLUTE
    control_config.c                         0x00000000   Number         0  control_config.o ABSOLUTE
    dc.s                                     0x00000000   Number         0  dc.o ABSOLUTE
    dma.c                                    0x00000000   Number         0  dma.o ABSOLUTE
    encode_cali.c                            0x00000000   Number         0  encode_cali.o ABSOLUTE
    gpio.c                                   0x00000000   Number         0  gpio.o ABSOLUTE
    handlers.s                               0x00000000   Number         0  handlers.o ABSOLUTE
    hw_elec.c                                0x00000000   Number         0  hw_elec.o ABSOLUTE
    init.s                                   0x00000000   Number         0  init.o ABSOLUTE
    kernel_port.c                            0x00000000   Number         0  kernel_port.o ABSOLUTE
    loop.c                                   0x00000000   Number         0  loop.o ABSOLUTE
    loop_it.c                                0x00000000   Number         0  loop_it.o ABSOLUTE
    main.c                                   0x00000000   Number         0  main.o ABSOLUTE
    motor_control.c                          0x00000000   Number         0  motor_control.o ABSOLUTE
    mt6816.c                                 0x00000000   Number         0  mt6816.o ABSOLUTE
    power_detect.c                           0x00000000   Number         0  power_detect.o ABSOLUTE
    rein_math.c                              0x00000000   Number         0  rein_math.o ABSOLUTE
    sin_form.c                               0x00000000   Number         0  sin_form.o ABSOLUTE
    spi.c                                    0x00000000   Number         0  spi.o ABSOLUTE
    startup_stm32f103xb.s                    0x00000000   Number         0  startup_stm32f103xb.o ABSOLUTE
    stm32f1xx_hal.c                          0x00000000   Number         0  stm32f1xx_hal.o ABSOLUTE
    stm32f1xx_hal_adc.c                      0x00000000   Number         0  stm32f1xx_hal_adc.o ABSOLUTE
    stm32f1xx_hal_adc_ex.c                   0x00000000   Number         0  stm32f1xx_hal_adc_ex.o ABSOLUTE
    stm32f1xx_hal_can.c                      0x00000000   Number         0  stm32f1xx_hal_can.o ABSOLUTE
    stm32f1xx_hal_cortex.c                   0x00000000   Number         0  stm32f1xx_hal_cortex.o ABSOLUTE
    stm32f1xx_hal_dma.c                      0x00000000   Number         0  stm32f1xx_hal_dma.o ABSOLUTE
    stm32f1xx_hal_exti.c                     0x00000000   Number         0  stm32f1xx_hal_exti.o ABSOLUTE
    stm32f1xx_hal_flash.c                    0x00000000   Number         0  stm32f1xx_hal_flash.o ABSOLUTE
    stm32f1xx_hal_flash_ex.c                 0x00000000   Number         0  stm32f1xx_hal_flash_ex.o ABSOLUTE
    stm32f1xx_hal_gpio.c                     0x00000000   Number         0  stm32f1xx_hal_gpio.o ABSOLUTE
    stm32f1xx_hal_gpio_ex.c                  0x00000000   Number         0  stm32f1xx_hal_gpio_ex.o ABSOLUTE
    stm32f1xx_hal_msp.c                      0x00000000   Number         0  stm32f1xx_hal_msp.o ABSOLUTE
    stm32f1xx_hal_pcd.c                      0x00000000   Number         0  stm32f1xx_hal_pcd.o ABSOLUTE
    stm32f1xx_hal_pcd_ex.c                   0x00000000   Number         0  stm32f1xx_hal_pcd_ex.o ABSOLUTE
    stm32f1xx_hal_pwr.c                      0x00000000   Number         0  stm32f1xx_hal_pwr.o ABSOLUTE
    stm32f1xx_hal_rcc.c                      0x00000000   Number         0  stm32f1xx_hal_rcc.o ABSOLUTE
    stm32f1xx_hal_rcc_ex.c                   0x00000000   Number         0  stm32f1xx_hal_rcc_ex.o ABSOLUTE
    stm32f1xx_hal_spi.c                      0x00000000   Number         0  stm32f1xx_hal_spi.o ABSOLUTE
    stm32f1xx_hal_tim.c                      0x00000000   Number         0  stm32f1xx_hal_tim.o ABSOLUTE
    stm32f1xx_hal_tim_ex.c                   0x00000000   Number         0  stm32f1xx_hal_tim_ex.o ABSOLUTE
    stm32f1xx_hal_uart.c                     0x00000000   Number         0  stm32f1xx_hal_uart.o ABSOLUTE
    stm32f1xx_it.c                           0x00000000   Number         0  stm32f1xx_it.o ABSOLUTE
    stm32f1xx_ll_usb.c                       0x00000000   Number         0  stm32f1xx_ll_usb.o ABSOLUTE
    stockpile_f103cb.c                       0x00000000   Number         0  stockpile_f103cb.o ABSOLUTE
    system_stm32f1xx.c                       0x00000000   Number         0  system_stm32f1xx.o ABSOLUTE
    tim.c                                    0x00000000   Number         0  tim.o ABSOLUTE
    uart_mixed.c                             0x00000000   Number         0  uart_mixed.o ABSOLUTE
    usart.c                                  0x00000000   Number         0  usart.o ABSOLUTE
    .ARM.Collect$$$$00000000                 0x080000ec   Section        0  entry.o(.ARM.Collect$$$$00000000)
    .ARM.Collect$$$$00000001                 0x080000ec   Section        4  entry2.o(.ARM.Collect$$$$00000001)
    .ARM.Collect$$$$00000004                 0x080000f0   Section        4  entry5.o(.ARM.Collect$$$$00000004)
    .ARM.Collect$$$$00000008                 0x080000f4   Section        0  entry7b.o(.ARM.Collect$$$$00000008)
    .ARM.Collect$$$$0000000A                 0x080000f4   Section        0  entry8b.o(.ARM.Collect$$$$0000000A)
    .ARM.Collect$$$$0000000B                 0x080000f4   Section        8  entry9a.o(.ARM.Collect$$$$0000000B)
    __lit__00000000                          0x080000fc   Data           4  entry2.o(.ARM.Collect$$$$00002712)
    .ARM.Collect$$$$0000000D                 0x080000fc   Section        0  entry10a.o(.ARM.Collect$$$$0000000D)
    .ARM.Collect$$$$0000000F                 0x080000fc   Section        0  entry11a.o(.ARM.Collect$$$$0000000F)
    .ARM.Collect$$$$00002712                 0x080000fc   Section        4  entry2.o(.ARM.Collect$$$$00002712)
    .text                                    0x08000124   Section        0  memseta.o(.text)
    .text                                    0x08000148   Section        0  fmul.o(.text)
    .text                                    0x080001ac   Section        0  fdiv.o(.text)
    .text                                    0x08000228   Section        0  fflti.o(.text)
    .text                                    0x0800023a   Section        0  ffixi.o(.text)
    .text                                    0x0800026c   Section        0  iusefp.o(.text)
    .text                                    0x0800026c   Section        0  fepilogue.o(.text)
    .text                                    0x080002dc   Section       36  init.o(.text)
    [Anonymous Symbol]                       0x08000300   Section        0  stm32f1xx_it.o(.text.BusFault_Handler)
    [Anonymous Symbol]                       0x08000304   Section        0  button.o(.text.Button_Init)
    [Anonymous Symbol]                       0x0800032a   Section        0  can.o(.text.CAN_FilterInit)
    [Anonymous Symbol]                       0x0800035c   Section        0  encode_cali.o(.text.Calibration_Data_Check)
    [Anonymous Symbol]                       0x08000500   Section        0  encode_cali.o(.text.Calibration_Init)
    [Anonymous Symbol]                       0x0800051c   Section        0  encode_cali.o(.text.Calibration_Interrupt_Callback)
    [Anonymous Symbol]                       0x0800067c   Section        0  encode_cali.o(.text.Calibration_Loop_Callback)
    [Anonymous Symbol]                       0x08000a80   Section        0  motor_control.o(.text.Control_Cur_To_Electric)
    [Anonymous Symbol]                       0x08000aa6   Section        0  motor_control.o(.text.Control_DCE_Init)
    [Anonymous Symbol]                       0x08000af2   Section        0  motor_control.o(.text.Control_DCE_To_Electric)
    [Anonymous Symbol]                       0x08000c06   Section        0  motor_control.o(.text.Control_PID_Init)
    [Anonymous Symbol]                       0x08000c3e   Section        0  motor_control.o(.text.Control_PID_To_Electric)
    [Anonymous Symbol]                       0x08000d28   Section        0  current_tracker.o(.text.Current_Tracker_Capture_Goal)
    [Anonymous Symbol]                       0x08000e14   Section        0  current_tracker.o(.text.Current_Tracker_Init)
    [Anonymous Symbol]                       0x08000e42   Section        0  current_tracker.o(.text.Current_Tracker_NewTask)
    [Anonymous Symbol]                       0x08000e54   Section        0  encode_cali.o(.text.CycleDataAverage)
    [Anonymous Symbol]                       0x08000eae   Section        0  stm32f1xx_it.o(.text.DebugMon_Handler)
    [Anonymous Symbol]                       0x08000eb0   Section        0  loop_it.o(.text.EXTI9_5_IRQHandler)
    [Anonymous Symbol]                       0x08000eb2   Section        0  main.o(.text.Error_Handler)
    FLASH_SetErrorCode                       0x08000eb5   Thumb Code    96  stm32f1xx_hal_flash.o(.text.FLASH_SetErrorCode)
    [Anonymous Symbol]                       0x08000eb4   Section        0  stm32f1xx_hal_flash.o(.text.FLASH_SetErrorCode)
    [Anonymous Symbol]                       0x08000f14   Section        0  stm32f1xx_hal_flash.o(.text.FLASH_WaitForLastOperation)
    [Anonymous Symbol]                       0x08000f78   Section        0  gpio.o(.text.GPIO_Status_Led_Init)
    [Anonymous Symbol]                       0x08000fbc   Section        0  stm32f1xx_hal_can.o(.text.HAL_CAN_ActivateNotification)
    [Anonymous Symbol]                       0x08000fe2   Section        0  stm32f1xx_hal_can.o(.text.HAL_CAN_AddTxMessage)
    [Anonymous Symbol]                       0x08001084   Section        0  stm32f1xx_hal_can.o(.text.HAL_CAN_ConfigFilter)
    [Anonymous Symbol]                       0x0800116c   Section        0  stm32f1xx_hal_can.o(.text.HAL_CAN_ErrorCallback)
    [Anonymous Symbol]                       0x0800116e   Section        0  stm32f1xx_hal_can.o(.text.HAL_CAN_GetRxMessage)
    [Anonymous Symbol]                       0x0800127c   Section        0  stm32f1xx_hal_can.o(.text.HAL_CAN_IRQHandler)
    [Anonymous Symbol]                       0x0800147c   Section        0  stm32f1xx_hal_can.o(.text.HAL_CAN_Init)
    [Anonymous Symbol]                       0x08001578   Section        0  can.o(.text.HAL_CAN_MspInit)
    [Anonymous Symbol]                       0x08001622   Section        0  stm32f1xx_hal_can.o(.text.HAL_CAN_RxFifo0FullCallback)
    [Anonymous Symbol]                       0x08001624   Section        0  can.o(.text.HAL_CAN_RxFifo0MsgPendingCallback)
    [Anonymous Symbol]                       0x0800168e   Section        0  stm32f1xx_hal_can.o(.text.HAL_CAN_RxFifo1FullCallback)
    [Anonymous Symbol]                       0x08001690   Section        0  stm32f1xx_hal_can.o(.text.HAL_CAN_RxFifo1MsgPendingCallback)
    [Anonymous Symbol]                       0x08001692   Section        0  stm32f1xx_hal_can.o(.text.HAL_CAN_SleepCallback)
    [Anonymous Symbol]                       0x08001694   Section        0  stm32f1xx_hal_can.o(.text.HAL_CAN_Start)
    [Anonymous Symbol]                       0x080016ec   Section        0  stm32f1xx_hal_can.o(.text.HAL_CAN_TxMailbox0AbortCallback)
    [Anonymous Symbol]                       0x080016ee   Section        0  stm32f1xx_hal_can.o(.text.HAL_CAN_TxMailbox0CompleteCallback)
    [Anonymous Symbol]                       0x080016f0   Section        0  stm32f1xx_hal_can.o(.text.HAL_CAN_TxMailbox1AbortCallback)
    [Anonymous Symbol]                       0x080016f2   Section        0  stm32f1xx_hal_can.o(.text.HAL_CAN_TxMailbox1CompleteCallback)
    [Anonymous Symbol]                       0x080016f4   Section        0  stm32f1xx_hal_can.o(.text.HAL_CAN_TxMailbox2AbortCallback)
    [Anonymous Symbol]                       0x080016f6   Section        0  stm32f1xx_hal_can.o(.text.HAL_CAN_TxMailbox2CompleteCallback)
    [Anonymous Symbol]                       0x080016f8   Section        0  stm32f1xx_hal_can.o(.text.HAL_CAN_WakeUpFromRxMsgCallback)
    [Anonymous Symbol]                       0x080016fa   Section        0  stm32f1xx_hal_dma.o(.text.HAL_DMA_Abort_IT)
    [Anonymous Symbol]                       0x080017a4   Section        0  stm32f1xx_hal.o(.text.HAL_Delay)
    [Anonymous Symbol]                       0x080017cc   Section        0  stm32f1xx_hal_flash_ex.o(.text.HAL_FLASHEx_Erase)
    [Anonymous Symbol]                       0x080018a0   Section        0  stm32f1xx_hal_flash.o(.text.HAL_FLASH_Lock)
    [Anonymous Symbol]                       0x080018b4   Section        0  stm32f1xx_hal_flash.o(.text.HAL_FLASH_Program)
    [Anonymous Symbol]                       0x0800196a   Section        0  stm32f1xx_hal_flash.o(.text.HAL_FLASH_Unlock)
    [Anonymous Symbol]                       0x08001998   Section        0  stm32f1xx_hal_gpio.o(.text.HAL_GPIO_Init)
    [Anonymous Symbol]                       0x08001b9a   Section        0  stm32f1xx_hal_gpio.o(.text.HAL_GPIO_ReadPin)
    [Anonymous Symbol]                       0x08001ba4   Section        0  stm32f1xx_hal_gpio.o(.text.HAL_GPIO_WritePin)
    [Anonymous Symbol]                       0x08001bae   Section        0  stm32f1xx_hal.o(.text.HAL_GetTick)
    [Anonymous Symbol]                       0x08001bba   Section        0  stm32f1xx_hal.o(.text.HAL_IncTick)
    [Anonymous Symbol]                       0x08001bd4   Section        0  stm32f1xx_hal.o(.text.HAL_Init)
    [Anonymous Symbol]                       0x08001bfa   Section        0  stm32f1xx_hal.o(.text.HAL_InitTick)
    [Anonymous Symbol]                       0x08001c46   Section        0  stm32f1xx_hal_msp.o(.text.HAL_MspInit)
    [Anonymous Symbol]                       0x08001c88   Section        0  stm32f1xx_hal_cortex.o(.text.HAL_NVIC_EnableIRQ)
    [Anonymous Symbol]                       0x08001ca6   Section        0  stm32f1xx_hal_cortex.o(.text.HAL_NVIC_SetPriority)
    [Anonymous Symbol]                       0x08001d02   Section        0  stm32f1xx_hal_cortex.o(.text.HAL_NVIC_SetPriorityGrouping)
    [Anonymous Symbol]                       0x08001d24   Section        0  stm32f1xx_hal_rcc_ex.o(.text.HAL_RCCEx_PeriphCLKConfig)
    [Anonymous Symbol]                       0x08001e20   Section        0  stm32f1xx_hal_rcc.o(.text.HAL_RCC_ClockConfig)
    [Anonymous Symbol]                       0x08001f88   Section        0  stm32f1xx_hal_rcc.o(.text.HAL_RCC_GetSysClockFreq)
    [Anonymous Symbol]                       0x08001ff4   Section        0  stm32f1xx_hal_rcc.o(.text.HAL_RCC_OscConfig)
    [Anonymous Symbol]                       0x08002338   Section        0  stm32f1xx_hal_spi.o(.text.HAL_SPI_ErrorCallback)
    [Anonymous Symbol]                       0x0800233a   Section        0  stm32f1xx_hal_spi.o(.text.HAL_SPI_IRQHandler)
    [Anonymous Symbol]                       0x08002432   Section        0  stm32f1xx_hal_spi.o(.text.HAL_SPI_Init)
    [Anonymous Symbol]                       0x080024ac   Section        0  stm32f1xx_hal_spi.o(.text.HAL_SPI_MspInit)
    [Anonymous Symbol]                       0x080024b0   Section        0  stm32f1xx_hal_spi.o(.text.HAL_SPI_TransmitReceive)
    [Anonymous Symbol]                       0x08002696   Section        0  stm32f1xx_hal_cortex.o(.text.HAL_SYSTICK_Config)
    [Anonymous Symbol]                       0x080026c2   Section        0  stm32f1xx_hal_tim_ex.o(.text.HAL_TIMEx_MasterConfigSynchronization)
    [Anonymous Symbol]                       0x08002704   Section        0  stm32f1xx_hal_tim.o(.text.HAL_TIM_PWM_ConfigChannel)
    [Anonymous Symbol]                       0x080027a2   Section        0  stm32f1xx_hal_tim.o(.text.HAL_TIM_PWM_Init)
    [Anonymous Symbol]                       0x080027d6   Section        0  stm32f1xx_hal_tim.o(.text.HAL_TIM_PWM_MspInit)
    [Anonymous Symbol]                       0x080027d8   Section        0  stm32f1xx_hal_tim.o(.text.HAL_TIM_PWM_Start)
    [Anonymous Symbol]                       0x0800281c   Section        0  stm32f1xx_it.o(.text.HardFault_Handler)
    [Anonymous Symbol]                       0x0800281e   Section        0  location_interp.o(.text.Location_Interp_Capture_Goal)
    [Anonymous Symbol]                       0x08002852   Section        0  location_interp.o(.text.Location_Interp_Init)
    [Anonymous Symbol]                       0x08002864   Section        0  location_interp.o(.text.Location_Interp_NewTask)
    [Anonymous Symbol]                       0x08002876   Section        0  location_tracker.o(.text.Location_Tracker_Capture_Goal)
    [Anonymous Symbol]                       0x08002a42   Section        0  location_tracker.o(.text.Location_Tracker_Init)
    [Anonymous Symbol]                       0x08002a92   Section        0  location_tracker.o(.text.Location_Tracker_NewTask)
    [Anonymous Symbol]                       0x08002aa6   Section        0  location_tracker.o(.text.Location_Tracker_Set_Default)
    [Anonymous Symbol]                       0x08002acc   Section        0  location_tracker.o(.text.Location_Tracker_Set_DownAcc)
    [Anonymous Symbol]                       0x08002b12   Section        0  loop_it.o(.text.LoopIT_Priority_Overlay)
    [Anonymous Symbol]                       0x08002b2e   Section        0  loop_it.o(.text.LoopIT_SysTick_20KHz)
    [Anonymous Symbol]                       0x08002b56   Section        0  can.o(.text.MX_CAN_Init)
    [Anonymous Symbol]                       0x08002b98   Section        0  stm32f1xx_it.o(.text.MemManage_Handler)
    [Anonymous Symbol]                       0x08002b9a   Section        0  motor_control.o(.text.Motor_Control_AdvanceCompen)
    [Anonymous Symbol]                       0x08002c8c   Section        0  motor_control.o(.text.Motor_Control_Callback)
    [Anonymous Symbol]                       0x080030ae   Section        0  motor_control.o(.text.Motor_Control_Clear_Stall)
    [Anonymous Symbol]                       0x080030c0   Section        0  motor_control.o(.text.Motor_Control_Init)
    [Anonymous Symbol]                       0x08003128   Section        0  motor_control.o(.text.Motor_Control_SetMotorMode)
    [Anonymous Symbol]                       0x08003138   Section        0  motor_control.o(.text.Motor_Control_Write_Goal_Location)
    [Anonymous Symbol]                       0x08003144   Section        0  motor_control.o(.text.Motor_LimitFinder_Loop)
    [Anonymous Symbol]                       0x080032ca   Section        0  motor_control.o(.text.Motor_LimitFinder_Start)
    [Anonymous Symbol]                       0x080032ea   Section        0  move_reconstruct.o(.text.Move_Reconstruct_Capture_Goal)
    [Anonymous Symbol]                       0x08003428   Section        0  move_reconstruct.o(.text.Move_Reconstruct_Init)
    [Anonymous Symbol]                       0x08003462   Section        0  move_reconstruct.o(.text.Move_Reconstruct_NewTask)
    [Anonymous Symbol]                       0x0800347a   Section        0  stm32f1xx_it.o(.text.NMI_Handler)
    [Anonymous Symbol]                       0x0800347c   Section        0  stm32f1xx_it.o(.text.PendSV_Handler)
    [Anonymous Symbol]                       0x0800347e   Section        0  gpio.o(.text.REIN_GPIO_Button_Init)
    [Anonymous Symbol]                       0x080034ec   Section        0  gpio.o(.text.REIN_GPIO_HwElec_Init)
    [Anonymous Symbol]                       0x080035b6   Section        0  gpio.o(.text.REIN_GPIO_MT6816_SPI_Init)
    [Anonymous Symbol]                       0x080035fa   Section        0  hw_elec.o(.text.REIN_HW_Elec_Init)
    [Anonymous Symbol]                       0x08003608   Section        0  hw_elec.o(.text.REIN_HW_Elec_SetBrake)
    [Anonymous Symbol]                       0x08003646   Section        0  hw_elec.o(.text.REIN_HW_Elec_SetDivideElec)
    [Anonymous Symbol]                       0x08003754   Section        0  hw_elec.o(.text.REIN_HW_Elec_SetSleep)
    [Anonymous Symbol]                       0x08003792   Section        0  mt6816.o(.text.REIN_MT6816_Get_AngleData)
    [Anonymous Symbol]                       0x080037c0   Section        0  mt6816.o(.text.REIN_MT6816_Init)
    [Anonymous Symbol]                       0x08003816   Section        0  spi.o(.text.REIN_SPI_MT6816_SPI_Init)
    [Anonymous Symbol]                       0x08003916   Section        0  tim.o(.text.REIN_TIM_HwElec_Init)
    [Anonymous Symbol]                       0x08003a58   Section        0  mt6816.o(.text.RINE_MT6816_SPI_Get_AngleData)
    [Anonymous Symbol]                       0x08003b1c   Section        0  loop_it.o(.text.SPI1_IRQHandler)
    SPI_DMAAbortOnError                      0x08003b29   Thumb Code    12  stm32f1xx_hal_spi.o(.text.SPI_DMAAbortOnError)
    [Anonymous Symbol]                       0x08003b28   Section        0  stm32f1xx_hal_spi.o(.text.SPI_DMAAbortOnError)
    SPI_WaitFlagStateUntilTimeout            0x08003b35   Thumb Code   140  stm32f1xx_hal_spi.o(.text.SPI_WaitFlagStateUntilTimeout)
    [Anonymous Symbol]                       0x08003b34   Section        0  stm32f1xx_hal_spi.o(.text.SPI_WaitFlagStateUntilTimeout)
    [Anonymous Symbol]                       0x08003bc0   Section        0  stm32f1xx_it.o(.text.SVC_Handler)
    [Anonymous Symbol]                       0x08003bc2   Section        0  speed_tracker.o(.text.Speed_Tracker_Capture_Goal)
    [Anonymous Symbol]                       0x08003cae   Section        0  speed_tracker.o(.text.Speed_Tracker_Init)
    [Anonymous Symbol]                       0x08003ce4   Section        0  speed_tracker.o(.text.Speed_Tracker_NewTask)
    [Anonymous Symbol]                       0x08003cf4   Section        0  stockpile_f103cb.o(.text.Stockpile_Flash_Data_Begin)
    [Anonymous Symbol]                       0x08003d04   Section        0  stockpile_f103cb.o(.text.Stockpile_Flash_Data_Empty)
    [Anonymous Symbol]                       0x08003d6c   Section        0  stockpile_f103cb.o(.text.Stockpile_Flash_Data_End)
    [Anonymous Symbol]                       0x08003d70   Section        0  stockpile_f103cb.o(.text.Stockpile_Flash_Data_Write_Data16)
    [Anonymous Symbol]                       0x08003db2   Section        0  loop_it.o(.text.SysTick_Handler)
    [Anonymous Symbol]                       0x08003e0a   Section        0  main.o(.text.SystemClock_Config)
    [Anonymous Symbol]                       0x08003e68   Section        0  system_stm32f1xx.o(.text.SystemInit)
    [Anonymous Symbol]                       0x08003eb8   Section        0  loop_it.o(.text.TIM3_IRQHandler)
    [Anonymous Symbol]                       0x08003eba   Section        0  stm32f1xx_hal_tim.o(.text.TIM_Base_SetConfig)
    TIM_OC1_SetConfig                        0x08003f29   Thumb Code    92  stm32f1xx_hal_tim.o(.text.TIM_OC1_SetConfig)
    [Anonymous Symbol]                       0x08003f28   Section        0  stm32f1xx_hal_tim.o(.text.TIM_OC1_SetConfig)
    [Anonymous Symbol]                       0x08003f84   Section        0  stm32f1xx_hal_tim.o(.text.TIM_OC2_SetConfig)
    TIM_OC3_SetConfig                        0x08003fe9   Thumb Code   100  stm32f1xx_hal_tim.o(.text.TIM_OC3_SetConfig)
    [Anonymous Symbol]                       0x08003fe8   Section        0  stm32f1xx_hal_tim.o(.text.TIM_OC3_SetConfig)
    TIM_OC4_SetConfig                        0x0800404d   Thumb Code    76  stm32f1xx_hal_tim.o(.text.TIM_OC4_SetConfig)
    [Anonymous Symbol]                       0x0800404c   Section        0  stm32f1xx_hal_tim.o(.text.TIM_OC4_SetConfig)
    [Anonymous Symbol]                       0x08004098   Section        0  loop_it.o(.text.USB_LP_CAN1_RX0_IRQHandler)
    [Anonymous Symbol]                       0x080040a4   Section        0  stm32f1xx_it.o(.text.UsageFault_Handler)
    [Anonymous Symbol]                       0x080040a8   Section        0  loop.o(.text.loop)
    [Anonymous Symbol]                       0x08004140   Section        0  loop.o(.text.loop_second_base_1ms)
    [Anonymous Symbol]                       0x08004200   Section        0  main.o(.text.main)
    [Anonymous Symbol]                       0x0800420e   Section        0  loop.o(.text.time_second_100ms_serve)
    [Anonymous Symbol]                       0x080042f6   Section        0  loop.o(.text.time_second_run)
    i.__scatterload_copy                     0x08004354   Section       14  handlers.o(i.__scatterload_copy)
    i.__scatterload_null                     0x08004362   Section        2  handlers.o(i.__scatterload_null)
    i.__scatterload_zeroinit                 0x08004364   Section       14  handlers.o(i.__scatterload_zeroinit)
    Motor_Control_Callback.first_call        0x20000020   Data           1  motor_control.o(.bss.Motor_Control_Callback.first_call)
    [Anonymous Symbol]                       0x20000020   Section        0  motor_control.o(.bss.Motor_Control_Callback.first_call)
    REIN_HW_Elec_SetDivideElec.last_elec_ma  0x20000024   Data           4  hw_elec.o(.bss.REIN_HW_Elec_SetDivideElec.last_elec_ma)
    [Anonymous Symbol]                       0x20000024   Section        0  hw_elec.o(.bss.REIN_HW_Elec_SetDivideElec.last_elec_ma)
    time_second_100ms                        0x2000067c   Data           4  loop.o(.bss.time_second_100ms)
    [Anonymous Symbol]                       0x2000067c   Section        0  loop.o(.bss.time_second_100ms)
    time_second_10ms                         0x20000680   Data           4  loop.o(.bss.time_second_10ms)
    [Anonymous Symbol]                       0x20000680   Section        0  loop.o(.bss.time_second_10ms)
    time_second_1ms                          0x20000684   Data           4  loop.o(.bss.time_second_1ms)
    [Anonymous Symbol]                       0x20000684   Section        0  loop.o(.bss.time_second_1ms)
    time_second_20ms                         0x20000688   Data           4  loop.o(.bss.time_second_20ms)
    [Anonymous Symbol]                       0x20000688   Section        0  loop.o(.bss.time_second_20ms)
    time_second_50ms                         0x2000068c   Data           4  loop.o(.bss.time_second_50ms)
    [Anonymous Symbol]                       0x2000068c   Section        0  loop.o(.bss.time_second_50ms)

    Global Symbols

    Symbol Name                              Value     Ov Type        Size  Object(Section)

    BuildAttributes$$THM_ISAv4$P$D$K$B$S$PE$A:L22UL41UL21$X:L11$S22US41US21$IEEE1$IW$~IW$USESV6$~STKCKD$USESV7$~SHL$OTIME$ROPI$EBA8$MICROLIB$REQ8$PRES8$EABIv2 0x00000000   Number         0  anon$$obj.o ABSOLUTE
    __cpp_initialize__aeabi_                  - Undefined Weak Reference
    __cxa_finalize                            - Undefined Weak Reference
    __decompress                              - Undefined Weak Reference
    _clock_init                               - Undefined Weak Reference
    _microlib_exit                            - Undefined Weak Reference
    __Vectors_Size                           0x000000ec   Number         0  startup_stm32f103xb.o ABSOLUTE
    __Vectors                                0x08000000   Data           4  startup_stm32f103xb.o(RESET)
    RESET                                    0x08000000   Section      236  startup_stm32f103xb.o(RESET)
    __Vectors_End                            0x080000ec   Data           0  startup_stm32f103xb.o(RESET)
    __main                                   0x080000ed   Thumb Code     0  entry.o(.ARM.Collect$$$$00000000)
    _main_stk                                0x080000ed   Thumb Code     0  entry2.o(.ARM.Collect$$$$00000001)
    _main_scatterload                        0x080000f1   Thumb Code     0  entry5.o(.ARM.Collect$$$$00000004)
    __main_after_scatterload                 0x080000f5   Thumb Code     0  entry5.o(.ARM.Collect$$$$00000004)
    _main_clock                              0x080000f5   Thumb Code     0  entry7b.o(.ARM.Collect$$$$00000008)
    _main_cpp_init                           0x080000f5   Thumb Code     0  entry8b.o(.ARM.Collect$$$$0000000A)
    _main_init                               0x080000f5   Thumb Code     0  entry9a.o(.ARM.Collect$$$$0000000B)
    __rt_final_cpp                           0x080000fd   Thumb Code     0  entry10a.o(.ARM.Collect$$$$0000000D)
    __rt_final_exit                          0x080000fd   Thumb Code     0  entry11a.o(.ARM.Collect$$$$0000000F)
    Reset_Handler                            0x08000101   Thumb Code     8  startup_stm32f103xb.o(.text)
    .text                                    0x08000100   Section       36  startup_stm32f103xb.o(.text)
    ADC1_2_IRQHandler                        0x0800011b   Thumb Code     0  startup_stm32f103xb.o(.text)
    CAN1_RX1_IRQHandler                      0x0800011b   Thumb Code     0  startup_stm32f103xb.o(.text)
    CAN1_SCE_IRQHandler                      0x0800011b   Thumb Code     0  startup_stm32f103xb.o(.text)
    DMA1_Channel1_IRQHandler                 0x0800011b   Thumb Code     0  startup_stm32f103xb.o(.text)
    DMA1_Channel2_IRQHandler                 0x0800011b   Thumb Code     0  startup_stm32f103xb.o(.text)
    DMA1_Channel3_IRQHandler                 0x0800011b   Thumb Code     0  startup_stm32f103xb.o(.text)
    DMA1_Channel4_IRQHandler                 0x0800011b   Thumb Code     0  startup_stm32f103xb.o(.text)
    DMA1_Channel5_IRQHandler                 0x0800011b   Thumb Code     0  startup_stm32f103xb.o(.text)
    DMA1_Channel6_IRQHandler                 0x0800011b   Thumb Code     0  startup_stm32f103xb.o(.text)
    DMA1_Channel7_IRQHandler                 0x0800011b   Thumb Code     0  startup_stm32f103xb.o(.text)
    EXTI0_IRQHandler                         0x0800011b   Thumb Code     0  startup_stm32f103xb.o(.text)
    EXTI15_10_IRQHandler                     0x0800011b   Thumb Code     0  startup_stm32f103xb.o(.text)
    EXTI1_IRQHandler                         0x0800011b   Thumb Code     0  startup_stm32f103xb.o(.text)
    EXTI2_IRQHandler                         0x0800011b   Thumb Code     0  startup_stm32f103xb.o(.text)
    EXTI3_IRQHandler                         0x0800011b   Thumb Code     0  startup_stm32f103xb.o(.text)
    EXTI4_IRQHandler                         0x0800011b   Thumb Code     0  startup_stm32f103xb.o(.text)
    FLASH_IRQHandler                         0x0800011b   Thumb Code     0  startup_stm32f103xb.o(.text)
    I2C1_ER_IRQHandler                       0x0800011b   Thumb Code     0  startup_stm32f103xb.o(.text)
    I2C1_EV_IRQHandler                       0x0800011b   Thumb Code     0  startup_stm32f103xb.o(.text)
    I2C2_ER_IRQHandler                       0x0800011b   Thumb Code     0  startup_stm32f103xb.o(.text)
    I2C2_EV_IRQHandler                       0x0800011b   Thumb Code     0  startup_stm32f103xb.o(.text)
    PVD_IRQHandler                           0x0800011b   Thumb Code     0  startup_stm32f103xb.o(.text)
    RCC_IRQHandler                           0x0800011b   Thumb Code     0  startup_stm32f103xb.o(.text)
    RTC_Alarm_IRQHandler                     0x0800011b   Thumb Code     0  startup_stm32f103xb.o(.text)
    RTC_IRQHandler                           0x0800011b   Thumb Code     0  startup_stm32f103xb.o(.text)
    SPI2_IRQHandler                          0x0800011b   Thumb Code     0  startup_stm32f103xb.o(.text)
    TAMPER_IRQHandler                        0x0800011b   Thumb Code     0  startup_stm32f103xb.o(.text)
    TIM1_BRK_IRQHandler                      0x0800011b   Thumb Code     0  startup_stm32f103xb.o(.text)
    TIM1_CC_IRQHandler                       0x0800011b   Thumb Code     0  startup_stm32f103xb.o(.text)
    TIM1_TRG_COM_IRQHandler                  0x0800011b   Thumb Code     0  startup_stm32f103xb.o(.text)
    TIM1_UP_IRQHandler                       0x0800011b   Thumb Code     0  startup_stm32f103xb.o(.text)
    TIM2_IRQHandler                          0x0800011b   Thumb Code     0  startup_stm32f103xb.o(.text)
    TIM4_IRQHandler                          0x0800011b   Thumb Code     0  startup_stm32f103xb.o(.text)
    USART1_IRQHandler                        0x0800011b   Thumb Code     0  startup_stm32f103xb.o(.text)
    USART2_IRQHandler                        0x0800011b   Thumb Code     0  startup_stm32f103xb.o(.text)
    USART3_IRQHandler                        0x0800011b   Thumb Code     0  startup_stm32f103xb.o(.text)
    USBWakeUp_IRQHandler                     0x0800011b   Thumb Code     0  startup_stm32f103xb.o(.text)
    USB_HP_CAN1_TX_IRQHandler                0x0800011b   Thumb Code     0  startup_stm32f103xb.o(.text)
    WWDG_IRQHandler                          0x0800011b   Thumb Code     0  startup_stm32f103xb.o(.text)
    __aeabi_memset                           0x08000125   Thumb Code    14  memseta.o(.text)
    __aeabi_memset4                          0x08000125   Thumb Code     0  memseta.o(.text)
    __aeabi_memset8                          0x08000125   Thumb Code     0  memseta.o(.text)
    __aeabi_memclr                           0x08000133   Thumb Code     4  memseta.o(.text)
    __aeabi_memclr4                          0x08000133   Thumb Code     0  memseta.o(.text)
    __aeabi_memclr8                          0x08000133   Thumb Code     0  memseta.o(.text)
    _memset$wrapper                          0x08000137   Thumb Code    18  memseta.o(.text)
    __aeabi_fmul                             0x08000149   Thumb Code   100  fmul.o(.text)
    __aeabi_fdiv                             0x080001ad   Thumb Code   124  fdiv.o(.text)
    __aeabi_i2f                              0x08000229   Thumb Code    18  fflti.o(.text)
    __aeabi_f2iz                             0x0800023b   Thumb Code    50  ffixi.o(.text)
    __I$use$fp                               0x0800026d   Thumb Code     0  iusefp.o(.text)
    _float_round                             0x0800026d   Thumb Code    18  fepilogue.o(.text)
    _float_epilogue                          0x0800027f   Thumb Code    92  fepilogue.o(.text)
    __scatterload                            0x080002dd   Thumb Code    28  init.o(.text)
    __scatterload_rt2                        0x080002dd   Thumb Code     0  init.o(.text)
    BusFault_Handler                         0x08000301   Thumb Code     2  stm32f1xx_it.o(.text.BusFault_Handler)
    Button_Init                              0x08000305   Thumb Code    38  button.o(.text.Button_Init)
    CAN_FilterInit                           0x0800032b   Thumb Code    50  can.o(.text.CAN_FilterInit)
    Calibration_Data_Check                   0x0800035d   Thumb Code   420  encode_cali.o(.text.Calibration_Data_Check)
    Calibration_Init                         0x08000501   Thumb Code    28  encode_cali.o(.text.Calibration_Init)
    Calibration_Interrupt_Callback           0x0800051d   Thumb Code   352  encode_cali.o(.text.Calibration_Interrupt_Callback)
    Calibration_Loop_Callback                0x0800067d   Thumb Code  1028  encode_cali.o(.text.Calibration_Loop_Callback)
    Control_Cur_To_Electric                  0x08000a81   Thumb Code    38  motor_control.o(.text.Control_Cur_To_Electric)
    Control_DCE_Init                         0x08000aa7   Thumb Code    76  motor_control.o(.text.Control_DCE_Init)
    Control_DCE_To_Electric                  0x08000af3   Thumb Code   276  motor_control.o(.text.Control_DCE_To_Electric)
    Control_PID_Init                         0x08000c07   Thumb Code    56  motor_control.o(.text.Control_PID_Init)
    Control_PID_To_Electric                  0x08000c3f   Thumb Code   234  motor_control.o(.text.Control_PID_To_Electric)
    Current_Tracker_Capture_Goal             0x08000d29   Thumb Code   236  current_tracker.o(.text.Current_Tracker_Capture_Goal)
    Current_Tracker_Init                     0x08000e15   Thumb Code    46  current_tracker.o(.text.Current_Tracker_Init)
    Current_Tracker_NewTask                  0x08000e43   Thumb Code    16  current_tracker.o(.text.Current_Tracker_NewTask)
    CycleDataAverage                         0x08000e55   Thumb Code    90  encode_cali.o(.text.CycleDataAverage)
    DebugMon_Handler                         0x08000eaf   Thumb Code     2  stm32f1xx_it.o(.text.DebugMon_Handler)
    EXTI9_5_IRQHandler                       0x08000eb1   Thumb Code     2  loop_it.o(.text.EXTI9_5_IRQHandler)
    Error_Handler                            0x08000eb3   Thumb Code     2  main.o(.text.Error_Handler)
    FLASH_WaitForLastOperation               0x08000f15   Thumb Code   100  stm32f1xx_hal_flash.o(.text.FLASH_WaitForLastOperation)
    GPIO_Status_Led_Init                     0x08000f79   Thumb Code    68  gpio.o(.text.GPIO_Status_Led_Init)
    HAL_CAN_ActivateNotification             0x08000fbd   Thumb Code    38  stm32f1xx_hal_can.o(.text.HAL_CAN_ActivateNotification)
    HAL_CAN_AddTxMessage                     0x08000fe3   Thumb Code   162  stm32f1xx_hal_can.o(.text.HAL_CAN_AddTxMessage)
    HAL_CAN_ConfigFilter                     0x08001085   Thumb Code   232  stm32f1xx_hal_can.o(.text.HAL_CAN_ConfigFilter)
    HAL_CAN_ErrorCallback                    0x0800116d   Thumb Code     2  stm32f1xx_hal_can.o(.text.HAL_CAN_ErrorCallback)
    HAL_CAN_GetRxMessage                     0x0800116f   Thumb Code   270  stm32f1xx_hal_can.o(.text.HAL_CAN_GetRxMessage)
    HAL_CAN_IRQHandler                       0x0800127d   Thumb Code   512  stm32f1xx_hal_can.o(.text.HAL_CAN_IRQHandler)
    HAL_CAN_Init                             0x0800147d   Thumb Code   252  stm32f1xx_hal_can.o(.text.HAL_CAN_Init)
    HAL_CAN_MspInit                          0x08001579   Thumb Code   170  can.o(.text.HAL_CAN_MspInit)
    HAL_CAN_RxFifo0FullCallback              0x08001623   Thumb Code     2  stm32f1xx_hal_can.o(.text.HAL_CAN_RxFifo0FullCallback)
    HAL_CAN_RxFifo0MsgPendingCallback        0x08001625   Thumb Code   106  can.o(.text.HAL_CAN_RxFifo0MsgPendingCallback)
    HAL_CAN_RxFifo1FullCallback              0x0800168f   Thumb Code     2  stm32f1xx_hal_can.o(.text.HAL_CAN_RxFifo1FullCallback)
    HAL_CAN_RxFifo1MsgPendingCallback        0x08001691   Thumb Code     2  stm32f1xx_hal_can.o(.text.HAL_CAN_RxFifo1MsgPendingCallback)
    HAL_CAN_SleepCallback                    0x08001693   Thumb Code     2  stm32f1xx_hal_can.o(.text.HAL_CAN_SleepCallback)
    HAL_CAN_Start                            0x08001695   Thumb Code    88  stm32f1xx_hal_can.o(.text.HAL_CAN_Start)
    HAL_CAN_TxMailbox0AbortCallback          0x080016ed   Thumb Code     2  stm32f1xx_hal_can.o(.text.HAL_CAN_TxMailbox0AbortCallback)
    HAL_CAN_TxMailbox0CompleteCallback       0x080016ef   Thumb Code     2  stm32f1xx_hal_can.o(.text.HAL_CAN_TxMailbox0CompleteCallback)
    HAL_CAN_TxMailbox1AbortCallback          0x080016f1   Thumb Code     2  stm32f1xx_hal_can.o(.text.HAL_CAN_TxMailbox1AbortCallback)
    HAL_CAN_TxMailbox1CompleteCallback       0x080016f3   Thumb Code     2  stm32f1xx_hal_can.o(.text.HAL_CAN_TxMailbox1CompleteCallback)
    HAL_CAN_TxMailbox2AbortCallback          0x080016f5   Thumb Code     2  stm32f1xx_hal_can.o(.text.HAL_CAN_TxMailbox2AbortCallback)
    HAL_CAN_TxMailbox2CompleteCallback       0x080016f7   Thumb Code     2  stm32f1xx_hal_can.o(.text.HAL_CAN_TxMailbox2CompleteCallback)
    HAL_CAN_WakeUpFromRxMsgCallback          0x080016f9   Thumb Code     2  stm32f1xx_hal_can.o(.text.HAL_CAN_WakeUpFromRxMsgCallback)
    HAL_DMA_Abort_IT                         0x080016fb   Thumb Code   170  stm32f1xx_hal_dma.o(.text.HAL_DMA_Abort_IT)
    HAL_Delay                                0x080017a5   Thumb Code    40  stm32f1xx_hal.o(.text.HAL_Delay)
    HAL_FLASHEx_Erase                        0x080017cd   Thumb Code   212  stm32f1xx_hal_flash_ex.o(.text.HAL_FLASHEx_Erase)
    HAL_FLASH_Lock                           0x080018a1   Thumb Code    20  stm32f1xx_hal_flash.o(.text.HAL_FLASH_Lock)
    HAL_FLASH_Program                        0x080018b5   Thumb Code   182  stm32f1xx_hal_flash.o(.text.HAL_FLASH_Program)
    HAL_FLASH_Unlock                         0x0800196b   Thumb Code    46  stm32f1xx_hal_flash.o(.text.HAL_FLASH_Unlock)
    HAL_GPIO_Init                            0x08001999   Thumb Code   514  stm32f1xx_hal_gpio.o(.text.HAL_GPIO_Init)
    HAL_GPIO_ReadPin                         0x08001b9b   Thumb Code    10  stm32f1xx_hal_gpio.o(.text.HAL_GPIO_ReadPin)
    HAL_GPIO_WritePin                        0x08001ba5   Thumb Code    10  stm32f1xx_hal_gpio.o(.text.HAL_GPIO_WritePin)
    HAL_GetTick                              0x08001baf   Thumb Code    12  stm32f1xx_hal.o(.text.HAL_GetTick)
    HAL_IncTick                              0x08001bbb   Thumb Code    26  stm32f1xx_hal.o(.text.HAL_IncTick)
    HAL_Init                                 0x08001bd5   Thumb Code    38  stm32f1xx_hal.o(.text.HAL_Init)
    HAL_InitTick                             0x08001bfb   Thumb Code    76  stm32f1xx_hal.o(.text.HAL_InitTick)
    HAL_MspInit                              0x08001c47   Thumb Code    66  stm32f1xx_hal_msp.o(.text.HAL_MspInit)
    HAL_NVIC_EnableIRQ                       0x08001c89   Thumb Code    30  stm32f1xx_hal_cortex.o(.text.HAL_NVIC_EnableIRQ)
    HAL_NVIC_SetPriority                     0x08001ca7   Thumb Code    92  stm32f1xx_hal_cortex.o(.text.HAL_NVIC_SetPriority)
    HAL_NVIC_SetPriorityGrouping             0x08001d03   Thumb Code    32  stm32f1xx_hal_cortex.o(.text.HAL_NVIC_SetPriorityGrouping)
    HAL_RCCEx_PeriphCLKConfig                0x08001d25   Thumb Code   250  stm32f1xx_hal_rcc_ex.o(.text.HAL_RCCEx_PeriphCLKConfig)
    HAL_RCC_ClockConfig                      0x08001e21   Thumb Code   360  stm32f1xx_hal_rcc.o(.text.HAL_RCC_ClockConfig)
    HAL_RCC_GetSysClockFreq                  0x08001f89   Thumb Code   108  stm32f1xx_hal_rcc.o(.text.HAL_RCC_GetSysClockFreq)
    HAL_RCC_OscConfig                        0x08001ff5   Thumb Code   836  stm32f1xx_hal_rcc.o(.text.HAL_RCC_OscConfig)
    HAL_SPI_ErrorCallback                    0x08002339   Thumb Code     2  stm32f1xx_hal_spi.o(.text.HAL_SPI_ErrorCallback)
    HAL_SPI_IRQHandler                       0x0800233b   Thumb Code   248  stm32f1xx_hal_spi.o(.text.HAL_SPI_IRQHandler)
    HAL_SPI_Init                             0x08002433   Thumb Code   122  stm32f1xx_hal_spi.o(.text.HAL_SPI_Init)
    HAL_SPI_MspInit                          0x080024ad   Thumb Code     2  stm32f1xx_hal_spi.o(.text.HAL_SPI_MspInit)
    HAL_SPI_TransmitReceive                  0x080024b1   Thumb Code   486  stm32f1xx_hal_spi.o(.text.HAL_SPI_TransmitReceive)
    HAL_SYSTICK_Config                       0x08002697   Thumb Code    44  stm32f1xx_hal_cortex.o(.text.HAL_SYSTICK_Config)
    HAL_TIMEx_MasterConfigSynchronization    0x080026c3   Thumb Code    66  stm32f1xx_hal_tim_ex.o(.text.HAL_TIMEx_MasterConfigSynchronization)
    HAL_TIM_PWM_ConfigChannel                0x08002705   Thumb Code   158  stm32f1xx_hal_tim.o(.text.HAL_TIM_PWM_ConfigChannel)
    HAL_TIM_PWM_Init                         0x080027a3   Thumb Code    52  stm32f1xx_hal_tim.o(.text.HAL_TIM_PWM_Init)
    HAL_TIM_PWM_MspInit                      0x080027d7   Thumb Code     2  stm32f1xx_hal_tim.o(.text.HAL_TIM_PWM_MspInit)
    HAL_TIM_PWM_Start                        0x080027d9   Thumb Code    66  stm32f1xx_hal_tim.o(.text.HAL_TIM_PWM_Start)
    HardFault_Handler                        0x0800281d   Thumb Code     2  stm32f1xx_it.o(.text.HardFault_Handler)
    Location_Interp_Capture_Goal             0x0800281f   Thumb Code    52  location_interp.o(.text.Location_Interp_Capture_Goal)
    Location_Interp_Init                     0x08002853   Thumb Code    18  location_interp.o(.text.Location_Interp_Init)
    Location_Interp_NewTask                  0x08002865   Thumb Code    18  location_interp.o(.text.Location_Interp_NewTask)
    Location_Tracker_Capture_Goal            0x08002877   Thumb Code   460  location_tracker.o(.text.Location_Tracker_Capture_Goal)
    Location_Tracker_Init                    0x08002a43   Thumb Code    80  location_tracker.o(.text.Location_Tracker_Init)
    Location_Tracker_NewTask                 0x08002a93   Thumb Code    20  location_tracker.o(.text.Location_Tracker_NewTask)
    Location_Tracker_Set_Default             0x08002aa7   Thumb Code    38  location_tracker.o(.text.Location_Tracker_Set_Default)
    Location_Tracker_Set_DownAcc             0x08002acd   Thumb Code    70  location_tracker.o(.text.Location_Tracker_Set_DownAcc)
    LoopIT_Priority_Overlay                  0x08002b13   Thumb Code    28  loop_it.o(.text.LoopIT_Priority_Overlay)
    LoopIT_SysTick_20KHz                     0x08002b2f   Thumb Code    40  loop_it.o(.text.LoopIT_SysTick_20KHz)
    MX_CAN_Init                              0x08002b57   Thumb Code    64  can.o(.text.MX_CAN_Init)
    MemManage_Handler                        0x08002b99   Thumb Code     2  stm32f1xx_it.o(.text.MemManage_Handler)
    Motor_Control_AdvanceCompen              0x08002b9b   Thumb Code   242  motor_control.o(.text.Motor_Control_AdvanceCompen)
    Motor_Control_Callback                   0x08002c8d   Thumb Code  1058  motor_control.o(.text.Motor_Control_Callback)
    Motor_Control_Clear_Stall                0x080030af   Thumb Code    18  motor_control.o(.text.Motor_Control_Clear_Stall)
    Motor_Control_Init                       0x080030c1   Thumb Code   104  motor_control.o(.text.Motor_Control_Init)
    Motor_Control_SetMotorMode               0x08003129   Thumb Code    16  motor_control.o(.text.Motor_Control_SetMotorMode)
    Motor_Control_Write_Goal_Location        0x08003139   Thumb Code    12  motor_control.o(.text.Motor_Control_Write_Goal_Location)
    Motor_LimitFinder_Loop                   0x08003145   Thumb Code   390  motor_control.o(.text.Motor_LimitFinder_Loop)
    Motor_LimitFinder_Start                  0x080032cb   Thumb Code    32  motor_control.o(.text.Motor_LimitFinder_Start)
    Move_Reconstruct_Capture_Goal            0x080032eb   Thumb Code   318  move_reconstruct.o(.text.Move_Reconstruct_Capture_Goal)
    Move_Reconstruct_Init                    0x08003429   Thumb Code    58  move_reconstruct.o(.text.Move_Reconstruct_Init)
    Move_Reconstruct_NewTask                 0x08003463   Thumb Code    24  move_reconstruct.o(.text.Move_Reconstruct_NewTask)
    NMI_Handler                              0x0800347b   Thumb Code     2  stm32f1xx_it.o(.text.NMI_Handler)
    PendSV_Handler                           0x0800347d   Thumb Code     2  stm32f1xx_it.o(.text.PendSV_Handler)
    REIN_GPIO_Button_Init                    0x0800347f   Thumb Code   110  gpio.o(.text.REIN_GPIO_Button_Init)
    REIN_GPIO_HwElec_Init                    0x080034ed   Thumb Code   202  gpio.o(.text.REIN_GPIO_HwElec_Init)
    REIN_GPIO_MT6816_SPI_Init                0x080035b7   Thumb Code    68  gpio.o(.text.REIN_GPIO_MT6816_SPI_Init)
    REIN_HW_Elec_Init                        0x080035fb   Thumb Code    14  hw_elec.o(.text.REIN_HW_Elec_Init)
    REIN_HW_Elec_SetBrake                    0x08003609   Thumb Code    62  hw_elec.o(.text.REIN_HW_Elec_SetBrake)
    REIN_HW_Elec_SetDivideElec               0x08003647   Thumb Code   270  hw_elec.o(.text.REIN_HW_Elec_SetDivideElec)
    REIN_HW_Elec_SetSleep                    0x08003755   Thumb Code    62  hw_elec.o(.text.REIN_HW_Elec_SetSleep)
    REIN_MT6816_Get_AngleData                0x08003793   Thumb Code    44  mt6816.o(.text.REIN_MT6816_Get_AngleData)
    REIN_MT6816_Init                         0x080037c1   Thumb Code    86  mt6816.o(.text.REIN_MT6816_Init)
    REIN_SPI_MT6816_SPI_Init                 0x08003817   Thumb Code   256  spi.o(.text.REIN_SPI_MT6816_SPI_Init)
    REIN_TIM_HwElec_Init                     0x08003917   Thumb Code   322  tim.o(.text.REIN_TIM_HwElec_Init)
    RINE_MT6816_SPI_Get_AngleData            0x08003a59   Thumb Code   196  mt6816.o(.text.RINE_MT6816_SPI_Get_AngleData)
    SPI1_IRQHandler                          0x08003b1d   Thumb Code    12  loop_it.o(.text.SPI1_IRQHandler)
    SVC_Handler                              0x08003bc1   Thumb Code     2  stm32f1xx_it.o(.text.SVC_Handler)
    Speed_Tracker_Capture_Goal               0x08003bc3   Thumb Code   236  speed_tracker.o(.text.Speed_Tracker_Capture_Goal)
    Speed_Tracker_Init                       0x08003caf   Thumb Code    54  speed_tracker.o(.text.Speed_Tracker_Init)
    Speed_Tracker_NewTask                    0x08003ce5   Thumb Code    16  speed_tracker.o(.text.Speed_Tracker_NewTask)
    Stockpile_Flash_Data_Begin               0x08003cf5   Thumb Code    14  stockpile_f103cb.o(.text.Stockpile_Flash_Data_Begin)
    Stockpile_Flash_Data_Empty               0x08003d05   Thumb Code   104  stockpile_f103cb.o(.text.Stockpile_Flash_Data_Empty)
    Stockpile_Flash_Data_End                 0x08003d6d   Thumb Code     4  stockpile_f103cb.o(.text.Stockpile_Flash_Data_End)
    Stockpile_Flash_Data_Write_Data16        0x08003d71   Thumb Code    66  stockpile_f103cb.o(.text.Stockpile_Flash_Data_Write_Data16)
    SysTick_Handler                          0x08003db3   Thumb Code    88  loop_it.o(.text.SysTick_Handler)
    SystemClock_Config                       0x08003e0b   Thumb Code    94  main.o(.text.SystemClock_Config)
    SystemInit                               0x08003e69   Thumb Code    80  system_stm32f1xx.o(.text.SystemInit)
    TIM3_IRQHandler                          0x08003eb9   Thumb Code     2  loop_it.o(.text.TIM3_IRQHandler)
    TIM_Base_SetConfig                       0x08003ebb   Thumb Code   110  stm32f1xx_hal_tim.o(.text.TIM_Base_SetConfig)
    TIM_OC2_SetConfig                        0x08003f85   Thumb Code   100  stm32f1xx_hal_tim.o(.text.TIM_OC2_SetConfig)
    USB_LP_CAN1_RX0_IRQHandler               0x08004099   Thumb Code    12  loop_it.o(.text.USB_LP_CAN1_RX0_IRQHandler)
    UsageFault_Handler                       0x080040a5   Thumb Code     2  stm32f1xx_it.o(.text.UsageFault_Handler)
    loop                                     0x080040a9   Thumb Code   152  loop.o(.text.loop)
    loop_second_base_1ms                     0x08004141   Thumb Code   190  loop.o(.text.loop_second_base_1ms)
    main                                     0x08004201   Thumb Code    14  main.o(.text.main)
    time_second_100ms_serve                  0x0800420f   Thumb Code   232  loop.o(.text.time_second_100ms_serve)
    time_second_run                          0x080042f7   Thumb Code    94  loop.o(.text.time_second_run)
    __scatterload_copy                       0x08004355   Thumb Code    14  handlers.o(i.__scatterload_copy)
    __scatterload_null                       0x08004363   Thumb Code     2  handlers.o(i.__scatterload_null)
    __scatterload_zeroinit                   0x08004365   Thumb Code    14  handlers.o(i.__scatterload_zeroinit)
    AHBPrescTable                            0x08004372   Data          16  system_stm32f1xx.o(.rodata.AHBPrescTable)
    sin_pi_m2                                0x08004382   Data        2050  sin_form.o(.rodata.sin_pi_m2)
    Region$$Table$$Base                      0x08004b84   Number         0  anon$$obj.o(Region$$Table)
    Region$$Table$$Limit                     0x08004ba4   Number         0  anon$$obj.o(Region$$Table)
    Read_QuickCali_DATA                      0x20000000   Data           4  mt6816.o(.data.Read_QuickCali_DATA)
    SystemCoreClock                          0x20000004   Data           4  system_stm32f1xx.o(.data.SystemCoreClock)
    stockpile_quick_cali                     0x20000008   Data          16  stockpile_f103cb.o(.data.stockpile_quick_cali)
    uwTickFreq                               0x20000018   Data           1  stm32f1xx_hal.o(.data.uwTickFreq)
    uwTickPrio                               0x2000001c   Data           4  stm32f1xx_hal.o(.data.uwTickPrio)
    TempAngleNow                             0x20000028   Data           2  loop.o(.bss.TempAngleNow)
    button                                   0x2000002c   Data          24  button.o(.bss.button)
    coil_a                                   0x20000044   Data           6  hw_elec.o(.bss.coil_a)
    coil_b                                   0x2000004a   Data           6  hw_elec.o(.bss.coil_b)
    current_tck                              0x20000050   Data          28  current_tracker.o(.bss.current_tck)
    dce                                      0x2000006c   Data          52  motor_control.o(.bss.dce)
    encode_cali                              0x200000a0   Data         868  encode_cali.o(.bss.encode_cali)
    hcan                                     0x20000404   Data          40  can.o(.bss.hcan)
    hspi1                                    0x2000042c   Data          88  spi.o(.bss.hspi1)
    htim2                                    0x20000484   Data          64  tim.o(.bss.htim2)
    limit_finder                             0x200004c4   Data          24  motor_control.o(.bss.limit_finder)
    lit_1ms_divider                          0x200004dc   Data           1  loop_it.o(.bss.lit_1ms_divider)
    location_interp                          0x200004e0   Data          28  location_interp.o(.bss.location_interp)
    location_tck                             0x200004fc   Data          56  location_tracker.o(.bss.location_tck)
    loop_it                                  0x20000534   Data          24  loop_it.o(.bss.loop_it)
    major_cycle_count                        0x2000054c   Data           4  loop.o(.bss.major_cycle_count)
    mc_debug                                 0x20000550   Data          12  motor_control.o(.bss.mc_debug)
    motor_control                            0x2000055c   Data         100  motor_control.o(.bss.motor_control)
    move_reco                                0x200005c0   Data          56  move_reconstruct.o(.bss.move_reco)
    mt6816                                   0x200005f8   Data           6  mt6816.o(.bss.mt6816)
    mt6816_spi                               0x200005fe   Data           6  mt6816.o(.bss.mt6816_spi)
    pFlash                                   0x20000608   Data          32  stm32f1xx_hal_flash.o(.bss.pFlash)
    pid                                      0x20000628   Data          48  motor_control.o(.bss.pid)
    speed_tck                                0x20000658   Data          28  speed_tracker.o(.bss.speed_tck)
    systick_20khz_flag                       0x20000674   Data           1  loop_it.o(.bss.systick_20khz_flag)
    time_1ms_count                           0x20000678   Data           4  loop.o(.bss.time_1ms_count)
    tx_data                                  0x20000690   Data           8  loop.o(.bss.tx_data)
    tx_header                                0x20000698   Data          24  loop.o(.bss.tx_header)
    tx_mailbox                               0x200006b0   Data           4  loop.o(.bss.tx_mailbox)
    uwTick                                   0x200006b4   Data           4  stm32f1xx_hal.o(.bss.uwTick)
    STACK                                    0x200006b8   Section     2048  startup_stm32f103xb.o(STACK)
    __initial_sp                             0x20000eb8   Data           0  startup_stm32f103xb.o(STACK)



==============================================================================

Memory Map of the image

  Image Entry point : 0x080000ed

  Load Region LR_IROM1 (Base: 0x08000000, Size: 0x00004bc8, Max: 0x00008000, ABSOLUTE)

    Execution Region ER_IROM1 (Exec base: 0x08000000, Load base: 0x08000000, Size: 0x00004ba4, Max: 0x00008000, ABSOLUTE)

    Exec Addr    Load Addr    Size         Type   Attr      Idx    E Section Name        Object

    0x08000000   0x08000000   0x000000ec   Data   RO            3    RESET               startup_stm32f103xb.o
    0x080000ec   0x080000ec   0x00000000   Code   RO         1623  * .ARM.Collect$$$$00000000  mc_w.l(entry.o)
    0x080000ec   0x080000ec   0x00000004   Code   RO         1636    .ARM.Collect$$$$00000001  mc_w.l(entry2.o)
    0x080000f0   0x080000f0   0x00000004   Code   RO         1639    .ARM.Collect$$$$00000004  mc_w.l(entry5.o)
    0x080000f4   0x080000f4   0x00000000   Code   RO         1641    .ARM.Collect$$$$00000008  mc_w.l(entry7b.o)
    0x080000f4   0x080000f4   0x00000000   Code   RO         1643    .ARM.Collect$$$$0000000A  mc_w.l(entry8b.o)
    0x080000f4   0x080000f4   0x00000008   Code   RO         1644    .ARM.Collect$$$$0000000B  mc_w.l(entry9a.o)
    0x080000fc   0x080000fc   0x00000000   Code   RO         1646    .ARM.Collect$$$$0000000D  mc_w.l(entry10a.o)
    0x080000fc   0x080000fc   0x00000000   Code   RO         1648    .ARM.Collect$$$$0000000F  mc_w.l(entry11a.o)
    0x080000fc   0x080000fc   0x00000004   Code   RO         1637    .ARM.Collect$$$$00002712  mc_w.l(entry2.o)
    0x08000100   0x08000100   0x00000024   Code   RO            4    .text               startup_stm32f103xb.o
    0x08000124   0x08000124   0x00000024   Code   RO         1626    .text               mc_w.l(memseta.o)
    0x08000148   0x08000148   0x00000064   Code   RO         1628    .text               mf_w.l(fmul.o)
    0x080001ac   0x080001ac   0x0000007c   Code   RO         1630    .text               mf_w.l(fdiv.o)
    0x08000228   0x08000228   0x00000012   Code   RO         1632    .text               mf_w.l(fflti.o)
    0x0800023a   0x0800023a   0x00000032   Code   RO         1634    .text               mf_w.l(ffixi.o)
    0x0800026c   0x0800026c   0x00000000   Code   RO         1650    .text               mc_w.l(iusefp.o)
    0x0800026c   0x0800026c   0x0000006e   Code   RO         1651    .text               mf_w.l(fepilogue.o)
    0x080002da   0x080002da   0x00000002   PAD
    0x080002dc   0x080002dc   0x00000024   Code   RO         1653    .text               mc_w.l(init.o)
    0x08000300   0x08000300   0x00000002   Code   RO          101    .text.BusFault_Handler  stm32f1xx_it.o
    0x08000302   0x08000302   0x00000002   PAD
    0x08000304   0x08000304   0x00000026   Code   RO         1549    .text.Button_Init   button.o
    0x0800032a   0x0800032a   0x00000032   Code   RO          135    .text.CAN_FilterInit  can.o
    0x0800035c   0x0800035c   0x000001a4   Code   RO         1413    .text.Calibration_Data_Check  encode_cali.o
    0x08000500   0x08000500   0x0000001c   Code   RO         1415    .text.Calibration_Init  encode_cali.o
    0x0800051c   0x0800051c   0x00000160   Code   RO         1417    .text.Calibration_Interrupt_Callback  encode_cali.o
    0x0800067c   0x0800067c   0x00000404   Code   RO         1419    .text.Calibration_Loop_Callback  encode_cali.o
    0x08000a80   0x08000a80   0x00000026   Code   RO         1328    .text.Control_Cur_To_Electric  motor_control.o
    0x08000aa6   0x08000aa6   0x0000004c   Code   RO         1352    .text.Control_DCE_Init  motor_control.o
    0x08000af2   0x08000af2   0x00000114   Code   RO         1354    .text.Control_DCE_To_Electric  motor_control.o
    0x08000c06   0x08000c06   0x00000038   Code   RO         1338    .text.Control_PID_Init  motor_control.o
    0x08000c3e   0x08000c3e   0x000000ea   Code   RO         1340    .text.Control_PID_To_Electric  motor_control.o
    0x08000d28   0x08000d28   0x000000ec   Code   RO         1487    .text.Current_Tracker_Capture_Goal  current_tracker.o
    0x08000e14   0x08000e14   0x0000002e   Code   RO         1483    .text.Current_Tracker_Init  current_tracker.o
    0x08000e42   0x08000e42   0x00000010   Code   RO         1485    .text.Current_Tracker_NewTask  current_tracker.o
    0x08000e52   0x08000e52   0x00000002   PAD
    0x08000e54   0x08000e54   0x0000005a   Code   RO         1411    .text.CycleDataAverage  encode_cali.o
    0x08000eae   0x08000eae   0x00000002   Code   RO          107    .text.DebugMon_Handler  stm32f1xx_it.o
    0x08000eb0   0x08000eb0   0x00000002   Code   RO         1605    .text.EXTI9_5_IRQHandler  loop_it.o
    0x08000eb2   0x08000eb2   0x00000002   Code   RO           15    .text.Error_Handler  main.o
    0x08000eb4   0x08000eb4   0x00000060   Code   RO          534    .text.FLASH_SetErrorCode  stm32f1xx_hal_flash.o
    0x08000f14   0x08000f14   0x00000064   Code   RO          528    .text.FLASH_WaitForLastOperation  stm32f1xx_hal_flash.o
    0x08000f78   0x08000f78   0x00000044   Code   RO           57    .text.GPIO_Status_Led_Init  gpio.o
    0x08000fbc   0x08000fbc   0x00000026   Code   RO          648    .text.HAL_CAN_ActivateNotification  stm32f1xx_hal_can.o
    0x08000fe2   0x08000fe2   0x000000a2   Code   RO          634    .text.HAL_CAN_AddTxMessage  stm32f1xx_hal_can.o
    0x08001084   0x08001084   0x000000e8   Code   RO          624    .text.HAL_CAN_ConfigFilter  stm32f1xx_hal_can.o
    0x0800116c   0x0800116c   0x00000002   Code   RO          678    .text.HAL_CAN_ErrorCallback  stm32f1xx_hal_can.o
    0x0800116e   0x0800116e   0x0000010e   Code   RO          644    .text.HAL_CAN_GetRxMessage  stm32f1xx_hal_can.o
    0x0800127c   0x0800127c   0x00000200   Code   RO          652    .text.HAL_CAN_IRQHandler  stm32f1xx_hal_can.o
    0x0800147c   0x0800147c   0x000000fc   Code   RO          614    .text.HAL_CAN_Init  stm32f1xx_hal_can.o
    0x08001578   0x08001578   0x000000aa   Code   RO          131    .text.HAL_CAN_MspInit  can.o
    0x08001622   0x08001622   0x00000002   Code   RO          666    .text.HAL_CAN_RxFifo0FullCallback  stm32f1xx_hal_can.o
    0x08001624   0x08001624   0x0000006a   Code   RO          139    .text.HAL_CAN_RxFifo0MsgPendingCallback  can.o
    0x0800168e   0x0800168e   0x00000002   Code   RO          670    .text.HAL_CAN_RxFifo1FullCallback  stm32f1xx_hal_can.o
    0x08001690   0x08001690   0x00000002   Code   RO          672    .text.HAL_CAN_RxFifo1MsgPendingCallback  stm32f1xx_hal_can.o
    0x08001692   0x08001692   0x00000002   Code   RO          674    .text.HAL_CAN_SleepCallback  stm32f1xx_hal_can.o
    0x08001694   0x08001694   0x00000058   Code   RO          626    .text.HAL_CAN_Start  stm32f1xx_hal_can.o
    0x080016ec   0x080016ec   0x00000002   Code   RO          656    .text.HAL_CAN_TxMailbox0AbortCallback  stm32f1xx_hal_can.o
    0x080016ee   0x080016ee   0x00000002   Code   RO          654    .text.HAL_CAN_TxMailbox0CompleteCallback  stm32f1xx_hal_can.o
    0x080016f0   0x080016f0   0x00000002   Code   RO          660    .text.HAL_CAN_TxMailbox1AbortCallback  stm32f1xx_hal_can.o
    0x080016f2   0x080016f2   0x00000002   Code   RO          658    .text.HAL_CAN_TxMailbox1CompleteCallback  stm32f1xx_hal_can.o
    0x080016f4   0x080016f4   0x00000002   Code   RO          664    .text.HAL_CAN_TxMailbox2AbortCallback  stm32f1xx_hal_can.o
    0x080016f6   0x080016f6   0x00000002   Code   RO          662    .text.HAL_CAN_TxMailbox2CompleteCallback  stm32f1xx_hal_can.o
    0x080016f8   0x080016f8   0x00000002   Code   RO          676    .text.HAL_CAN_WakeUpFromRxMsgCallback  stm32f1xx_hal_can.o
    0x080016fa   0x080016fa   0x000000aa   Code   RO          417    .text.HAL_DMA_Abort_IT  stm32f1xx_hal_dma.o
    0x080017a4   0x080017a4   0x00000028   Code   RO          288    .text.HAL_Delay     stm32f1xx_hal.o
    0x080017cc   0x080017cc   0x000000d4   Code   RO          562    .text.HAL_FLASHEx_Erase  stm32f1xx_hal_flash_ex.o
    0x080018a0   0x080018a0   0x00000014   Code   RO          542    .text.HAL_FLASH_Lock  stm32f1xx_hal_flash.o
    0x080018b4   0x080018b4   0x000000b6   Code   RO          526    .text.HAL_FLASH_Program  stm32f1xx_hal_flash.o
    0x0800196a   0x0800196a   0x0000002e   Code   RO          540    .text.HAL_FLASH_Unlock  stm32f1xx_hal_flash.o
    0x08001998   0x08001998   0x00000202   Code   RO          382    .text.HAL_GPIO_Init  stm32f1xx_hal_gpio.o
    0x08001b9a   0x08001b9a   0x0000000a   Code   RO          386    .text.HAL_GPIO_ReadPin  stm32f1xx_hal_gpio.o
    0x08001ba4   0x08001ba4   0x0000000a   Code   RO          388    .text.HAL_GPIO_WritePin  stm32f1xx_hal_gpio.o
    0x08001bae   0x08001bae   0x0000000c   Code   RO          280    .text.HAL_GetTick   stm32f1xx_hal.o
    0x08001bba   0x08001bba   0x0000001a   Code   RO          278    .text.HAL_IncTick   stm32f1xx_hal.o
    0x08001bd4   0x08001bd4   0x00000026   Code   RO          268    .text.HAL_Init      stm32f1xx_hal.o
    0x08001bfa   0x08001bfa   0x0000004c   Code   RO          270    .text.HAL_InitTick  stm32f1xx_hal.o
    0x08001c46   0x08001c46   0x00000042   Code   RO          119    .text.HAL_MspInit   stm32f1xx_hal_msp.o
    0x08001c88   0x08001c88   0x0000001e   Code   RO          444    .text.HAL_NVIC_EnableIRQ  stm32f1xx_hal_cortex.o
    0x08001ca6   0x08001ca6   0x0000005c   Code   RO          442    .text.HAL_NVIC_SetPriority  stm32f1xx_hal_cortex.o
    0x08001d02   0x08001d02   0x00000020   Code   RO          440    .text.HAL_NVIC_SetPriorityGrouping  stm32f1xx_hal_cortex.o
    0x08001d22   0x08001d22   0x00000002   PAD
    0x08001d24   0x08001d24   0x000000fa   Code   RO          367    .text.HAL_RCCEx_PeriphCLKConfig  stm32f1xx_hal_rcc_ex.o
    0x08001e1e   0x08001e1e   0x00000002   PAD
    0x08001e20   0x08001e20   0x00000168   Code   RO          334    .text.HAL_RCC_ClockConfig  stm32f1xx_hal_rcc.o
    0x08001f88   0x08001f88   0x0000006c   Code   RO          336    .text.HAL_RCC_GetSysClockFreq  stm32f1xx_hal_rcc.o
    0x08001ff4   0x08001ff4   0x00000344   Code   RO          332    .text.HAL_RCC_OscConfig  stm32f1xx_hal_rcc.o
    0x08002338   0x08002338   0x00000002   Code   RO          777    .text.HAL_SPI_ErrorCallback  stm32f1xx_hal_spi.o
    0x0800233a   0x0800233a   0x000000f8   Code   RO          773    .text.HAL_SPI_IRQHandler  stm32f1xx_hal_spi.o
    0x08002432   0x08002432   0x0000007a   Code   RO          695    .text.HAL_SPI_Init  stm32f1xx_hal_spi.o
    0x080024ac   0x080024ac   0x00000002   Code   RO          697    .text.HAL_SPI_MspInit  stm32f1xx_hal_spi.o
    0x080024ae   0x080024ae   0x00000002   PAD
    0x080024b0   0x080024b0   0x000001e6   Code   RO          707    .text.HAL_SPI_TransmitReceive  stm32f1xx_hal_spi.o
    0x08002696   0x08002696   0x0000002c   Code   RO          452    .text.HAL_SYSTICK_Config  stm32f1xx_hal_cortex.o
    0x080026c2   0x080026c2   0x00000042   Code   RO         1099    .text.HAL_TIMEx_MasterConfigSynchronization  stm32f1xx_hal_tim_ex.o
    0x08002704   0x08002704   0x0000009e   Code   RO          972    .text.HAL_TIM_PWM_ConfigChannel  stm32f1xx_hal_tim.o
    0x080027a2   0x080027a2   0x00000034   Code   RO          866    .text.HAL_TIM_PWM_Init  stm32f1xx_hal_tim.o
    0x080027d6   0x080027d6   0x00000002   Code   RO          868    .text.HAL_TIM_PWM_MspInit  stm32f1xx_hal_tim.o
    0x080027d8   0x080027d8   0x00000042   Code   RO          874    .text.HAL_TIM_PWM_Start  stm32f1xx_hal_tim.o
    0x0800281a   0x0800281a   0x00000002   PAD
    0x0800281c   0x0800281c   0x00000002   Code   RO           97    .text.HardFault_Handler  stm32f1xx_it.o
    0x0800281e   0x0800281e   0x00000034   Code   RO         1525    .text.Location_Interp_Capture_Goal  location_interp.o
    0x08002852   0x08002852   0x00000012   Code   RO         1521    .text.Location_Interp_Init  location_interp.o
    0x08002864   0x08002864   0x00000012   Code   RO         1523    .text.Location_Interp_NewTask  location_interp.o
    0x08002876   0x08002876   0x000001cc   Code   RO         1443    .text.Location_Tracker_Capture_Goal  location_tracker.o
    0x08002a42   0x08002a42   0x00000050   Code   RO         1439    .text.Location_Tracker_Init  location_tracker.o
    0x08002a92   0x08002a92   0x00000014   Code   RO         1441    .text.Location_Tracker_NewTask  location_tracker.o
    0x08002aa6   0x08002aa6   0x00000026   Code   RO         1437    .text.Location_Tracker_Set_Default  location_tracker.o
    0x08002acc   0x08002acc   0x00000046   Code   RO         1435    .text.Location_Tracker_Set_DownAcc  location_tracker.o
    0x08002b12   0x08002b12   0x0000001c   Code   RO         1603    .text.LoopIT_Priority_Overlay  loop_it.o
    0x08002b2e   0x08002b2e   0x00000028   Code   RO         1599    .text.LoopIT_SysTick_20KHz  loop_it.o
    0x08002b56   0x08002b56   0x00000040   Code   RO          129    .text.MX_CAN_Init   can.o
    0x08002b96   0x08002b96   0x00000002   PAD
    0x08002b98   0x08002b98   0x00000002   Code   RO           99    .text.MemManage_Handler  stm32f1xx_it.o
    0x08002b9a   0x08002b9a   0x000000f2   Code   RO         1386    .text.Motor_Control_AdvanceCompen  motor_control.o
    0x08002c8c   0x08002c8c   0x00000422   Code   RO         1384    .text.Motor_Control_Callback  motor_control.o
    0x080030ae   0x080030ae   0x00000012   Code   RO         1382    .text.Motor_Control_Clear_Stall  motor_control.o
    0x080030c0   0x080030c0   0x00000068   Code   RO         1376    .text.Motor_Control_Init  motor_control.o
    0x08003128   0x08003128   0x00000010   Code   RO         1360    .text.Motor_Control_SetMotorMode  motor_control.o
    0x08003138   0x08003138   0x0000000c   Code   RO         1366    .text.Motor_Control_Write_Goal_Location  motor_control.o
    0x08003144   0x08003144   0x00000186   Code   RO         1380    .text.Motor_LimitFinder_Loop  motor_control.o
    0x080032ca   0x080032ca   0x00000020   Code   RO         1378    .text.Motor_LimitFinder_Start  motor_control.o
    0x080032ea   0x080032ea   0x0000013e   Code   RO         1509    .text.Move_Reconstruct_Capture_Goal  move_reconstruct.o
    0x08003428   0x08003428   0x0000003a   Code   RO         1505    .text.Move_Reconstruct_Init  move_reconstruct.o
    0x08003462   0x08003462   0x00000018   Code   RO         1507    .text.Move_Reconstruct_NewTask  move_reconstruct.o
    0x0800347a   0x0800347a   0x00000002   Code   RO           95    .text.NMI_Handler   stm32f1xx_it.o
    0x0800347c   0x0800347c   0x00000002   Code   RO          109    .text.PendSV_Handler  stm32f1xx_it.o
    0x0800347e   0x0800347e   0x0000006e   Code   RO           49    .text.REIN_GPIO_Button_Init  gpio.o
    0x080034ec   0x080034ec   0x000000ca   Code   RO           51    .text.REIN_GPIO_HwElec_Init  gpio.o
    0x080035b6   0x080035b6   0x00000044   Code   RO           55    .text.REIN_GPIO_MT6816_SPI_Init  gpio.o
    0x080035fa   0x080035fa   0x0000000e   Code   RO         1272    .text.REIN_HW_Elec_Init  hw_elec.o
    0x08003608   0x08003608   0x0000003e   Code   RO         1276    .text.REIN_HW_Elec_SetBrake  hw_elec.o
    0x08003646   0x08003646   0x0000010e   Code   RO         1278    .text.REIN_HW_Elec_SetDivideElec  hw_elec.o
    0x08003754   0x08003754   0x0000003e   Code   RO         1274    .text.REIN_HW_Elec_SetSleep  hw_elec.o
    0x08003792   0x08003792   0x0000002c   Code   RO         1256    .text.REIN_MT6816_Get_AngleData  mt6816.o
    0x080037be   0x080037be   0x00000002   PAD
    0x080037c0   0x080037c0   0x00000056   Code   RO         1254    .text.REIN_MT6816_Init  mt6816.o
    0x08003816   0x08003816   0x00000100   Code   RO           68    .text.REIN_SPI_MT6816_SPI_Init  spi.o
    0x08003916   0x08003916   0x00000142   Code   RO           81    .text.REIN_TIM_HwElec_Init  tim.o
    0x08003a58   0x08003a58   0x000000c4   Code   RO         1252    .text.RINE_MT6816_SPI_Get_AngleData  mt6816.o
    0x08003b1c   0x08003b1c   0x0000000c   Code   RO         1609    .text.SPI1_IRQHandler  loop_it.o
    0x08003b28   0x08003b28   0x0000000c   Code   RO          775    .text.SPI_DMAAbortOnError  stm32f1xx_hal_spi.o
    0x08003b34   0x08003b34   0x0000008c   Code   RO          801    .text.SPI_WaitFlagStateUntilTimeout  stm32f1xx_hal_spi.o
    0x08003bc0   0x08003bc0   0x00000002   Code   RO          105    .text.SVC_Handler   stm32f1xx_it.o
    0x08003bc2   0x08003bc2   0x000000ec   Code   RO         1465    .text.Speed_Tracker_Capture_Goal  speed_tracker.o
    0x08003cae   0x08003cae   0x00000036   Code   RO         1461    .text.Speed_Tracker_Init  speed_tracker.o
    0x08003ce4   0x08003ce4   0x00000010   Code   RO         1463    .text.Speed_Tracker_NewTask  speed_tracker.o
    0x08003cf4   0x08003cf4   0x0000000e   Code   RO         1303    .text.Stockpile_Flash_Data_Begin  stockpile_f103cb.o
    0x08003d02   0x08003d02   0x00000002   PAD
    0x08003d04   0x08003d04   0x00000068   Code   RO         1301    .text.Stockpile_Flash_Data_Empty  stockpile_f103cb.o
    0x08003d6c   0x08003d6c   0x00000004   Code   RO         1305    .text.Stockpile_Flash_Data_End  stockpile_f103cb.o
    0x08003d70   0x08003d70   0x00000042   Code   RO         1309    .text.Stockpile_Flash_Data_Write_Data16  stockpile_f103cb.o
    0x08003db2   0x08003db2   0x00000058   Code   RO         1601    .text.SysTick_Handler  loop_it.o
    0x08003e0a   0x08003e0a   0x0000005e   Code   RO           13    .text.SystemClock_Config  main.o
    0x08003e68   0x08003e68   0x00000050   Code   RO         1233    .text.SystemInit    system_stm32f1xx.o
    0x08003eb8   0x08003eb8   0x00000002   Code   RO         1607    .text.TIM3_IRQHandler  loop_it.o
    0x08003eba   0x08003eba   0x0000006e   Code   RO          816    .text.TIM_Base_SetConfig  stm32f1xx_hal_tim.o
    0x08003f28   0x08003f28   0x0000005c   Code   RO          960    .text.TIM_OC1_SetConfig  stm32f1xx_hal_tim.o
    0x08003f84   0x08003f84   0x00000064   Code   RO          962    .text.TIM_OC2_SetConfig  stm32f1xx_hal_tim.o
    0x08003fe8   0x08003fe8   0x00000064   Code   RO          964    .text.TIM_OC3_SetConfig  stm32f1xx_hal_tim.o
    0x0800404c   0x0800404c   0x0000004c   Code   RO          966    .text.TIM_OC4_SetConfig  stm32f1xx_hal_tim.o
    0x08004098   0x08004098   0x0000000c   Code   RO         1611    .text.USB_LP_CAN1_RX0_IRQHandler  loop_it.o
    0x080040a4   0x080040a4   0x00000002   Code   RO          103    .text.UsageFault_Handler  stm32f1xx_it.o
    0x080040a6   0x080040a6   0x00000002   PAD
    0x080040a8   0x080040a8   0x00000098   Code   RO         1577    .text.loop          loop.o
    0x08004140   0x08004140   0x000000be   Code   RO         1575    .text.loop_second_base_1ms  loop.o
    0x080041fe   0x080041fe   0x00000002   PAD
    0x08004200   0x08004200   0x0000000e   Code   RO           11    .text.main          main.o
    0x0800420e   0x0800420e   0x000000e8   Code   RO         1571    .text.time_second_100ms_serve  loop.o
    0x080042f6   0x080042f6   0x0000005e   Code   RO         1573    .text.time_second_run  loop.o
    0x08004354   0x08004354   0x0000000e   Code   RO         1657    i.__scatterload_copy  mc_w.l(handlers.o)
    0x08004362   0x08004362   0x00000002   Code   RO         1658    i.__scatterload_null  mc_w.l(handlers.o)
    0x08004364   0x08004364   0x0000000e   Code   RO         1659    i.__scatterload_zeroinit  mc_w.l(handlers.o)
    0x08004372   0x08004372   0x00000010   Data   RO         1238    .rodata.AHBPrescTable  system_stm32f1xx.o
    0x08004382   0x08004382   0x00000802   Data   RO         1294    .rodata.sin_pi_m2   sin_form.o
    0x08004b84   0x08004b84   0x00000020   Data   RO         1656    Region$$Table       anon$$obj.o


    Execution Region RW_IRAM1 (Exec base: 0x20000000, Load base: 0x08004ba8, Size: 0x00000eb8, Max: 0x00005000, ABSOLUTE)

    Exec Addr    Load Addr    Size         Type   Attr      Idx    E Section Name        Object

    0x20000000   0x08004ba8   0x00000004   Data   RW         1258    .data.Read_QuickCali_DATA  mt6816.o
    0x20000004   0x08004bac   0x00000004   Data   RW         1237    .data.SystemCoreClock  system_stm32f1xx.o
    0x20000008   0x08004bb0   0x00000010   Data   RW         1316    .data.stockpile_quick_cali  stockpile_f103cb.o
    0x20000018   0x08004bc0   0x00000001   Data   RW          319    .data.uwTickFreq    stm32f1xx_hal.o
    0x20000019   0x08004bc1   0x00000003   PAD
    0x2000001c   0x08004bc4   0x00000004   Data   RW          318    .data.uwTickPrio    stm32f1xx_hal.o
    0x20000020        -       0x00000001   Zero   RW         1395    .bss.Motor_Control_Callback.first_call  motor_control.o
    0x20000021   0x08004bc8   0x00000003   PAD
    0x20000024        -       0x00000004   Zero   RW         1282    .bss.REIN_HW_Elec_SetDivideElec.last_elec_ma  hw_elec.o
    0x20000028        -       0x00000002   Zero   RW         1581    .bss.TempAngleNow   loop.o
    0x2000002a   0x08004bc8   0x00000002   PAD
    0x2000002c        -       0x00000018   Zero   RW         1555    .bss.button         button.o
    0x20000044        -       0x00000006   Zero   RW         1280    .bss.coil_a         hw_elec.o
    0x2000004a        -       0x00000006   Zero   RW         1281    .bss.coil_b         hw_elec.o
    0x20000050        -       0x0000001c   Zero   RW         1489    .bss.current_tck    current_tracker.o
    0x2000006c        -       0x00000034   Zero   RW         1392    .bss.dce            motor_control.o
    0x200000a0        -       0x00000364   Zero   RW         1421    .bss.encode_cali    encode_cali.o
    0x20000404        -       0x00000028   Zero   RW          141    .bss.hcan           can.o
    0x2000042c        -       0x00000058   Zero   RW           70    .bss.hspi1          spi.o
    0x20000484        -       0x00000040   Zero   RW           83    .bss.htim2          tim.o
    0x200004c4        -       0x00000018   Zero   RW         1394    .bss.limit_finder   motor_control.o
    0x200004dc        -       0x00000001   Zero   RW         1614    .bss.lit_1ms_divider  loop_it.o
    0x200004dd   0x08004bc8   0x00000003   PAD
    0x200004e0        -       0x0000001c   Zero   RW         1527    .bss.location_interp  location_interp.o
    0x200004fc        -       0x00000038   Zero   RW         1445    .bss.location_tck   location_tracker.o
    0x20000534        -       0x00000018   Zero   RW         1615    .bss.loop_it        loop_it.o
    0x2000054c        -       0x00000004   Zero   RW         1580    .bss.major_cycle_count  loop.o
    0x20000550        -       0x0000000c   Zero   RW         1393    .bss.mc_debug       motor_control.o
    0x2000055c        -       0x00000064   Zero   RW         1390    .bss.motor_control  motor_control.o
    0x200005c0        -       0x00000038   Zero   RW         1511    .bss.move_reco      move_reconstruct.o
    0x200005f8        -       0x00000006   Zero   RW         1260    .bss.mt6816         mt6816.o
    0x200005fe        -       0x00000006   Zero   RW         1259    .bss.mt6816_spi     mt6816.o
    0x20000604   0x08004bc8   0x00000004   PAD
    0x20000608        -       0x00000020   Zero   RW          552    .bss.pFlash         stm32f1xx_hal_flash.o
    0x20000628        -       0x00000030   Zero   RW         1391    .bss.pid            motor_control.o
    0x20000658        -       0x0000001c   Zero   RW         1467    .bss.speed_tck      speed_tracker.o
    0x20000674        -       0x00000001   Zero   RW         1613    .bss.systick_20khz_flag  loop_it.o
    0x20000675   0x08004bc8   0x00000003   PAD
    0x20000678        -       0x00000004   Zero   RW         1579    .bss.time_1ms_count  loop.o
    0x2000067c        -       0x00000004   Zero   RW         1589    .bss.time_second_100ms  loop.o
    0x20000680        -       0x00000004   Zero   RW         1586    .bss.time_second_10ms  loop.o
    0x20000684        -       0x00000004   Zero   RW         1590    .bss.time_second_1ms  loop.o
    0x20000688        -       0x00000004   Zero   RW         1587    .bss.time_second_20ms  loop.o
    0x2000068c        -       0x00000004   Zero   RW         1588    .bss.time_second_50ms  loop.o
    0x20000690        -       0x00000008   Zero   RW         1583    .bss.tx_data        loop.o
    0x20000698        -       0x00000018   Zero   RW         1584    .bss.tx_header      loop.o
    0x200006b0        -       0x00000004   Zero   RW         1585    .bss.tx_mailbox     loop.o
    0x200006b4        -       0x00000004   Zero   RW          320    .bss.uwTick         stm32f1xx_hal.o
    0x200006b8        -       0x00000800   Zero   RW            1    STACK               startup_stm32f103xb.o


==============================================================================

Image component sizes


      Code (inc. data)   RO Data    RW Data    ZI Data      Debug   Object Name

        38          0          0          0         24       2216   button.o
       390          0          0          0         40       6930   can.o
       298          0          0          0         28       2061   current_tracker.o
      1918          8          0          0        868       6970   encode_cali.o
       448          0          0          0          0       2267   gpio.o
       408          0          0          0         16       2207   hw_elec.o
        88          0          0          0         28       1217   location_interp.o
       668          0          0          0         56       2748   location_tracker.o
       668          0          0          0         66       3503   loop.o
       184          0          0          0         26       2588   loop_it.o
       110          0          0          0          0       1872   main.o
      2552         86          0          0        237      11171   motor_control.o
       400          0          0          0         56       2412   move_reconstruct.o
       326          0          0          4         12       2380   mt6816.o
         0          0       2050          0          0        468   sin_form.o
       306          0          0          0         28       1996   speed_tracker.o
       256          0          0          0         88       4137   spi.o
        36          8        236          0       2048        780   startup_stm32f103xb.o
       192          0          0          5          4       5657   stm32f1xx_hal.o
      1578          6          0          0          0      11887   stm32f1xx_hal_can.o
       198          0          0          0          0       7775   stm32f1xx_hal_cortex.o
       170          0          0          0          0       6822   stm32f1xx_hal_dma.o
       444          0          0          0         32       4885   stm32f1xx_hal_flash.o
       212          0          0          0          0       6485   stm32f1xx_hal_flash_ex.o
       534          4          0          0          0       4216   stm32f1xx_hal_gpio.o
        66          0          0          0          0       1183   stm32f1xx_hal_msp.o
      1304         20          0          0          0       6904   stm32f1xx_hal_rcc.o
       250          0          0          0          0       3250   stm32f1xx_hal_rcc_ex.o
      1012          0          0          0          0      19420   stm32f1xx_hal_spi.o
       756          4          0          0          0      40729   stm32f1xx_hal_tim.o
        66          0          0          0          0      15578   stm32f1xx_hal_tim_ex.o
        16          0          0          0          0        934   stm32f1xx_it.o
       188          0          0         16          0       3494   stockpile_f103cb.o
        80          0         16          4          0       2111   system_stm32f1xx.o
       322          0          0          0         64       4598   tim.o

    ----------------------------------------------------------------------
     16504        136       2334         32       3736     203851   Object Totals
         0          0         32          0          0          0   (incl. Generated)
        22          0          0          3         15          0   (incl. Padding)

    ----------------------------------------------------------------------

      Code (inc. data)   RO Data    RW Data    ZI Data      Debug   Library Member Name

         0          0          0          0          0          0   entry.o
         0          0          0          0          0          0   entry10a.o
         0          0          0          0          0          0   entry11a.o
         8          4          0          0          0          0   entry2.o
         4          0          0          0          0          0   entry5.o
         0          0          0          0          0          0   entry7b.o
         0          0          0          0          0          0   entry8b.o
         8          4          0          0          0          0   entry9a.o
        30          0          0          0          0          0   handlers.o
        36          8          0          0          0         68   init.o
         0          0          0          0          0          0   iusefp.o
        36          0          0          0          0        108   memseta.o
       124          0          0          0          0         88   fdiv.o
       110          0          0          0          0        168   fepilogue.o
        50          0          0          0          0         68   ffixi.o
        18          0          0          0          0         68   fflti.o
       100          0          0          0          0         76   fmul.o

    ----------------------------------------------------------------------
       526         16          0          0          0        644   Library Totals
         2          0          0          0          0          0   (incl. Padding)

    ----------------------------------------------------------------------

      Code (inc. data)   RO Data    RW Data    ZI Data      Debug   Library Name

       122         16          0          0          0        176   mc_w.l
       402          0          0          0          0        468   mf_w.l

    ----------------------------------------------------------------------
       526         16          0          0          0        644   Library Totals

    ----------------------------------------------------------------------

==============================================================================


      Code (inc. data)   RO Data    RW Data    ZI Data      Debug   

     17030        152       2334         32       3736     203979   Grand Totals
     17030        152       2334         32       3736     203979   ELF Image Totals
     17030        152       2334         32          0          0   ROM Totals

==============================================================================

    Total RO  Size (Code + RO Data)                19364 (  18.91kB)
    Total RW  Size (RW Data + ZI Data)              3768 (   3.68kB)
    Total ROM Size (Code + RO Data + RW Data)      19396 (  18.94kB)

==============================================================================

