<html>
<body>
<pre>
<h1>µVision Build Log</h1>
<h2>Tool Versions:</h2>
IDE-Version: ¦ÌVision V5.27.0.0
Copyright (C) 2018 ARM Ltd and ARM Germany GmbH. All rights reserved.
License Information: 1112121 PC, 2121212, LIC=CRMW3-AJUH2-792G1-C93YI-VWYZN-IS2AF
 
Tool Versions:
Toolchain:       MDK-ARM Professional  Version: 5.27.0.0
Toolchain Path:  E:\Keil5\ARM\ARMCLANG\Bin
C Compiler:      ArmClang.exe V6.11
Assembler:       Armasm.exe V6.11
Linker/Locator:  ArmLink.exe V6.11
Library Manager: ArmAr.exe V6.11
Hex Converter:   FromElf.exe V6.11
CPU DLL:         SARMCM3.DLL V5.27.0.0
Dialog DLL:      DCM.DLL V1.17.2.0
Target DLL:      Segger\JL2CM3.dll V2.99.34.0
Dialog DLL:      TCM.DLL V1.36.1.0
 
<h2>Project:</h2>
F:\stepmotor\XDrive-master(changed)\Firmware_APP\MDK-ARM\XDrive_APP.uvprojx
Project File Date:  02/28/2026

<h2>Output:</h2>
*** Using Compiler 'V6.11', folder: 'E:\Keil5\ARM\ARMCLANG\Bin'
Build target 'XDrive_APP'
compiling loop.c...
../Control/motor_control.c(563): warning: enumeration values 'LIMIT_FIND_IDLE', 'LIMIT_FIND_DONE', and 'LIMIT_FIND_FAILED' not handled in switch [-Wswitch]
    switch (limit_finder.state) {
            ^
1 warning generated.
compiling motor_control.c...
linking...
Program Size: Code=16984 RO-data=2336 RW-data=32 ZI-data=3736  
FromELF: creating hex file...
After Build - User command #1: fromelf --bin ".\XDrive_APP\XDrive_APP.axf" --output ".\BIN\xdrive_app.bin"
".\XDrive_APP\XDrive_APP.axf" - 0 Error(s), 1 Warning(s).

<h2>Software Packages used:</h2>

Package Vendor: ARM
                http://www.keil.com/pack/ARM.CMSIS.5.4.0.pack
                ARM.CMSIS.5.4.0
                CMSIS (Cortex Microcontroller Software Interface Standard)
   * Component: CORE Version: 5.1.2

Package Vendor: Keil
                http://www.keil.com/pack/Keil.STM32F1xx_DFP.2.0.0.pack
                Keil.STM32F1xx_DFP.2.0.0
                STMicroelectronics STM32F1 Series Device Support, Drivers and Examples

<h2>Collection of Component include folders:</h2>
  .\RTE\_XDrive_APP
  E:\Keil5\ARM\PACK\ARM\CMSIS\5.4.0\CMSIS\Core\Include
  E:\Keil5\ARM\PACK\Keil\STM32F1xx_DFP\2.0.0\Device\Include

<h2>Collection of Component Files used:</h2>

   * Component: ARM::CMSIS:CORE:5.1.2
Build Time Elapsed:  00:00:02
</pre>
</body>
</html>
