<html>
<body>
<pre>
<h1>µVision Build Log</h1>
<h2>Tool Versions:</h2>
IDE-Version: ¦ÌVision V5.27.0.0
Copyright (C) 2018 ARM Ltd and ARM Germany GmbH. All rights reserved.
License Information: 1112121 PC, 2121212, LIC=CRMW3-AJUH2-792G1-C93YI-VWYZN-IS2AF
 
Tool Versions:
Toolchain:       MDK-ARM Professional  Version: 5.27.0.0
Toolchain Path:  E:\Keil5\ARM\ARMCLANG\Bin
C Compiler:      ArmClang.exe V6.11
Assembler:       Armasm.exe V6.11
Linker/Locator:  ArmLink.exe V6.11
Library Manager: ArmAr.exe V6.11
Hex Converter:   FromElf.exe V6.11
CPU DLL:         SARMCM3.DLL V5.27.0.0
Dialog DLL:      DCM.DLL V1.17.2.0
Target DLL:      Segger\JL2CM3.dll V2.99.34.0
Dialog DLL:      TCM.DLL V1.36.1.0
 
<h2>Project:</h2>
F:\stepmotor\XDrive-master(changed)\Firmware_APP\MDK-ARM\XDrive_APP.uvprojx
Project File Date:  05/25/2026

<h2>Output:</h2>
*** Using Compiler 'V6.11', folder: 'E:\Keil5\ARM\ARMCLANG\Bin'
Rebuild target 'XDrive_APP'
assembling startup_stm32f103xb.s...
compiling dma.c...
compiling main.c...
compiling spi.c...
compiling gpio.c...
compiling tim.c...
compiling adc.c...
compiling stm32f1xx_it.c...
compiling stm32f1xx_hal_msp.c...
compiling stm32f1xx_hal_pcd.c...
compiling stm32f1xx_hal_pcd_ex.c...
compiling usart.c...
compiling can.c...
compiling stm32f1xx_ll_usb.c...
compiling stm32f1xx_hal_gpio_ex.c...
compiling stm32f1xx_hal.c...
compiling stm32f1xx_hal_rcc_ex.c...
compiling stm32f1xx_hal_adc_ex.c...
compiling stm32f1xx_hal_gpio.c...
compiling stm32f1xx_hal_rcc.c...
compiling stm32f1xx_hal_adc.c...
compiling stm32f1xx_hal_dma.c...
compiling stm32f1xx_hal_cortex.c...
compiling stm32f1xx_hal_pwr.c...
compiling stm32f1xx_hal_flash.c...
compiling stm32f1xx_hal_exti.c...
compiling stm32f1xx_hal_flash_ex.c...
compiling stm32f1xx_hal_can.c...
compiling system_stm32f1xx.c...
compiling kernel_port.c...
compiling stm32f1xx_hal_spi.c...
compiling stm32f1xx_hal_tim_ex.c...
compiling mt6816.c...
compiling stm32f1xx_hal_uart.c...
compiling hw_elec.c...
../Base_Drivers/uart_mixed.c(327): warning: passing 'char [256]' to parameter of type 'uint8_t *' (aka 'unsigned char *') converts between pointers to integer types with different sign [-Wpointer-sign]
  Modbus_Receive_Task(muart->buff_rx_transfer, muart->len_rx);
                      ^~~~~~~~~~~~~~~~~~~~~~~
../Base_Drivers/modbus_slave.h(31): note: passing argument to parameter 'rx_data' here
void Modbus_Receive_Task(uint8_t *rx_data, uint16_t rx_len);
                                  ^
1 warning generated.
compiling uart_mixed.c...
compiling rein_math.c...
compiling stm32f1xx_hal_tim.c...
compiling signal_port.c...
compiling modbus_slave.c...
compiling sin_form.c...
compiling control_config.c...
compiling stockpile_f103cb.c...
compiling Speed_Tracker.c...
compiling Current_Tracker.c...
compiling Location_Tracker.c...
../Control/motor_control.c(53): warning: In file included from...
../Control/Speed_Tracker.h(60): warning: 'DE_UP_ACC' macro redefined [-Wmacro-redefined]
        #define DE_UP_ACC                       (Move_Rated_UpAcc / 10)
                ^
../Control/Location_Tracker.h(64): note: previous definition is here
        #define DE_UP_ACC                       (Move_Rated_UpAcc /2)   //é»˜è®¤ é™¤ä»¥10
                ^
../Control/motor_control.c(568): warning: enumeration values 'LIMIT_FIND_IDLE', 'LIMIT_FIND_DONE', and 'LIMIT_FIND_FAILED' not handled in switch [-Wswitch]
    switch (limit_finder.state) {
            ^
2 warnings generated.
compiling motor_control.c...
compiling encode_cali.c...
compiling Location_Interp.c...
compiling Move_Reconstruct.c...
compiling power_detect.c...
compiling button.c...
compiling loop.c...
compiling loop_it.c...
linking...
Program Size: Code=17208 RO-data=2336 RW-data=32 ZI-data=3760  
FromELF: creating hex file...
After Build - User command #1: fromelf --bin ".\XDrive_APP\XDrive_APP.axf" --output ".\BIN\xdrive_app.bin"
".\XDrive_APP\XDrive_APP.axf" - 0 Error(s), 3 Warning(s).

<h2>Software Packages used:</h2>

Package Vendor: ARM
                http://www.keil.com/pack/ARM.CMSIS.5.4.0.pack
                ARM.CMSIS.5.4.0
                CMSIS (Cortex Microcontroller Software Interface Standard)
   * Component: CORE Version: 5.1.2

Package Vendor: Keil
                http://www.keil.com/pack/Keil.STM32F1xx_DFP.2.0.0.pack
                Keil.STM32F1xx_DFP.2.0.0
                STMicroelectronics STM32F1 Series Device Support, Drivers and Examples

<h2>Collection of Component include folders:</h2>
  .\RTE\_XDrive_APP
  E:\Keil5\ARM\PACK\ARM\CMSIS\5.4.0\CMSIS\Core\Include
  E:\Keil5\ARM\PACK\Keil\STM32F1xx_DFP\2.0.0\Device\Include

<h2>Collection of Component Files used:</h2>

   * Component: ARM::CMSIS:CORE:5.1.2
Build Time Elapsed:  00:00:06
</pre>
</body>
</html>
